Archive member included because of file (symbol)

/usr/local/lib/gcc/avr/4.5.3/avr35/libgcc.a(_mulhi3.o)
                              ../../../Public/LUFA110528/LUFA/Drivers/USB/Class/Common/HIDParser.o (__mulhi3)
/usr/local/lib/gcc/avr/4.5.3/avr35/libgcc.a(_exit.o)
                              /usr/local/lib/gcc/avr/4.5.3/../../../../avr/lib/avr35/crtm8u2.o (exit)
/usr/local/lib/gcc/avr/4.5.3/avr35/libgcc.a(_copy_data.o)
                              Arduino-joystick.o (__do_copy_data)
/usr/local/lib/gcc/avr/4.5.3/avr35/libgcc.a(_clear_bss.o)
                              Arduino-joystick.o (__do_clear_bss)
/usr/local/lib/gcc/avr/4.5.3/../../../../avr/lib/avr35/libc.a(memcpy_P.o)
                              ../../../Public/LUFA110528/LUFA/Drivers/USB/Class/Device/RNDIS.o (memcpy_P)
/usr/local/lib/gcc/avr/4.5.3/../../../../avr/lib/avr35/libc.a(memcmp.o)
                              ../../../Public/LUFA110528/LUFA/Drivers/USB/Class/Device/HID.o (memcmp)
/usr/local/lib/gcc/avr/4.5.3/../../../../avr/lib/avr35/libc.a(memcpy.o)
                              ../../../Public/LUFA110528/LUFA/Drivers/USB/Class/Device/HID.o (memcpy)
/usr/local/lib/gcc/avr/4.5.3/../../../../avr/lib/avr35/libc.a(memset.o)
                              ../../../Public/LUFA110528/LUFA/Drivers/USB/Class/Device/HID.o (memset)
/usr/local/lib/gcc/avr/4.5.3/../../../../avr/lib/avr35/libc.a(eerd_byte_atmega8u2.o)
                              ../../../Public/LUFA110528/LUFA/Drivers/USB/Core/EndpointStream.o (__eerd_byte_m8u2)
/usr/local/lib/gcc/avr/4.5.3/../../../../avr/lib/avr35/libc.a(eeupd_byte_atmega8u2.o)
                              ../../../Public/LUFA110528/LUFA/Drivers/USB/Core/EndpointStream.o (__eeupd_byte_m8u2)

Allocating common symbols
Common symbol       size              file

USB_IsInitialized   0x1               ../../../Public/LUFA110528/LUFA/Drivers/USB/Core/USBTask.o
BufferData          0x48              Arduino-joystick.o
USB_ControlRequest  0x8               ../../../Public/LUFA110528/LUFA/Drivers/USB/Core/USBTask.o
USB_ConfigurationNumber
                    0x1               ../../../Public/LUFA110528/LUFA/Drivers/USB/Core/DeviceStandardReq.o
PrevJoystickHIDReportBuffer
                    0x8               Arduino-joystick.o
USARTtoUSB_Buffer   0xb               Arduino-joystick.o

Discarded input sections

 .data          0x0000000000000000        0x0 /usr/local/lib/gcc/avr/4.5.3/../../../../avr/lib/avr35/crtm8u2.o
 .bss           0x0000000000000000        0x0 /usr/local/lib/gcc/avr/4.5.3/../../../../avr/lib/avr35/crtm8u2.o
 .text          0x0000000000000000        0x0 Arduino-joystick.o
 .bss           0x0000000000000000        0x0 Arduino-joystick.o
 .text.EVENT_USB_Device_UnhandledControlRequest
                0x0000000000000000        0xa Arduino-joystick.o
 .text.CALLBACK_HID_Device_ProcessHIDReport
                0x0000000000000000        0x2 Arduino-joystick.o
 .text          0x0000000000000000        0x0 Descriptors.o
 .data          0x0000000000000000        0x0 Descriptors.o
 .bss           0x0000000000000000        0x0 Descriptors.o
 .text          0x0000000000000000        0x0 ../../../Public/LUFA110528/LUFA/Drivers/USB/Core/AVR8/Device_AVR8.o
 .data          0x0000000000000000        0x0 ../../../Public/LUFA110528/LUFA/Drivers/USB/Core/AVR8/Device_AVR8.o
 .bss           0x0000000000000000        0x0 ../../../Public/LUFA110528/LUFA/Drivers/USB/Core/AVR8/Device_AVR8.o
 .text.USB_Device_SendRemoteWakeup
                0x0000000000000000       0x2e ../../../Public/LUFA110528/LUFA/Drivers/USB/Core/AVR8/Device_AVR8.o
 .text          0x0000000000000000        0x0 ../../../Public/LUFA110528/LUFA/Drivers/USB/Core/AVR8/Endpoint_AVR8.o
 .data          0x0000000000000000        0x0 ../../../Public/LUFA110528/LUFA/Drivers/USB/Core/AVR8/Endpoint_AVR8.o
 .bss           0x0000000000000000        0x0 ../../../Public/LUFA110528/LUFA/Drivers/USB/Core/AVR8/Endpoint_AVR8.o
 .text.Endpoint_ClearEndpoints
                0x0000000000000000       0x28 ../../../Public/LUFA110528/LUFA/Drivers/USB/Core/AVR8/Endpoint_AVR8.o
 .text          0x0000000000000000        0x0 ../../../Public/LUFA110528/LUFA/Drivers/USB/Core/AVR8/Host_AVR8.o
 .data          0x0000000000000000        0x0 ../../../Public/LUFA110528/LUFA/Drivers/USB/Core/AVR8/Host_AVR8.o
 .bss           0x0000000000000000        0x0 ../../../Public/LUFA110528/LUFA/Drivers/USB/Core/AVR8/Host_AVR8.o
 .text          0x0000000000000000        0x0 ../../../Public/LUFA110528/LUFA/Drivers/USB/Core/AVR8/Pipe_AVR8.o
 .data          0x0000000000000000        0x0 ../../../Public/LUFA110528/LUFA/Drivers/USB/Core/AVR8/Pipe_AVR8.o
 .bss           0x0000000000000000        0x0 ../../../Public/LUFA110528/LUFA/Drivers/USB/Core/AVR8/Pipe_AVR8.o
 .text          0x0000000000000000        0x0 ../../../Public/LUFA110528/LUFA/Drivers/USB/Core/AVR8/USBController_AVR8.o
 .data          0x0000000000000000        0x0 ../../../Public/LUFA110528/LUFA/Drivers/USB/Core/AVR8/USBController_AVR8.o
[...]
Memory Configuration

Name             Origin             Length             Attributes
text             0x0000000000000000 0x0000000000010000 xr
data             0x0000000000800060 0x000000000000ffa0 rw !x
eeprom           0x0000000000810000 0x0000000000010000 rw !x
fuse             0x0000000000820000 0x0000000000000400 rw !x
lock             0x0000000000830000 0x0000000000000400 rw !x
signature        0x0000000000840000 0x0000000000000400 rw !x
*default*        0x0000000000000000 0xffffffffffffffff

Linker script and memory map

Address of section .data set to 0x800100
LOAD /usr/local/lib/gcc/avr/4.5.3/../../../../avr/lib/avr35/crtm8u2.o
LOAD Arduino-joystick.o
LOAD Descriptors.o
LOAD ../../../Public/LUFA110528/LUFA/Drivers/USB/Core/AVR8/Device_AVR8.o
LOAD ../../../Public/LUFA110528/LUFA/Drivers/USB/Core/AVR8/Endpoint_AVR8.o
LOAD ../../../Public/LUFA110528/LUFA/Drivers/USB/Core/AVR8/Host_AVR8.o
LOAD ../../../Public/LUFA110528/LUFA/Drivers/USB/Core/AVR8/Pipe_AVR8.o
LOAD ../../../Public/LUFA110528/LUFA/Drivers/USB/Core/AVR8/USBController_AVR8.o
LOAD ../../../Public/LUFA110528/LUFA/Drivers/USB/Core/AVR8/USBInterrupt_AVR8.o
LOAD ../../../Public/LUFA110528/LUFA/Drivers/USB/Core/ConfigDescriptor.o
LOAD ../../../Public/LUFA110528/LUFA/Drivers/USB/Core/DeviceStandardReq.o
LOAD ../../../Public/LUFA110528/LUFA/Drivers/USB/Core/Events.o
LOAD ../../../Public/LUFA110528/LUFA/Drivers/USB/Core/EndpointStream.o
LOAD ../../../Public/LUFA110528/LUFA/Drivers/USB/Core/HostStandardReq.o
LOAD ../../../Public/LUFA110528/LUFA/Drivers/USB/Core/PipeStream.o
LOAD ../../../Public/LUFA110528/LUFA/Drivers/USB/Core/USBTask.o
LOAD ../../../Public/LUFA110528/LUFA/Drivers/USB/Class/Common/HIDParser.o
LOAD ../../../Public/LUFA110528/LUFA/Drivers/USB/Class/Device/Audio.o
LOAD ../../../Public/LUFA110528/LUFA/Drivers/USB/Class/Device/CDC.o
LOAD ../../../Public/LUFA110528/LUFA/Drivers/USB/Class/Device/HID.o
LOAD ../../../Public/LUFA110528/LUFA/Drivers/USB/Class/Device/MassStorage.o
LOAD ../../../Public/LUFA110528/LUFA/Drivers/USB/Class/Device/MIDI.o
LOAD ../../../Public/LUFA110528/LUFA/Drivers/USB/Class/Device/RNDIS.o
LOAD ../../../Public/LUFA110528/LUFA/Drivers/USB/Class/Host/CDC.o
LOAD ../../../Public/LUFA110528/LUFA/Drivers/USB/Class/Host/HID.o
LOAD ../../../Public/LUFA110528/LUFA/Drivers/USB/Class/Host/MassStorage.o
LOAD ../../../Public/LUFA110528/LUFA/Drivers/USB/Class/Host/MIDI.o
LOAD ../../../Public/LUFA110528/LUFA/Drivers/USB/Class/Host/Printer.o
LOAD ../../../Public/LUFA110528/LUFA/Drivers/USB/Class/Host/RNDIS.o
LOAD ../../../Public/LUFA110528/LUFA/Drivers/USB/Class/Host/StillImage.o
LOAD /usr/local/lib/gcc/avr/4.5.3/../../../../avr/lib/avr35/libm.a
LOAD /usr/local/lib/gcc/avr/4.5.3/avr35/libgcc.a
LOAD /usr/local/lib/gcc/avr/4.5.3/../../../../avr/lib/avr35/libc.a
LOAD /usr/local/lib/gcc/avr/4.5.3/avr35/libgcc.a

.hash
 *(.hash)

.dynsym
 *(.dynsym)

.dynstr
 *(.dynstr)

.gnu.version
 *(.gnu.version)

.gnu.version_d
 *(.gnu.version_d)

.gnu.version_r
 *(.gnu.version_r)

.rel.init
 *(.rel.init)

.rela.init
 *(.rela.init)

.rel.text
 *(.rel.text)
 *(.rel.text.*)
 *(.rel.gnu.linkonce.t*)

.rela.text
 *(.rela.text)
 *(.rela.text.*)
 *(.rela.gnu.linkonce.t*)

.rel.fini
 *(.rel.fini)

.rela.fini
 *(.rela.fini)

.rel.rodata
 *(.rel.rodata)
 *(.rel.rodata.*)
 *(.rel.gnu.linkonce.r*)

.rela.rodata
 *(.rela.rodata)
 *(.rela.rodata.*)
 *(.rela.gnu.linkonce.r*)

.rel.data
 *(.rel.data)
 *(.rel.data.*)
 *(.rel.gnu.linkonce.d*)

.rela.data
 *(.rela.data)
 *(.rela.data.*)
 *(.rela.gnu.linkonce.d*)

.rel.ctors
 *(.rel.ctors)

.rela.ctors
 *(.rela.ctors)

.rel.dtors
 *(.rel.dtors)

.rela.dtors
 *(.rela.dtors)

.rel.got
 *(.rel.got)

.rela.got
 *(.rela.got)

.rel.bss
 *(.rel.bss)

.rela.bss
 *(.rela.bss)

.rel.plt
 *(.rel.plt)

.rela.plt
 *(.rela.plt)

.text           0x0000000000000000      0xd20
 *(.vectors)
 .vectors       0x0000000000000000       0x98 /usr/local/lib/gcc/avr/4.5.3/../../../../avr/lib/avr35/crtm8u2.o
                0x0000000000000000                __vectors
                0x0000000000000000                __vector_default
 *(.vectors)
 *(.progmem.gcc*)
 *(.progmem*)
 .progmem.data  0x0000000000000098      0x140 Descriptors.o
                0x0000000000000098                JoystickReport
                0x000000000000016c                DeviceDescriptor
                0x000000000000017e                ConfigurationDescriptor
                0x00000000000001a0                LanguageString
                0x00000000000001a4                ManufacturerString
                0x00000000000001b2                ProductString
                0x00000000000001d8                . = ALIGN (0x2)
                0x00000000000001d8                __trampolines_start = .
 *(.trampolines)
 .trampolines   0x00000000000001d8        0x0 linker stubs
 *(.trampolines*)
                0x00000000000001d8                __trampolines_end = .
 *(.jumptables)
 *(.jumptables*)
 *(.lowtext)
 *(.lowtext*)
                0x00000000000001d8                __ctors_start = .
 *(.ctors)
                0x00000000000001d8                __ctors_end = .
                0x00000000000001d8                __dtors_start = .
 *(.dtors)
                0x00000000000001d8                __dtors_end = .
 SORT(*)(.ctors)
 SORT(*)(.dtors)
 *(.init0)
 .init0         0x00000000000001d8        0x0 /usr/local/lib/gcc/avr/4.5.3/../../../../avr/lib/avr35/crtm8u2.o
                0x00000000000001d8                __init
 *(.init0)
 *(.init1)
 *(.init1)
 *(.init2)
 .init2         0x00000000000001d8        0xc /usr/local/lib/gcc/avr/4.5.3/../../../../avr/lib/avr35/crtm8u2.o
 *(.init2)
 *(.init3)
 *(.init3)
 *(.init4)
 .init4         0x00000000000001e4       0x16 /usr/local/lib/gcc/avr/4.5.3/avr35/libgcc.a(_copy_data.o)
                0x00000000000001e4                __do_copy_data
 .init4         0x00000000000001fa       0x10 /usr/local/lib/gcc/avr/4.5.3/avr35/libgcc.a(_clear_bss.o)
                0x00000000000001fa                __do_clear_bss
 *(.init4)
 *(.init5)
 *(.init5)
 *(.init6)
 *(.init6)
 *(.init7)
 *(.init7)
 *(.init8)
 *(.init8)
 *(.init9)
 .init9         0x000000000000020a        0x4 /usr/local/lib/gcc/avr/4.5.3/../../../../avr/lib/avr35/crtm8u2.o
 *(.init9)
 *(.text)
 .text          0x000000000000020e        0x2 /usr/local/lib/gcc/avr/4.5.3/../../../../avr/lib/avr35/crtm8u2.o
                0x000000000000020e                __vector_22
                0x000000000000020e                __vector_28
                0x000000000000020e                __vector_1
                0x000000000000020e                __vector_32
                0x000000000000020e                __vector_34
                0x000000000000020e                __vector_24
                0x000000000000020e                __vector_12
                0x000000000000020e                __bad_interrupt
                0x000000000000020e                __vector_6
                0x000000000000020e                __vector_31
                0x000000000000020e                __vector_35
                0x000000000000020e                __vector_3
                0x000000000000020e                __vector_30
                0x000000000000020e                __vector_25
                0x000000000000020e                __vector_13
                0x000000000000020e                __vector_17
                0x000000000000020e                __vector_19
                0x000000000000020e                __vector_7
                0x000000000000020e                __vector_27
                0x000000000000020e                __vector_5
                0x000000000000020e                __vector_33
                0x000000000000020e                __vector_37
                0x000000000000020e                __vector_4
                0x000000000000020e                __vector_9
                0x000000000000020e                __vector_2
                0x000000000000020e                __vector_21
                0x000000000000020e                __vector_15
                0x000000000000020e                __vector_36
                0x000000000000020e                __vector_29
                0x000000000000020e                __vector_8
                0x000000000000020e                __vector_26
                0x000000000000020e                __vector_14
                0x000000000000020e                __vector_10
                0x000000000000020e                __vector_16
                0x000000000000020e                __vector_18
                0x000000000000020e                __vector_20
                0x0000000000000210                . = ALIGN (0x2)
 *(.text.*)
 .text.RingBuffer_Remove.clone.1
                0x0000000000000210       0x34 Arduino-joystick.o
 .text.SetupHardware
                0x0000000000000244       0x48 Arduino-joystick.o
                0x0000000000000244                SetupHardware
 .text.main     0x000000000000028c       0x38 Arduino-joystick.o
                0x000000000000028c                main
 .text.EVENT_USB_Device_ConfigurationChanged
                0x00000000000002c4       0x12 Arduino-joystick.o
                0x00000000000002c4                EVENT_USB_Device_ConfigurationChanged
 .text.EVENT_USB_Device_StartOfFrame
                0x00000000000002d6       0x18 Arduino-joystick.o
                0x00000000000002d6                EVENT_USB_Device_StartOfFrame
 .text.CALLBACK_HID_Device_CreateHIDReport
                0x00000000000002ee       0x6e Arduino-joystick.o
                0x00000000000002ee                CALLBACK_HID_Device_CreateHIDReport
 .text.__vector_23
                0x000000000000035c       0x92 Arduino-joystick.o
                0x000000000000035c                __vector_23
 .text.CALLBACK_USB_GetDescriptor
                0x00000000000003ee       0x7c Descriptors.o
                0x00000000000003ee                CALLBACK_USB_GetDescriptor
 .text.Endpoint_ConfigureEndpoint_Prv
                0x000000000000046a       0x68 ../../../Public/LUFA110528/LUFA/Drivers/USB/Core/AVR8/Endpoint_AVR8.o
                0x000000000000046a                Endpoint_ConfigureEndpoint_Prv
 .text.Endpoint_ClearStatusStage
                0x00000000000004d2       0x3e ../../../Public/LUFA110528/LUFA/Drivers/USB/Core/AVR8/Endpoint_AVR8.o
                0x00000000000004d2                Endpoint_ClearStatusStage
 .text.Endpoint_WaitUntilReady
                0x0000000000000510       0x62 ../../../Public/LUFA110528/LUFA/Drivers/USB/Core/AVR8/Endpoint_AVR8.o
                0x0000000000000510                Endpoint_WaitUntilReady
 .text.USB_ResetInterface
                0x0000000000000572       0x68 ../../../Public/LUFA110528/LUFA/Drivers/USB/Core/AVR8/USBController_AVR8.o
                0x0000000000000572                USB_ResetInterface
 .text.USB_Init
                0x00000000000005da       0x12 ../../../Public/LUFA110528/LUFA/Drivers/USB/Core/AVR8/USBController_AVR8.o
                0x00000000000005da                USB_Init
 .text.USB_INT_DisableAllInterrupts
                0x00000000000005ec        0x6 ../../../Public/LUFA110528/LUFA/Drivers/USB/Core/AVR8/USBInterrupt_AVR8.o
                0x00000000000005ec                USB_INT_DisableAllInterrupts
 .text.USB_INT_ClearAllInterrupts
                0x00000000000005f2        0x6 ../../../Public/LUFA110528/LUFA/Drivers/USB/Core/AVR8/USBInterrupt_AVR8.o
                0x00000000000005f2                USB_INT_ClearAllInterrupts
 .text.__vector_11
                0x00000000000005f8      0x140 ../../../Public/LUFA110528/LUFA/Drivers/USB/Core/AVR8/USBInterrupt_AVR8.o
                0x00000000000005f8                __vector_11
 .text.USB_Device_ProcessControlRequest
                0x0000000000000738      0x248 ../../../Public/LUFA110528/LUFA/Drivers/USB/Core/DeviceStandardReq.o
                0x0000000000000738                USB_Device_ProcessControlRequest
 .text.USB_Event_Stub
                0x0000000000000980        0x2 ../../../Public/LUFA110528/LUFA/Drivers/USB/Core/Events.o
                0x0000000000000980                EVENT_USB_Device_Connect
                0x0000000000000980                EVENT_USB_Device_WakeUp
                0x0000000000000980                USB_Event_Stub
                0x0000000000000980                EVENT_USB_Device_Suspend
                0x0000000000000980                EVENT_USB_Device_Disconnect
                0x0000000000000980                EVENT_USB_Device_Reset
                0x0000000000000980                EVENT_USB_Device_ControlRequest
 .text.Endpoint_Write_Stream_LE
                0x0000000000000982       0xbc ../../../Public/LUFA110528/LUFA/Drivers/USB/Core/EndpointStream.o
                0x0000000000000982                Endpoint_Write_Stream_LE
 .text.Endpoint_Write_Control_PStream_LE
                0x0000000000000a3e       0xb6 ../../../Public/LUFA110528/LUFA/Drivers/USB/Core/EndpointStream.o
                0x0000000000000a3e                Endpoint_Write_Control_PStream_LE
 .text.USB_USBTask
                0x0000000000000af4       0x24 ../../../Public/LUFA110528/LUFA/Drivers/USB/Core/USBTask.o
                0x0000000000000af4                USB_USBTask
 .text.HID_Device_ConfigureEndpoints
                0x0000000000000b18       0x58 ../../../Public/LUFA110528/LUFA/Drivers/USB/Class/Device/HID.o
                0x0000000000000b18                HID_Device_ConfigureEndpoints
 .text.HID_Device_USBTask
                0x0000000000000b70      0x172 ../../../Public/LUFA110528/LUFA/Drivers/USB/Class/Device/HID.o
                0x0000000000000b70                HID_Device_USBTask
 .text.avr-libc
                0x0000000000000ce2       0x1a /usr/local/lib/gcc/avr/4.5.3/../../../../avr/lib/avr35/libc.a(memcmp.o)
                0x0000000000000ce2                memcmp
 .text.avr-libc
                0x0000000000000cfc       0x12 /usr/local/lib/gcc/avr/4.5.3/../../../../avr/lib/avr35/libc.a(memcpy.o)
                0x0000000000000cfc                memcpy
 .text.avr-libc
                0x0000000000000d0e        0xe /usr/local/lib/gcc/avr/4.5.3/../../../../avr/lib/avr35/libc.a(memset.o)
                0x0000000000000d0e                memset
                0x0000000000000d1c                . = ALIGN (0x2)
 *(.fini9)
 .fini9         0x0000000000000d1c        0x0 /usr/local/lib/gcc/avr/4.5.3/avr35/libgcc.a(_exit.o)
                0x0000000000000d1c                exit
                0x0000000000000d1c                _exit
 *(.fini9)
 *(.fini8)
 *(.fini8)
 *(.fini7)
 *(.fini7)
 *(.fini6)
 *(.fini6)
 *(.fini5)
 *(.fini5)
 *(.fini4)
 *(.fini4)
 *(.fini3)
 *(.fini3)
 *(.fini2)
 *(.fini2)
 *(.fini1)
 *(.fini1)
 *(.fini0)
 .fini0         0x0000000000000d1c        0x4 /usr/local/lib/gcc/avr/4.5.3/avr35/libgcc.a(_exit.o)
 *(.fini0)
                0x0000000000000d20                _etext = .

.data           0x0000000000800100        0xe load address 0x0000000000000d20
                0x0000000000800100                PROVIDE (__data_start, .)
 *(.data)
 .data          0x0000000000800100        0xd Arduino-joystick.o
                0x0000000000800100                Joystick_HID_Interface
 *(.data*)
 *(.rodata)
 *(.rodata*)
 *(.gnu.linkonce.d*)
                0x000000000080010e                . = ALIGN (0x2)
 *fill*         0x000000000080010d        0x1 00
                0x000000000080010e                _edata = .
                0x000000000080010e                PROVIDE (__data_end, .)

.bss            0x000000000080010e       0x65
                0x000000000080010e                PROVIDE (__bss_start, .)
 *(.bss)
 *(.bss*)
 *(COMMON)
 COMMON         0x000000000080010e       0x5b Arduino-joystick.o
                0x000000000080010e                BufferData
                0x0000000000800156                PrevJoystickHIDReportBuffer
                0x000000000080015e                USARTtoUSB_Buffer
 COMMON         0x0000000000800169        0x1 ../../../Public/LUFA110528/LUFA/Drivers/USB/Core/DeviceStandardReq.o
                0x0000000000800169                USB_ConfigurationNumber
 COMMON         0x000000000080016a        0x9 ../../../Public/LUFA110528/LUFA/Drivers/USB/Core/USBTask.o
                0x000000000080016a                USB_IsInitialized
                0x000000000080016b                USB_ControlRequest
                0x0000000000800173                PROVIDE (__bss_end, .)
                0x0000000000000d20                __data_load_start = LOADADDR (.data)
                0x0000000000000d2e                __data_load_end = (__data_load_start + SIZEOF (.data))

.noinit         0x0000000000800173        0x0
                0x0000000000800173                PROVIDE (__noinit_start, .)
 *(.noinit*)
                0x0000000000800173                PROVIDE (__noinit_end, .)
                0x0000000000800173                _end = .
                0x0000000000800173                PROVIDE (__heap_start, .)

.eeprom         0x0000000000810000        0x0
 *(.eeprom*)
                0x0000000000810000                __eeprom_end = .

.fuse
 *(.fuse)
 *(.lfuse)
 *(.hfuse)
 *(.efuse)

.lock
 *(.lock*)

.signature
 *(.signature*)

.stab           0x0000000000000000      0xa98
 *(.stab)
 .stab          0x0000000000000000      0x6cc /usr/local/lib/gcc/avr/4.5.3/../../../../avr/lib/avr35/crtm8u2.o
 .stab          0x00000000000006cc       0x84 /usr/local/lib/gcc/avr/4.5.3/../../../../avr/lib/avr35/libc.a(memcpy_P.o)
                                         0x90 (size before relaxing)
 .stab          0x0000000000000750       0xb4 /usr/local/lib/gcc/avr/4.5.3/../../../../avr/lib/avr35/libc.a(memcmp.o)
                                         0xc0 (size before relaxing)
 .stab          0x0000000000000804       0x84 /usr/local/lib/gcc/avr/4.5.3/../../../../avr/lib/avr35/libc.a(memcpy.o)
                                         0x90 (size before relaxing)
 .stab          0x0000000000000888       0x6c /usr/local/lib/gcc/avr/4.5.3/../../../../avr/lib/avr35/libc.a(memset.o)
                                         0x78 (size before relaxing)
 .stab          0x00000000000008f4       0x90 /usr/local/lib/gcc/avr/4.5.3/../../../../avr/lib/avr35/libc.a(eerd_byte_atmega8u2.o)
                                         0x9c (size before relaxing)
 .stab          0x0000000000000984      0x114 /usr/local/lib/gcc/avr/4.5.3/../../../../avr/lib/avr35/libc.a(eeupd_byte_atmega8u2.o)
                                        0x120 (size before relaxing)

.stabstr        0x0000000000000000      0x184
 *(.stabstr)
 .stabstr       0x0000000000000000      0x184 /usr/local/lib/gcc/avr/4.5.3/../../../../avr/lib/avr35/crtm8u2.o

.stab.excl
 *(.stab.excl)

.stab.exclstr
 *(.stab.exclstr)

.stab.index
 *(.stab.index)

.stab.indexstr
 *(.stab.indexstr)

.comment
 *(.comment)

.debug
 *(.debug)

.line
 *(.line)

.debug_srcinfo
 *(.debug_srcinfo)

.debug_sfnames
 *(.debug_sfnames)

.debug_aranges  0x0000000000000000      0x478
 *(.debug_aranges)
 .debug_aranges
                0x0000000000000000       0x60 Arduino-joystick.o
 .debug_aranges
                0x0000000000000060       0x20 Descriptors.o
 .debug_aranges
                0x0000000000000080       0x20 ../../../Public/LUFA110528/LUFA/Drivers/USB/Core/AVR8/Device_AVR8.o
 .debug_aranges
                0x00000000000000a0       0x38 ../../../Public/LUFA110528/LUFA/Drivers/USB/Core/AVR8/Endpoint_AVR8.o
 .debug_aranges
                0x00000000000000d8       0x30 ../../../Public/LUFA110528/LUFA/Drivers/USB/Core/AVR8/USBController_AVR8.o
 .debug_aranges
                0x0000000000000108       0x30 ../../../Public/LUFA110528/LUFA/Drivers/USB/Core/AVR8/USBInterrupt_AVR8.o
 .debug_aranges
                0x0000000000000138       0x38 ../../../Public/LUFA110528/LUFA/Drivers/USB/Core/ConfigDescriptor.o
 .debug_aranges
                0x0000000000000170       0x20 ../../../Public/LUFA110528/LUFA/Drivers/USB/Core/DeviceStandardReq.o
 .debug_aranges
                0x0000000000000190       0x20 ../../../Public/LUFA110528/LUFA/Drivers/USB/Core/Events.o
 .debug_aranges
                0x00000000000001b0       0xc8 ../../../Public/LUFA110528/LUFA/Drivers/USB/Core/EndpointStream.o
 .debug_aranges
                0x0000000000000278       0x20 ../../../Public/LUFA110528/LUFA/Drivers/USB/Core/USBTask.o
 .debug_aranges
                0x0000000000000298       0x38 ../../../Public/LUFA110528/LUFA/Drivers/USB/Class/Common/HIDParser.o
 .debug_aranges
                0x00000000000002d0       0x28 ../../../Public/LUFA110528/LUFA/Drivers/USB/Class/Device/Audio.o
 .debug_aranges
                0x00000000000002f8       0x98 ../../../Public/LUFA110528/LUFA/Drivers/USB/Class/Device/CDC.o
 .debug_aranges
                0x0000000000000390       0x30 ../../../Public/LUFA110528/LUFA/Drivers/USB/Class/Device/HID.o
 .debug_aranges
                0x00000000000003c0       0x30 ../../../Public/LUFA110528/LUFA/Drivers/USB/Class/Device/MassStorage.o
 .debug_aranges
                0x00000000000003f0       0x40 ../../../Public/LUFA110528/LUFA/Drivers/USB/Class/Device/MIDI.o
 .debug_aranges
                0x0000000000000430       0x48 ../../../Public/LUFA110528/LUFA/Drivers/USB/Class/Device/RNDIS.o

.debug_pubnames
                0x0000000000000000      0xc77
 *(.debug_pubnames)
 .debug_pubnames
                0x0000000000000000      0x167 Arduino-joystick.o
 .debug_pubnames
                0x0000000000000167       0xb1 Descriptors.o
 .debug_pubnames
                0x0000000000000218       0x32 ../../../Public/LUFA110528/LUFA/Drivers/USB/Core/AVR8/Device_AVR8.o
 .debug_pubnames
                0x000000000000024a       0x8b ../../../Public/LUFA110528/LUFA/Drivers/USB/Core/AVR8/Endpoint_AVR8.o
 .debug_pubnames
                0x00000000000002d5       0x46 ../../../Public/LUFA110528/LUFA/Drivers/USB/Core/AVR8/USBController_AVR8.o
 .debug_pubnames
                0x000000000000031b       0x62 ../../../Public/LUFA110528/LUFA/Drivers/USB/Core/AVR8/USBInterrupt_AVR8.o
 .debug_pubnames
                0x000000000000037d       0x9b ../../../Public/LUFA110528/LUFA/Drivers/USB/Core/ConfigDescriptor.o
 .debug_pubnames
                0x0000000000000418       0x53 ../../../Public/LUFA110528/LUFA/Drivers/USB/Core/DeviceStandardReq.o
 .debug_pubnames
                0x000000000000046b       0x25 ../../../Public/LUFA110528/LUFA/Drivers/USB/Core/Events.o
 .debug_pubnames
                0x0000000000000490      0x2df ../../../Public/LUFA110528/LUFA/Drivers/USB/Core/EndpointStream.o
 .debug_pubnames
                0x000000000000076f       0x4f ../../../Public/LUFA110528/LUFA/Drivers/USB/Core/USBTask.o
 .debug_pubnames
                0x00000000000007be       0x7e ../../../Public/LUFA110528/LUFA/Drivers/USB/Class/Common/HIDParser.o
 .debug_pubnames
                0x000000000000083c       0x5d ../../../Public/LUFA110528/LUFA/Drivers/USB/Class/Device/Audio.o
 .debug_pubnames
                0x0000000000000899      0x18b ../../../Public/LUFA110528/LUFA/Drivers/USB/Class/Device/CDC.o
 .debug_pubnames
                0x0000000000000a24       0x70 ../../../Public/LUFA110528/LUFA/Drivers/USB/Class/Device/HID.o
 .debug_pubnames
                0x0000000000000a94       0x6d ../../../Public/LUFA110528/LUFA/Drivers/USB/Class/Device/MassStorage.o
 .debug_pubnames
                0x0000000000000b01       0xa6 ../../../Public/LUFA110528/LUFA/Drivers/USB/Class/Device/MIDI.o
 .debug_pubnames
                0x0000000000000ba7       0xd0 ../../../Public/LUFA110528/LUFA/Drivers/USB/Class/Device/RNDIS.o

.debug_info     0x0000000000000000     0x7e8d
 *(.debug_info)
 .debug_info    0x0000000000000000      0x9bf Arduino-joystick.o
 .debug_info    0x00000000000009bf      0x695 Descriptors.o
 .debug_info    0x0000000000001054       0xd8 ../../../Public/LUFA110528/LUFA/Drivers/USB/Core/AVR8/Device_AVR8.o
 .debug_info    0x000000000000112c      0x460 ../../../Public/LUFA110528/LUFA/Drivers/USB/Core/AVR8/Endpoint_AVR8.o
 .debug_info    0x000000000000158c        0x0 ../../../Public/LUFA110528/LUFA/Drivers/USB/Core/AVR8/Host_AVR8.o
 .debug_info    0x000000000000158c        0x0 ../../../Public/LUFA110528/LUFA/Drivers/USB/Core/AVR8/Pipe_AVR8.o
 .debug_info    0x000000000000158c      0x403 ../../../Public/LUFA110528/LUFA/Drivers/USB/Core/AVR8/USBController_AVR8.o
 .debug_info    0x000000000000198f      0x525 ../../../Public/LUFA110528/LUFA/Drivers/USB/Core/AVR8/USBInterrupt_AVR8.o
 .debug_info    0x0000000000001eb4      0x38f ../../../Public/LUFA110528/LUFA/Drivers/USB/Core/ConfigDescriptor.o
 .debug_info    0x0000000000002243      0x7e3 ../../../Public/LUFA110528/LUFA/Drivers/USB/Core/DeviceStandardReq.o
 .debug_info    0x0000000000002a26       0x85 ../../../Public/LUFA110528/LUFA/Drivers/USB/Core/Events.o
 .debug_info    0x0000000000002aab     0x154d ../../../Public/LUFA110528/LUFA/Drivers/USB/Core/EndpointStream.o
 .debug_info    0x0000000000003ff8        0x0 ../../../Public/LUFA110528/LUFA/Drivers/USB/Core/HostStandardReq.o
 .debug_info    0x0000000000003ff8        0x0 ../../../Public/LUFA110528/LUFA/Drivers/USB/Core/PipeStream.o
 .debug_info    0x0000000000003ff8      0x227 ../../../Public/LUFA110528/LUFA/Drivers/USB/Core/USBTask.o
 .debug_info    0x000000000000421f      0x6f9 ../../../Public/LUFA110528/LUFA/Drivers/USB/Class/Common/HIDParser.o
 .debug_info    0x0000000000004918      0x3d4 ../../../Public/LUFA110528/LUFA/Drivers/USB/Class/Device/Audio.o
 .debug_info    0x0000000000004cec      0xbff ../../../Public/LUFA110528/LUFA/Drivers/USB/Class/Device/CDC.o
 .debug_info    0x00000000000058eb      0x6da ../../../Public/LUFA110528/LUFA/Drivers/USB/Class/Device/HID.o
 .debug_info    0x0000000000005fc5      0x8de ../../../Public/LUFA110528/LUFA/Drivers/USB/Class/Device/MassStorage.o
 .debug_info    0x00000000000068a3      0x5cc ../../../Public/LUFA110528/LUFA/Drivers/USB/Class/Device/MIDI.o
 .debug_info    0x0000000000006e6f     0x101e ../../../Public/LUFA110528/LUFA/Drivers/USB/Class/Device/RNDIS.o
 .debug_info    0x0000000000007e8d        0x0 ../../../Public/LUFA110528/LUFA/Drivers/USB/Class/Host/CDC.o
 .debug_info    0x0000000000007e8d        0x0 ../../../Public/LUFA110528/LUFA/Drivers/USB/Class/Host/HID.o
 .debug_info    0x0000000000007e8d        0x0 ../../../Public/LUFA110528/LUFA/Drivers/USB/Class/Host/MassStorage.o
 .debug_info    0x0000000000007e8d        0x0 ../../../Public/LUFA110528/LUFA/Drivers/USB/Class/Host/MIDI.o
 .debug_info    0x0000000000007e8d        0x0 ../../../Public/LUFA110528/LUFA/Drivers/USB/Class/Host/Printer.o
 .debug_info    0x0000000000007e8d        0x0 ../../../Public/LUFA110528/LUFA/Drivers/USB/Class/Host/RNDIS.o
 .debug_info    0x0000000000007e8d        0x0 ../../../Public/LUFA110528/LUFA/Drivers/USB/Class/Host/StillImage.o
 *(.gnu.linkonce.wi.*)

.debug_abbrev   0x0000000000000000     0x1f3b
 *(.debug_abbrev)
 .debug_abbrev  0x0000000000000000      0x2b1 Arduino-joystick.o
 .debug_abbrev  0x00000000000002b1      0x194 Descriptors.o
 .debug_abbrev  0x0000000000000445       0x7d ../../../Public/LUFA110528/LUFA/Drivers/USB/Core/AVR8/Device_AVR8.o
 .debug_abbrev  0x00000000000004c2      0x191 ../../../Public/LUFA110528/LUFA/Drivers/USB/Core/AVR8/Endpoint_AVR8.o
 .debug_abbrev  0x0000000000000653        0x1 ../../../Public/LUFA110528/LUFA/Drivers/USB/Core/AVR8/Host_AVR8.o
 .debug_abbrev  0x0000000000000654        0x1 ../../../Public/LUFA110528/LUFA/Drivers/USB/Core/AVR8/Pipe_AVR8.o
 .debug_abbrev  0x0000000000000655      0x18b ../../../Public/LUFA110528/LUFA/Drivers/USB/Core/AVR8/USBController_AVR8.o
 .debug_abbrev  0x00000000000007e0      0x165 ../../../Public/LUFA110528/LUFA/Drivers/USB/Core/AVR8/USBInterrupt_AVR8.o
 .debug_abbrev  0x0000000000000945      0x155 ../../../Public/LUFA110528/LUFA/Drivers/USB/Core/ConfigDescriptor.o
 .debug_abbrev  0x0000000000000a9a      0x238 ../../../Public/LUFA110528/LUFA/Drivers/USB/Core/DeviceStandardReq.o
 .debug_abbrev  0x0000000000000cd2       0x41 ../../../Public/LUFA110528/LUFA/Drivers/USB/Core/Events.o
 .debug_abbrev  0x0000000000000d13      0x17a ../../../Public/LUFA110528/LUFA/Drivers/USB/Core/EndpointStream.o
 .debug_abbrev  0x0000000000000e8d        0x1 ../../../Public/LUFA110528/LUFA/Drivers/USB/Core/HostStandardReq.o
 .debug_abbrev  0x0000000000000e8e        0x1 ../../../Public/LUFA110528/LUFA/Drivers/USB/Core/PipeStream.o
 .debug_abbrev  0x0000000000000e8f      0x13f ../../../Public/LUFA110528/LUFA/Drivers/USB/Core/USBTask.o
 .debug_abbrev  0x0000000000000fce      0x1ec ../../../Public/LUFA110528/LUFA/Drivers/USB/Class/Common/HIDParser.o
 .debug_abbrev  0x00000000000011ba      0x198 ../../../Public/LUFA110528/LUFA/Drivers/USB/Class/Device/Audio.o
 .debug_abbrev  0x0000000000001352      0x2e2 ../../../Public/LUFA110528/LUFA/Drivers/USB/Class/Device/CDC.o
 .debug_abbrev  0x0000000000001634      0x20e ../../../Public/LUFA110528/LUFA/Drivers/USB/Class/Device/HID.o
 .debug_abbrev  0x0000000000001842      0x22c ../../../Public/LUFA110528/LUFA/Drivers/USB/Class/Device/MassStorage.o
 .debug_abbrev  0x0000000000001a6e      0x1f2 ../../../Public/LUFA110528/LUFA/Drivers/USB/Class/Device/MIDI.o
 .debug_abbrev  0x0000000000001c60      0x2d4 ../../../Public/LUFA110528/LUFA/Drivers/USB/Class/Device/RNDIS.o
 .debug_abbrev  0x0000000000001f34        0x1 ../../../Public/LUFA110528/LUFA/Drivers/USB/Class/Host/CDC.o
 .debug_abbrev  0x0000000000001f35        0x1 ../../../Public/LUFA110528/LUFA/Drivers/USB/Class/Host/HID.o
 .debug_abbrev  0x0000000000001f36        0x1 ../../../Public/LUFA110528/LUFA/Drivers/USB/Class/Host/MassStorage.o
 .debug_abbrev  0x0000000000001f37        0x1 ../../../Public/LUFA110528/LUFA/Drivers/USB/Class/Host/MIDI.o
 .debug_abbrev  0x0000000000001f38        0x1 ../../../Public/LUFA110528/LUFA/Drivers/USB/Class/Host/Printer.o
 .debug_abbrev  0x0000000000001f39        0x1 ../../../Public/LUFA110528/LUFA/Drivers/USB/Class/Host/RNDIS.o
 .debug_abbrev  0x0000000000001f3a        0x1 ../../../Public/LUFA110528/LUFA/Drivers/USB/Class/Host/StillImage.o

.debug_line     0x0000000000000000     0x6d65
 *(.debug_line)
 .debug_line    0x0000000000000000      0x64e Arduino-joystick.o
 .debug_line    0x000000000000064e      0x210 Descriptors.o
 .debug_line    0x000000000000085e      0x178 ../../../Public/LUFA110528/LUFA/Drivers/USB/Core/AVR8/Device_AVR8.o
 .debug_line    0x00000000000009d6      0x559 ../../../Public/LUFA110528/LUFA/Drivers/USB/Core/AVR8/Endpoint_AVR8.o
 .debug_line    0x0000000000000f2f       0x24 ../../../Public/LUFA110528/LUFA/Drivers/USB/Core/AVR8/Host_AVR8.o
 .debug_line    0x0000000000000f53       0x24 ../../../Public/LUFA110528/LUFA/Drivers/USB/Core/AVR8/Pipe_AVR8.o
 .debug_line    0x0000000000000f77      0x382 ../../../Public/LUFA110528/LUFA/Drivers/USB/Core/AVR8/USBController_AVR8.o
 .debug_line    0x00000000000012f9      0x4a4 ../../../Public/LUFA110528/LUFA/Drivers/USB/Core/AVR8/USBInterrupt_AVR8.o
 .debug_line    0x000000000000179d      0x280 ../../../Public/LUFA110528/LUFA/Drivers/USB/Core/ConfigDescriptor.o
 .debug_line    0x0000000000001a1d      0x603 ../../../Public/LUFA110528/LUFA/Drivers/USB/Core/DeviceStandardReq.o
 .debug_line    0x0000000000002020       0x7b ../../../Public/LUFA110528/LUFA/Drivers/USB/Core/Events.o
 .debug_line    0x000000000000209b     0x1ad7 ../../../Public/LUFA110528/LUFA/Drivers/USB/Core/EndpointStream.o
 .debug_line    0x0000000000003b72       0x24 ../../../Public/LUFA110528/LUFA/Drivers/USB/Core/HostStandardReq.o
 .debug_line    0x0000000000003b96       0x24 ../../../Public/LUFA110528/LUFA/Drivers/USB/Core/PipeStream.o
 .debug_line    0x0000000000003bba      0x1d0 ../../../Public/LUFA110528/LUFA/Drivers/USB/Core/USBTask.o
 .debug_line    0x0000000000003d8a      0x75f ../../../Public/LUFA110528/LUFA/Drivers/USB/Class/Common/HIDParser.o
 .debug_line    0x00000000000044e9      0x333 ../../../Public/LUFA110528/LUFA/Drivers/USB/Class/Device/Audio.o
 .debug_line    0x000000000000481c      0x9cd ../../../Public/LUFA110528/LUFA/Drivers/USB/Class/Device/CDC.o
 .debug_line    0x00000000000051e9      0x5ff ../../../Public/LUFA110528/LUFA/Drivers/USB/Class/Device/HID.o
 .debug_line    0x00000000000057e8      0x70c ../../../Public/LUFA110528/LUFA/Drivers/USB/Class/Device/MassStorage.o
 .debug_line    0x0000000000005ef4      0x49c ../../../Public/LUFA110528/LUFA/Drivers/USB/Class/Device/MIDI.o
 .debug_line    0x0000000000006390      0x8d9 ../../../Public/LUFA110528/LUFA/Drivers/USB/Class/Device/RNDIS.o
 .debug_line    0x0000000000006c69       0x24 ../../../Public/LUFA110528/LUFA/Drivers/USB/Class/Host/CDC.o
 .debug_line    0x0000000000006c8d       0x24 ../../../Public/LUFA110528/LUFA/Drivers/USB/Class/Host/HID.o
 .debug_line    0x0000000000006cb1       0x24 ../../../Public/LUFA110528/LUFA/Drivers/USB/Class/Host/MassStorage.o
 .debug_line    0x0000000000006cd5       0x24 ../../../Public/LUFA110528/LUFA/Drivers/USB/Class/Host/MIDI.o
 .debug_line    0x0000000000006cf9       0x24 ../../../Public/LUFA110528/LUFA/Drivers/USB/Class/Host/Printer.o
 .debug_line    0x0000000000006d1d       0x24 ../../../Public/LUFA110528/LUFA/Drivers/USB/Class/Host/RNDIS.o
 .debug_line    0x0000000000006d41       0x24 ../../../Public/LUFA110528/LUFA/Drivers/USB/Class/Host/StillImage.o

.debug_frame    0x0000000000000000      0x6b0
 *(.debug_frame)
 .debug_frame   0x0000000000000000       0xa0 Arduino-joystick.o
 .debug_frame   0x00000000000000a0       0x20 Descriptors.o
 .debug_frame   0x00000000000000c0       0x20 ../../../Public/LUFA110528/LUFA/Drivers/USB/Core/AVR8/Device_AVR8.o
 .debug_frame   0x00000000000000e0       0x50 ../../../Public/LUFA110528/LUFA/Drivers/USB/Core/AVR8/Endpoint_AVR8.o
 .debug_frame   0x0000000000000130       0x40 ../../../Public/LUFA110528/LUFA/Drivers/USB/Core/AVR8/USBController_AVR8.o
 .debug_frame   0x0000000000000170       0x40 ../../../Public/LUFA110528/LUFA/Drivers/USB/Core/AVR8/USBInterrupt_AVR8.o
 .debug_frame   0x00000000000001b0       0x50 ../../../Public/LUFA110528/LUFA/Drivers/USB/Core/ConfigDescriptor.o
 .debug_frame   0x0000000000000200       0x20 ../../../Public/LUFA110528/LUFA/Drivers/USB/Core/DeviceStandardReq.o
 .debug_frame   0x0000000000000220       0x20 ../../../Public/LUFA110528/LUFA/Drivers/USB/Core/Events.o
 .debug_frame   0x0000000000000240      0x170 ../../../Public/LUFA110528/LUFA/Drivers/USB/Core/EndpointStream.o
 .debug_frame   0x00000000000003b0       0x20 ../../../Public/LUFA110528/LUFA/Drivers/USB/Core/USBTask.o
 .debug_frame   0x00000000000003d0       0x50 ../../../Public/LUFA110528/LUFA/Drivers/USB/Class/Common/HIDParser.o
 .debug_frame   0x0000000000000420       0x30 ../../../Public/LUFA110528/LUFA/Drivers/USB/Class/Device/Audio.o
 .debug_frame   0x0000000000000450      0x110 ../../../Public/LUFA110528/LUFA/Drivers/USB/Class/Device/CDC.o
 .debug_frame   0x0000000000000560       0x40 ../../../Public/LUFA110528/LUFA/Drivers/USB/Class/Device/HID.o
 .debug_frame   0x00000000000005a0       0x40 ../../../Public/LUFA110528/LUFA/Drivers/USB/Class/Device/MassStorage.o
 .debug_frame   0x00000000000005e0       0x60 ../../../Public/LUFA110528/LUFA/Drivers/USB/Class/Device/MIDI.o
 .debug_frame   0x0000000000000640       0x70 ../../../Public/LUFA110528/LUFA/Drivers/USB/Class/Device/RNDIS.o

.debug_str      0x0000000000000000     0x310d
 *(.debug_str)
 .debug_str     0x0000000000000000      0x55f Arduino-joystick.o
                                        0x5db (size before relaxing)
 .debug_str     0x000000000000055f      0x4b1 Descriptors.o
                                        0x604 (size before relaxing)
 .debug_str     0x0000000000000a10       0x8c ../../../Public/LUFA110528/LUFA/Drivers/USB/Core/AVR8/Device_AVR8.o
                                        0x149 (size before relaxing)
 .debug_str     0x0000000000000a9c      0x33a ../../../Public/LUFA110528/LUFA/Drivers/USB/Core/AVR8/Endpoint_AVR8.o
                                        0x4c0 (size before relaxing)
 .debug_str     0x0000000000000dd6      0x1b4 ../../../Public/LUFA110528/LUFA/Drivers/USB/Core/AVR8/USBController_AVR8.o
                                        0x3db (size before relaxing)
 .debug_str     0x0000000000000f8a       0xeb ../../../Public/LUFA110528/LUFA/Drivers/USB/Core/AVR8/USBInterrupt_AVR8.o
                                        0x38e (size before relaxing)
 .debug_str     0x0000000000001075      0x245 ../../../Public/LUFA110528/LUFA/Drivers/USB/Core/ConfigDescriptor.o
                                        0x330 (size before relaxing)
 .debug_str     0x00000000000012ba      0x366 ../../../Public/LUFA110528/LUFA/Drivers/USB/Core/DeviceStandardReq.o
                                        0x663 (size before relaxing)
 .debug_str     0x0000000000001620       0x49 ../../../Public/LUFA110528/LUFA/Drivers/USB/Core/Events.o
                                         0xf8 (size before relaxing)
 .debug_str     0x0000000000001669      0x4c4 ../../../Public/LUFA110528/LUFA/Drivers/USB/Core/EndpointStream.o
                                        0x755 (size before relaxing)
 .debug_str     0x0000000000001b2d       0x7f ../../../Public/LUFA110528/LUFA/Drivers/USB/Core/USBTask.o
                                        0x288 (size before relaxing)
 .debug_str     0x0000000000001bac      0x487 ../../../Public/LUFA110528/LUFA/Drivers/USB/Class/Common/HIDParser.o
                                        0x5e6 (size before relaxing)
 .debug_str     0x0000000000002033      0x13c ../../../Public/LUFA110528/LUFA/Drivers/USB/Class/Device/Audio.o
                                        0x3d8 (size before relaxing)
 .debug_str     0x000000000000216f      0x3fd ../../../Public/LUFA110528/LUFA/Drivers/USB/Class/Device/CDC.o
                                        0x98f (size before relaxing)
 .debug_str     0x000000000000256c      0x155 ../../../Public/LUFA110528/LUFA/Drivers/USB/Class/Device/HID.o
                                        0x591 (size before relaxing)
 .debug_str     0x00000000000026c1      0x235 ../../../Public/LUFA110528/LUFA/Drivers/USB/Class/Device/MassStorage.o
                                        0x755 (size before relaxing)
 .debug_str     0x00000000000028f6      0x125 ../../../Public/LUFA110528/LUFA/Drivers/USB/Class/Device/MIDI.o
                                        0x5f4 (size before relaxing)
 .debug_str     0x0000000000002a1b      0x6f2 ../../../Public/LUFA110528/LUFA/Drivers/USB/Class/Device/RNDIS.o
                                        0xceb (size before relaxing)

.debug_loc      0x0000000000000000     0x4850
 *(.debug_loc)
 .debug_loc     0x0000000000000000      0x1b3 Arduino-joystick.o
 .debug_loc     0x00000000000001b3       0xec Descriptors.o
 .debug_loc     0x000000000000029f      0x225 ../../../Public/LUFA110528/LUFA/Drivers/USB/Core/AVR8/Endpoint_AVR8.o
 .debug_loc     0x00000000000004c4       0x13 ../../../Public/LUFA110528/LUFA/Drivers/USB/Core/AVR8/USBController_AVR8.o
 .debug_loc     0x00000000000004d7      0x17c ../../../Public/LUFA110528/LUFA/Drivers/USB/Core/AVR8/USBInterrupt_AVR8.o
 .debug_loc     0x0000000000000653      0x2bc ../../../Public/LUFA110528/LUFA/Drivers/USB/Core/ConfigDescriptor.o
 .debug_loc     0x000000000000090f      0x18d ../../../Public/LUFA110528/LUFA/Drivers/USB/Core/DeviceStandardReq.o
 .debug_loc     0x0000000000000a9c     0x1992 ../../../Public/LUFA110528/LUFA/Drivers/USB/Core/EndpointStream.o
 .debug_loc     0x000000000000242e       0x27 ../../../Public/LUFA110528/LUFA/Drivers/USB/Core/USBTask.o
 .debug_loc     0x0000000000002455      0x7c4 ../../../Public/LUFA110528/LUFA/Drivers/USB/Class/Common/HIDParser.o
 .debug_loc     0x0000000000002c19      0x200 ../../../Public/LUFA110528/LUFA/Drivers/USB/Class/Device/Audio.o
 .debug_loc     0x0000000000002e19      0x6dd ../../../Public/LUFA110528/LUFA/Drivers/USB/Class/Device/CDC.o
 .debug_loc     0x00000000000034f6      0x301 ../../../Public/LUFA110528/LUFA/Drivers/USB/Class/Device/HID.o
 .debug_loc     0x00000000000037f7      0x335 ../../../Public/LUFA110528/LUFA/Drivers/USB/Class/Device/MassStorage.o
 .debug_loc     0x0000000000003b2c      0x3a4 ../../../Public/LUFA110528/LUFA/Drivers/USB/Class/Device/MIDI.o
 .debug_loc     0x0000000000003ed0      0x980 ../../../Public/LUFA110528/LUFA/Drivers/USB/Class/Device/RNDIS.o

.debug_macinfo
 *(.debug_macinfo)
OUTPUT(Arduino-joystick.elf elf32-avr)
LOAD linker stubs

.debug_pubtypes
                0x0000000000000000      0xe1a
 .debug_pubtypes
                0x0000000000000000       0xaf Arduino-joystick.o
 .debug_pubtypes
                0x00000000000000af      0x18e Descriptors.o
 .debug_pubtypes
                0x000000000000023d       0x1e ../../../Public/LUFA110528/LUFA/Drivers/USB/Core/AVR8/Device_AVR8.o
 .debug_pubtypes
                0x000000000000025b       0x85 ../../../Public/LUFA110528/LUFA/Drivers/USB/Core/AVR8/Endpoint_AVR8.o
 .debug_pubtypes
                0x00000000000002e0       0x68 ../../../Public/LUFA110528/LUFA/Drivers/USB/Core/AVR8/USBController_AVR8.o
 .debug_pubtypes
                0x0000000000000348       0x58 ../../../Public/LUFA110528/LUFA/Drivers/USB/Core/AVR8/USBInterrupt_AVR8.o
 .debug_pubtypes
                0x00000000000003a0       0xb4 ../../../Public/LUFA110528/LUFA/Drivers/USB/Core/ConfigDescriptor.o
 .debug_pubtypes
                0x0000000000000454       0xa1 ../../../Public/LUFA110528/LUFA/Drivers/USB/Core/DeviceStandardReq.o
 .debug_pubtypes
                0x00000000000004f5       0x12 ../../../Public/LUFA110528/LUFA/Drivers/USB/Core/Events.o
 .debug_pubtypes
                0x0000000000000507       0xab ../../../Public/LUFA110528/LUFA/Drivers/USB/Core/EndpointStream.o
 .debug_pubtypes
                0x00000000000005b2       0x5c ../../../Public/LUFA110528/LUFA/Drivers/USB/Core/USBTask.o
 .debug_pubtypes
                0x000000000000060e      0x145 ../../../Public/LUFA110528/LUFA/Drivers/USB/Class/Common/HIDParser.o
 .debug_pubtypes
                0x0000000000000753       0x7f ../../../Public/LUFA110528/LUFA/Drivers/USB/Class/Device/Audio.o
 .debug_pubtypes
                0x00000000000007d2      0x138 ../../../Public/LUFA110528/LUFA/Drivers/USB/Class/Device/CDC.o
 .debug_pubtypes
                0x000000000000090a       0xad ../../../Public/LUFA110528/LUFA/Drivers/USB/Class/Device/HID.o
 .debug_pubtypes
                0x00000000000009b7      0x119 ../../../Public/LUFA110528/LUFA/Drivers/USB/Class/Device/MassStorage.o
 .debug_pubtypes
                0x0000000000000ad0       0xc7 ../../../Public/LUFA110528/LUFA/Drivers/USB/Class/Device/MIDI.o
 .debug_pubtypes
                0x0000000000000b97      0x283 ../../../Public/LUFA110528/LUFA/Drivers/USB/Class/Device/RNDIS.o

.debug_ranges   0x0000000000000000      0x7f0
 .debug_ranges  0x0000000000000000       0x50 Arduino-joystick.o
 .debug_ranges  0x0000000000000050       0x10 Descriptors.o
 .debug_ranges  0x0000000000000060       0x10 ../../../Public/LUFA110528/LUFA/Drivers/USB/Core/AVR8/Device_AVR8.o
 .debug_ranges  0x0000000000000070       0x58 ../../../Public/LUFA110528/LUFA/Drivers/USB/Core/AVR8/Endpoint_AVR8.o
 .debug_ranges  0x00000000000000c8       0x20 ../../../Public/LUFA110528/LUFA/Drivers/USB/Core/AVR8/USBController_AVR8.o
 .debug_ranges  0x00000000000000e8       0x20 ../../../Public/LUFA110528/LUFA/Drivers/USB/Core/AVR8/USBInterrupt_AVR8.o
 .debug_ranges  0x0000000000000108       0x28 ../../../Public/LUFA110528/LUFA/Drivers/USB/Core/ConfigDescriptor.o
 .debug_ranges  0x0000000000000130       0x10 ../../../Public/LUFA110528/LUFA/Drivers/USB/Core/DeviceStandardReq.o
 .debug_ranges  0x0000000000000140       0x10 ../../../Public/LUFA110528/LUFA/Drivers/USB/Core/Events.o
 .debug_ranges  0x0000000000000150      0x298 ../../../Public/LUFA110528/LUFA/Drivers/USB/Core/EndpointStream.o
 .debug_ranges  0x00000000000003e8       0x10 ../../../Public/LUFA110528/LUFA/Drivers/USB/Core/USBTask.o
 .debug_ranges  0x00000000000003f8      0x100 ../../../Public/LUFA110528/LUFA/Drivers/USB/Class/Common/HIDParser.o
 .debug_ranges  0x00000000000004f8       0x30 ../../../Public/LUFA110528/LUFA/Drivers/USB/Class/Device/Audio.o
 .debug_ranges  0x0000000000000528       0xd0 ../../../Public/LUFA110528/LUFA/Drivers/USB/Class/Device/CDC.o
 .debug_ranges  0x00000000000005f8       0x50 ../../../Public/LUFA110528/LUFA/Drivers/USB/Class/Device/HID.o
 .debug_ranges  0x0000000000000648       0x68 ../../../Public/LUFA110528/LUFA/Drivers/USB/Class/Device/MassStorage.o
 .debug_ranges  0x00000000000006b0       0x78 ../../../Public/LUFA110528/LUFA/Drivers/USB/Class/Device/MIDI.o
 .debug_ranges  0x0000000000000728       0xc8 ../../../Public/LUFA110528/LUFA/Drivers/USB/Class/Device/RNDIS.o

Cross Reference Table

Symbol                                            File
Audio_Device_ConfigureEndpoints                   ../../../Public/LUFA110528/LUFA/Drivers/USB/Class/Device/Audio.o
Audio_Device_ProcessControlRequest                ../../../Public/LUFA110528/LUFA/Drivers/USB/Class/Device/Audio.o
BufferData                                        Arduino-joystick.o
CALLBACK_HIDParser_FilterHIDReportItem            ../../../Public/LUFA110528/LUFA/Drivers/USB/Class/Common/HIDParser.o
CALLBACK_HID_Device_CreateHIDReport               Arduino-joystick.o
                                                  ../../../Public/LUFA110528/LUFA/Drivers/USB/Class/Device/HID.o
CALLBACK_HID_Device_ProcessHIDReport              Arduino-joystick.o
                                                  ../../../Public/LUFA110528/LUFA/Drivers/USB/Class/Device/HID.o
CALLBACK_MS_Device_SCSICommandReceived            ../../../Public/LUFA110528/LUFA/Drivers/USB/Class/Device/MassStorage.o
CALLBACK_USB_GetDescriptor                        Descriptors.o
                                                  ../../../Public/LUFA110528/LUFA/Drivers/USB/Core/DeviceStandardReq.o
CDC_Device_BytesReceived                          ../../../Public/LUFA110528/LUFA/Drivers/USB/Class/Device/CDC.o
CDC_Device_ConfigureEndpoints                     ../../../Public/LUFA110528/LUFA/Drivers/USB/Class/Device/CDC.o
CDC_Device_CreateBlockingStream                   ../../../Public/LUFA110528/LUFA/Drivers/USB/Class/Device/CDC.o
CDC_Device_CreateStream                           ../../../Public/LUFA110528/LUFA/Drivers/USB/Class/Device/CDC.o
CDC_Device_Event_Stub                             ../../../Public/LUFA110528/LUFA/Drivers/USB/Class/Device/CDC.o
CDC_Device_Flush                                  ../../../Public/LUFA110528/LUFA/Drivers/USB/Class/Device/CDC.o
CDC_Device_ProcessControlRequest                  ../../../Public/LUFA110528/LUFA/Drivers/USB/Class/Device/CDC.o
CDC_Device_ReceiveByte                            ../../../Public/LUFA110528/LUFA/Drivers/USB/Class/Device/CDC.o
CDC_Device_SendByte                               ../../../Public/LUFA110528/LUFA/Drivers/USB/Class/Device/CDC.o
CDC_Device_SendControlLineStateChange             ../../../Public/LUFA110528/LUFA/Drivers/USB/Class/Device/CDC.o
CDC_Device_SendData                               ../../../Public/LUFA110528/LUFA/Drivers/USB/Class/Device/CDC.o
CDC_Device_SendString                             ../../../Public/LUFA110528/LUFA/Drivers/USB/Class/Device/CDC.o
CDC_Device_USBTask                                ../../../Public/LUFA110528/LUFA/Drivers/USB/Class/Device/CDC.o
ConfigurationDescriptor                           Descriptors.o
DeviceDescriptor                                  Descriptors.o
EVENT_CDC_Device_BreakSent                        ../../../Public/LUFA110528/LUFA/Drivers/USB/Class/Device/CDC.o
EVENT_CDC_Device_ControLineStateChanged           ../../../Public/LUFA110528/LUFA/Drivers/USB/Class/Device/CDC.o
EVENT_CDC_Device_LineEncodingChanged              ../../../Public/LUFA110528/LUFA/Drivers/USB/Class/Device/CDC.o
EVENT_USB_Device_ConfigurationChanged             Arduino-joystick.o
                                                  ../../../Public/LUFA110528/LUFA/Drivers/USB/Core/DeviceStandardReq.o
EVENT_USB_Device_Connect                          ../../../Public/LUFA110528/LUFA/Drivers/USB/Core/Events.o
                                                  ../../../Public/LUFA110528/LUFA/Drivers/USB/Core/AVR8/USBInterrupt_AVR8.o
EVENT_USB_Device_ControlRequest                   ../../../Public/LUFA110528/LUFA/Drivers/USB/Core/Events.o
                                                  ../../../Public/LUFA110528/LUFA/Drivers/USB/Core/DeviceStandardReq.o
EVENT_USB_Device_Disconnect                       ../../../Public/LUFA110528/LUFA/Drivers/USB/Core/Events.o
                                                  ../../../Public/LUFA110528/LUFA/Drivers/USB/Core/AVR8/USBInterrupt_AVR8.o
EVENT_USB_Device_Reset                            ../../../Public/LUFA110528/LUFA/Drivers/USB/Core/Events.o
                                                  ../../../Public/LUFA110528/LUFA/Drivers/USB/Core/AVR8/USBInterrupt_AVR8.o
EVENT_USB_Device_StartOfFrame                     Arduino-joystick.o
                                                  ../../../Public/LUFA110528/LUFA/Drivers/USB/Core/AVR8/USBInterrupt_AVR8.o
EVENT_USB_Device_Suspend                          ../../../Public/LUFA110528/LUFA/Drivers/USB/Core/Events.o
EVENT_USB_Device_UnhandledControlRequest          Arduino-joystick.o
EVENT_USB_Device_WakeUp                           ../../../Public/LUFA110528/LUFA/Drivers/USB/Core/Events.o
Endpoint_ClearEndpoints                           ../../../Public/LUFA110528/LUFA/Drivers/USB/Core/AVR8/Endpoint_AVR8.o
Endpoint_ClearStatusStage                         ../../../Public/LUFA110528/LUFA/Drivers/USB/Core/AVR8/Endpoint_AVR8.o
                                                  ../../../Public/LUFA110528/LUFA/Drivers/USB/Class/Device/MassStorage.o
                                                  ../../../Public/LUFA110528/LUFA/Drivers/USB/Class/Device/HID.o
                                                  ../../../Public/LUFA110528/LUFA/Drivers/USB/Class/Device/CDC.o
                                                  ../../../Public/LUFA110528/LUFA/Drivers/USB/Class/Device/Audio.o
                                                  ../../../Public/LUFA110528/LUFA/Drivers/USB/Core/DeviceStandardReq.o
Endpoint_ConfigureEndpoint_Prv                    ../../../Public/LUFA110528/LUFA/Drivers/USB/Core/AVR8/Endpoint_AVR8.o
                                                  ../../../Public/LUFA110528/LUFA/Drivers/USB/Class/Device/RNDIS.o
                                                  ../../../Public/LUFA110528/LUFA/Drivers/USB/Class/Device/MIDI.o
                                                  ../../../Public/LUFA110528/LUFA/Drivers/USB/Class/Device/MassStorage.o
                                                  ../../../Public/LUFA110528/LUFA/Drivers/USB/Class/Device/HID.o
                                                  ../../../Public/LUFA110528/LUFA/Drivers/USB/Class/Device/CDC.o
                                                  ../../../Public/LUFA110528/LUFA/Drivers/USB/Class/Device/Audio.o
                                                  ../../../Public/LUFA110528/LUFA/Drivers/USB/Core/AVR8/USBInterrupt_AVR8.o
                                                  ../../../Public/LUFA110528/LUFA/Drivers/USB/Core/AVR8/USBController_AVR8.o
Endpoint_Discard_Stream                           ../../../Public/LUFA110528/LUFA/Drivers/USB/Core/EndpointStream.o
Endpoint_Null_Stream                              ../../../Public/LUFA110528/LUFA/Drivers/USB/Core/EndpointStream.o
Endpoint_Read_Control_EStream_BE                  ../../../Public/LUFA110528/LUFA/Drivers/USB/Core/EndpointStream.o
Endpoint_Read_Control_EStream_LE                  ../../../Public/LUFA110528/LUFA/Drivers/USB/Core/EndpointStream.o
Endpoint_Read_Control_Stream_BE                   ../../../Public/LUFA110528/LUFA/Drivers/USB/Core/EndpointStream.o
Endpoint_Read_Control_Stream_LE                   ../../../Public/LUFA110528/LUFA/Drivers/USB/Core/EndpointStream.o
                                                  ../../../Public/LUFA110528/LUFA/Drivers/USB/Class/Device/RNDIS.o
                                                  ../../../Public/LUFA110528/LUFA/Drivers/USB/Class/Device/HID.o
                                                  ../../../Public/LUFA110528/LUFA/Drivers/USB/Class/Device/CDC.o
Endpoint_Read_EStream_BE                          ../../../Public/LUFA110528/LUFA/Drivers/USB/Core/EndpointStream.o
Endpoint_Read_EStream_LE                          ../../../Public/LUFA110528/LUFA/Drivers/USB/Core/EndpointStream.o
Endpoint_Read_Stream_BE                           ../../../Public/LUFA110528/LUFA/Drivers/USB/Core/EndpointStream.o
Endpoint_Read_Stream_LE                           ../../../Public/LUFA110528/LUFA/Drivers/USB/Core/EndpointStream.o
                                                  ../../../Public/LUFA110528/LUFA/Drivers/USB/Class/Device/RNDIS.o
                                                  ../../../Public/LUFA110528/LUFA/Drivers/USB/Class/Device/MIDI.o
                                                  ../../../Public/LUFA110528/LUFA/Drivers/USB/Class/Device/MassStorage.o
Endpoint_WaitUntilReady                           ../../../Public/LUFA110528/LUFA/Drivers/USB/Core/AVR8/Endpoint_AVR8.o
                                                  ../../../Public/LUFA110528/LUFA/Drivers/USB/Class/Device/RNDIS.o
                                                  ../../../Public/LUFA110528/LUFA/Drivers/USB/Class/Device/MIDI.o
                                                  ../../../Public/LUFA110528/LUFA/Drivers/USB/Class/Device/CDC.o
                                                  ../../../Public/LUFA110528/LUFA/Drivers/USB/Core/EndpointStream.o
Endpoint_Write_Control_EStream_BE                 ../../../Public/LUFA110528/LUFA/Drivers/USB/Core/EndpointStream.o
Endpoint_Write_Control_EStream_LE                 ../../../Public/LUFA110528/LUFA/Drivers/USB/Core/EndpointStream.o
Endpoint_Write_Control_PStream_BE                 ../../../Public/LUFA110528/LUFA/Drivers/USB/Core/EndpointStream.o
Endpoint_Write_Control_PStream_LE                 ../../../Public/LUFA110528/LUFA/Drivers/USB/Core/EndpointStream.o
                                                  ../../../Public/LUFA110528/LUFA/Drivers/USB/Core/DeviceStandardReq.o
Endpoint_Write_Control_Stream_BE                  ../../../Public/LUFA110528/LUFA/Drivers/USB/Core/EndpointStream.o
Endpoint_Write_Control_Stream_LE                  ../../../Public/LUFA110528/LUFA/Drivers/USB/Core/EndpointStream.o
                                                  ../../../Public/LUFA110528/LUFA/Drivers/USB/Class/Device/RNDIS.o
                                                  ../../../Public/LUFA110528/LUFA/Drivers/USB/Class/Device/HID.o
                                                  ../../../Public/LUFA110528/LUFA/Drivers/USB/Class/Device/CDC.o
Endpoint_Write_EStream_BE                         ../../../Public/LUFA110528/LUFA/Drivers/USB/Core/EndpointStream.o
Endpoint_Write_EStream_LE                         ../../../Public/LUFA110528/LUFA/Drivers/USB/Core/EndpointStream.o
Endpoint_Write_PStream_BE                         ../../../Public/LUFA110528/LUFA/Drivers/USB/Core/EndpointStream.o
Endpoint_Write_PStream_LE                         ../../../Public/LUFA110528/LUFA/Drivers/USB/Core/EndpointStream.o
Endpoint_Write_Stream_BE                          ../../../Public/LUFA110528/LUFA/Drivers/USB/Core/EndpointStream.o
Endpoint_Write_Stream_LE                          ../../../Public/LUFA110528/LUFA/Drivers/USB/Core/EndpointStream.o
                                                  ../../../Public/LUFA110528/LUFA/Drivers/USB/Class/Device/RNDIS.o
                                                  ../../../Public/LUFA110528/LUFA/Drivers/USB/Class/Device/MIDI.o
                                                  ../../../Public/LUFA110528/LUFA/Drivers/USB/Class/Device/MassStorage.o
                                                  ../../../Public/LUFA110528/LUFA/Drivers/USB/Class/Device/HID.o
                                                  ../../../Public/LUFA110528/LUFA/Drivers/USB/Class/Device/CDC.o
HID_Device_ConfigureEndpoints                     ../../../Public/LUFA110528/LUFA/Drivers/USB/Class/Device/HID.o
                                                  Arduino-joystick.o
HID_Device_ProcessControlRequest                  ../../../Public/LUFA110528/LUFA/Drivers/USB/Class/Device/HID.o
                                                  Arduino-joystick.o
HID_Device_USBTask                                ../../../Public/LUFA110528/LUFA/Drivers/USB/Class/Device/HID.o
                                                  Arduino-joystick.o
JoystickReport                                    Descriptors.o
Joystick_HID_Interface                            Arduino-joystick.o
LanguageString                                    Descriptors.o
MIDI_Device_ConfigureEndpoints                    ../../../Public/LUFA110528/LUFA/Drivers/USB/Class/Device/MIDI.o
MIDI_Device_Flush                                 ../../../Public/LUFA110528/LUFA/Drivers/USB/Class/Device/MIDI.o
MIDI_Device_ReceiveEventPacket                    ../../../Public/LUFA110528/LUFA/Drivers/USB/Class/Device/MIDI.o
MIDI_Device_SendEventPacket                       ../../../Public/LUFA110528/LUFA/Drivers/USB/Class/Device/MIDI.o
MIDI_Device_USBTask                               ../../../Public/LUFA110528/LUFA/Drivers/USB/Class/Device/MIDI.o
MS_Device_ConfigureEndpoints                      ../../../Public/LUFA110528/LUFA/Drivers/USB/Class/Device/MassStorage.o
MS_Device_ProcessControlRequest                   ../../../Public/LUFA110528/LUFA/Drivers/USB/Class/Device/MassStorage.o
MS_Device_USBTask                                 ../../../Public/LUFA110528/LUFA/Drivers/USB/Class/Device/MassStorage.o
ManufacturerString                                Descriptors.o
PrevJoystickHIDReportBuffer                       Arduino-joystick.o
ProductString                                     Descriptors.o
RNDIS_Device_ConfigureEndpoints                   ../../../Public/LUFA110528/LUFA/Drivers/USB/Class/Device/RNDIS.o
RNDIS_Device_IsPacketReceived                     ../../../Public/LUFA110528/LUFA/Drivers/USB/Class/Device/RNDIS.o
RNDIS_Device_ProcessControlRequest                ../../../Public/LUFA110528/LUFA/Drivers/USB/Class/Device/RNDIS.o
RNDIS_Device_ReadPacket                           ../../../Public/LUFA110528/LUFA/Drivers/USB/Class/Device/RNDIS.o
RNDIS_Device_SendPacket                           ../../../Public/LUFA110528/LUFA/Drivers/USB/Class/Device/RNDIS.o
RNDIS_Device_USBTask                              ../../../Public/LUFA110528/LUFA/Drivers/USB/Class/Device/RNDIS.o
SetupHardware                                     Arduino-joystick.o
USARTtoUSB_Buffer                                 Arduino-joystick.o
USB_ConfigurationNumber                           ../../../Public/LUFA110528/LUFA/Drivers/USB/Core/DeviceStandardReq.o
                                                  ../../../Public/LUFA110528/LUFA/Drivers/USB/Core/AVR8/USBInterrupt_AVR8.o
                                                  ../../../Public/LUFA110528/LUFA/Drivers/USB/Core/AVR8/USBController_AVR8.o
USB_ControlRequest                                ../../../Public/LUFA110528/LUFA/Drivers/USB/Class/Device/RNDIS.o
                                                  ../../../Public/LUFA110528/LUFA/Drivers/USB/Class/Device/MassStorage.o
                                                  ../../../Public/LUFA110528/LUFA/Drivers/USB/Class/Device/HID.o
                                                  ../../../Public/LUFA110528/LUFA/Drivers/USB/Class/Device/CDC.o
                                                  ../../../Public/LUFA110528/LUFA/Drivers/USB/Class/Device/Audio.o
                                                  ../../../Public/LUFA110528/LUFA/Drivers/USB/Core/USBTask.o
                                                  ../../../Public/LUFA110528/LUFA/Drivers/USB/Core/EndpointStream.o
                                                  ../../../Public/LUFA110528/LUFA/Drivers/USB/Core/DeviceStandardReq.o
                                                  ../../../Public/LUFA110528/LUFA/Drivers/USB/Core/AVR8/Endpoint_AVR8.o
USB_Device_ProcessControlRequest                  ../../../Public/LUFA110528/LUFA/Drivers/USB/Core/DeviceStandardReq.o
                                                  ../../../Public/LUFA110528/LUFA/Drivers/USB/Core/USBTask.o
USB_Device_SendRemoteWakeup                       ../../../Public/LUFA110528/LUFA/Drivers/USB/Core/AVR8/Device_AVR8.o
USB_Disable                                       ../../../Public/LUFA110528/LUFA/Drivers/USB/Core/AVR8/USBController_AVR8.o
USB_Event_Stub                                    ../../../Public/LUFA110528/LUFA/Drivers/USB/Core/Events.o
USB_GetHIDReportItemInfo                          ../../../Public/LUFA110528/LUFA/Drivers/USB/Class/Common/HIDParser.o
USB_GetHIDReportSize                              ../../../Public/LUFA110528/LUFA/Drivers/USB/Class/Common/HIDParser.o
USB_GetNextDescriptorComp                         ../../../Public/LUFA110528/LUFA/Drivers/USB/Core/ConfigDescriptor.o
USB_GetNextDescriptorOfType                       ../../../Public/LUFA110528/LUFA/Drivers/USB/Core/ConfigDescriptor.o
USB_GetNextDescriptorOfTypeAfter                  ../../../Public/LUFA110528/LUFA/Drivers/USB/Core/ConfigDescriptor.o
USB_GetNextDescriptorOfTypeBefore                 ../../../Public/LUFA110528/LUFA/Drivers/USB/Core/ConfigDescriptor.o
USB_INT_ClearAllInterrupts                        ../../../Public/LUFA110528/LUFA/Drivers/USB/Core/AVR8/USBInterrupt_AVR8.o
                                                  ../../../Public/LUFA110528/LUFA/Drivers/USB/Core/AVR8/USBController_AVR8.o
USB_INT_DisableAllInterrupts                      ../../../Public/LUFA110528/LUFA/Drivers/USB/Core/AVR8/USBInterrupt_AVR8.o
                                                  ../../../Public/LUFA110528/LUFA/Drivers/USB/Core/AVR8/USBController_AVR8.o
USB_Init                                          ../../../Public/LUFA110528/LUFA/Drivers/USB/Core/AVR8/USBController_AVR8.o
                                                  Arduino-joystick.o
USB_IsInitialized                                 ../../../Public/LUFA110528/LUFA/Drivers/USB/Core/USBTask.o
                                                  ../../../Public/LUFA110528/LUFA/Drivers/USB/Core/AVR8/USBController_AVR8.o
USB_ProcessHIDReport                              ../../../Public/LUFA110528/LUFA/Drivers/USB/Class/Common/HIDParser.o
USB_ResetInterface                                ../../../Public/LUFA110528/LUFA/Drivers/USB/Core/AVR8/USBController_AVR8.o
USB_SetHIDReportItemInfo                          ../../../Public/LUFA110528/LUFA/Drivers/USB/Class/Common/HIDParser.o
USB_USBTask                                       ../../../Public/LUFA110528/LUFA/Drivers/USB/Core/USBTask.o
                                                  ../../../Public/LUFA110528/LUFA/Drivers/USB/Class/Device/MassStorage.o
                                                  ../../../Public/LUFA110528/LUFA/Drivers/USB/Class/Device/CDC.o
                                                  ../../../Public/LUFA110528/LUFA/Drivers/USB/Core/EndpointStream.o
                                                  Arduino-joystick.o
__bad_interrupt                                   /usr/local/lib/gcc/avr/4.5.3/../../../../avr/lib/avr35/crtm8u2.o
__bss_end                                         /usr/local/lib/gcc/avr/4.5.3/avr35/libgcc.a(_clear_bss.o)
__bss_start                                       /usr/local/lib/gcc/avr/4.5.3/avr35/libgcc.a(_clear_bss.o)
__data_end                                        /usr/local/lib/gcc/avr/4.5.3/avr35/libgcc.a(_copy_data.o)
__data_load_start                                 /usr/local/lib/gcc/avr/4.5.3/avr35/libgcc.a(_copy_data.o)
__data_start                                      /usr/local/lib/gcc/avr/4.5.3/avr35/libgcc.a(_copy_data.o)
__do_clear_bss                                    /usr/local/lib/gcc/avr/4.5.3/avr35/libgcc.a(_clear_bss.o)
                                                  ../../../Public/LUFA110528/LUFA/Drivers/USB/Class/Host/StillImage.o
                                                  ../../../Public/LUFA110528/LUFA/Drivers/USB/Class/Host/RNDIS.o
                                                  ../../../Public/LUFA110528/LUFA/Drivers/USB/Class/Host/Printer.o
                                                  ../../../Public/LUFA110528/LUFA/Drivers/USB/Class/Host/MIDI.o
                                                  ../../../Public/LUFA110528/LUFA/Drivers/USB/Class/Host/MassStorage.o
                                                  ../../../Public/LUFA110528/LUFA/Drivers/USB/Class/Host/HID.o
                                                  ../../../Public/LUFA110528/LUFA/Drivers/USB/Class/Host/CDC.o
                                                  ../../../Public/LUFA110528/LUFA/Drivers/USB/Class/Device/RNDIS.o
                                                  ../../../Public/LUFA110528/LUFA/Drivers/USB/Class/Device/MIDI.o
                                                  ../../../Public/LUFA110528/LUFA/Drivers/USB/Class/Device/MassStorage.o
                                                  ../../../Public/LUFA110528/LUFA/Drivers/USB/Class/Device/HID.o
                                                  ../../../Public/LUFA110528/LUFA/Drivers/USB/Class/Device/CDC.o
                                                  ../../../Public/LUFA110528/LUFA/Drivers/USB/Class/Device/Audio.o
                                                  ../../../Public/LUFA110528/LUFA/Drivers/USB/Class/Common/HIDParser.o
                                                  ../../../Public/LUFA110528/LUFA/Drivers/USB/Core/USBTask.o
                                                  ../../../Public/LUFA110528/LUFA/Drivers/USB/Core/PipeStream.o
                                                  ../../../Public/LUFA110528/LUFA/Drivers/USB/Core/HostStandardReq.o
                                                  ../../../Public/LUFA110528/LUFA/Drivers/USB/Core/EndpointStream.o
                                                  ../../../Public/LUFA110528/LUFA/Drivers/USB/Core/Events.o
                                                  ../../../Public/LUFA110528/LUFA/Drivers/USB/Core/DeviceStandardReq.o
                                                  ../../../Public/LUFA110528/LUFA/Drivers/USB/Core/ConfigDescriptor.o
                                                  ../../../Public/LUFA110528/LUFA/Drivers/USB/Core/AVR8/USBInterrupt_AVR8.o
                                                  ../../../Public/LUFA110528/LUFA/Drivers/USB/Core/AVR8/USBController_AVR8.o
                                                  ../../../Public/LUFA110528/LUFA/Drivers/USB/Core/AVR8/Pipe_AVR8.o
                                                  ../../../Public/LUFA110528/LUFA/Drivers/USB/Core/AVR8/Host_AVR8.o
                                                  ../../../Public/LUFA110528/LUFA/Drivers/USB/Core/AVR8/Endpoint_AVR8.o
                                                  ../../../Public/LUFA110528/LUFA/Drivers/USB/Core/AVR8/Device_AVR8.o
                                                  Descriptors.o
                                                  Arduino-joystick.o
__do_copy_data                                    /usr/local/lib/gcc/avr/4.5.3/avr35/libgcc.a(_copy_data.o)
                                                  ../../../Public/LUFA110528/LUFA/Drivers/USB/Class/Host/StillImage.o
                                                  ../../../Public/LUFA110528/LUFA/Drivers/USB/Class/Host/RNDIS.o
                                                  ../../../Public/LUFA110528/LUFA/Drivers/USB/Class/Host/Printer.o
                                                  ../../../Public/LUFA110528/LUFA/Drivers/USB/Class/Host/MIDI.o
                                                  ../../../Public/LUFA110528/LUFA/Drivers/USB/Class/Host/MassStorage.o
                                                  ../../../Public/LUFA110528/LUFA/Drivers/USB/Class/Host/HID.o
                                                  ../../../Public/LUFA110528/LUFA/Drivers/USB/Class/Host/CDC.o
                                                  ../../../Public/LUFA110528/LUFA/Drivers/USB/Class/Device/RNDIS.o
                                                  ../../../Public/LUFA110528/LUFA/Drivers/USB/Class/Device/MIDI.o
                                                  ../../../Public/LUFA110528/LUFA/Drivers/USB/Class/Device/MassStorage.o
                                                  ../../../Public/LUFA110528/LUFA/Drivers/USB/Class/Device/HID.o
                                                  ../../../Public/LUFA110528/LUFA/Drivers/USB/Class/Device/CDC.o
                                                  ../../../Public/LUFA110528/LUFA/Drivers/USB/Class/Device/Audio.o
                                                  ../../../Public/LUFA110528/LUFA/Drivers/USB/Class/Common/HIDParser.o
                                                  ../../../Public/LUFA110528/LUFA/Drivers/USB/Core/USBTask.o
                                                  ../../../Public/LUFA110528/LUFA/Drivers/USB/Core/PipeStream.o
                                                  ../../../Public/LUFA110528/LUFA/Drivers/USB/Core/HostStandardReq.o
                                                  ../../../Public/LUFA110528/LUFA/Drivers/USB/Core/EndpointStream.o
                                                  ../../../Public/LUFA110528/LUFA/Drivers/USB/Core/Events.o
                                                  ../../../Public/LUFA110528/LUFA/Drivers/USB/Core/DeviceStandardReq.o
                                                  ../../../Public/LUFA110528/LUFA/Drivers/USB/Core/ConfigDescriptor.o
                                                  ../../../Public/LUFA110528/LUFA/Drivers/USB/Core/AVR8/USBInterrupt_AVR8.o
                                                  ../../../Public/LUFA110528/LUFA/Drivers/USB/Core/AVR8/USBController_AVR8.o
                                                  ../../../Public/LUFA110528/LUFA/Drivers/USB/Core/AVR8/Pipe_AVR8.o
                                                  ../../../Public/LUFA110528/LUFA/Drivers/USB/Core/AVR8/Host_AVR8.o
                                                  ../../../Public/LUFA110528/LUFA/Drivers/USB/Core/AVR8/Endpoint_AVR8.o
                                                  ../../../Public/LUFA110528/LUFA/Drivers/USB/Core/AVR8/Device_AVR8.o
                                                  Descriptors.o
                                                  Arduino-joystick.o
__eerd_byte_m8u2                                  /usr/local/lib/gcc/avr/4.5.3/../../../../avr/lib/avr35/libc.a(eerd_byte_atmega8u2.o)
                                                  ../../../Public/LUFA110528/LUFA/Drivers/USB/Core/EndpointStream.o
__eeupd_byte_m8u2                                 /usr/local/lib/gcc/avr/4.5.3/../../../../avr/lib/avr35/libc.a(eeupd_byte_atmega8u2.o)
                                                  ../../../Public/LUFA110528/LUFA/Drivers/USB/Core/EndpointStream.o
__eeupd_r18_m8u2                                  /usr/local/lib/gcc/avr/4.5.3/../../../../avr/lib/avr35/libc.a(eeupd_byte_atmega8u2.o)
__heap_end                                        /usr/local/lib/gcc/avr/4.5.3/../../../../avr/lib/avr35/crtm8u2.o
__init                                            /usr/local/lib/gcc/avr/4.5.3/../../../../avr/lib/avr35/crtm8u2.o
__mulhi3                                          /usr/local/lib/gcc/avr/4.5.3/avr35/libgcc.a(_mulhi3.o)
                                                  ../../../Public/LUFA110528/LUFA/Drivers/USB/Class/Common/HIDParser.o
__stack                                           /usr/local/lib/gcc/avr/4.5.3/../../../../avr/lib/avr35/crtm8u2.o
__vector_1                                        /usr/local/lib/gcc/avr/4.5.3/../../../../avr/lib/avr35/crtm8u2.o
__vector_10                                       /usr/local/lib/gcc/avr/4.5.3/../../../../avr/lib/avr35/crtm8u2.o
__vector_11                                       ../../../Public/LUFA110528/LUFA/Drivers/USB/Core/AVR8/USBInterrupt_AVR8.o
                                                  /usr/local/lib/gcc/avr/4.5.3/../../../../avr/lib/avr35/crtm8u2.o
__vector_12                                       /usr/local/lib/gcc/avr/4.5.3/../../../../avr/lib/avr35/crtm8u2.o
__vector_13                                       /usr/local/lib/gcc/avr/4.5.3/../../../../avr/lib/avr35/crtm8u2.o
__vector_14                                       /usr/local/lib/gcc/avr/4.5.3/../../../../avr/lib/avr35/crtm8u2.o
__vector_15                                       /usr/local/lib/gcc/avr/4.5.3/../../../../avr/lib/avr35/crtm8u2.o
__vector_16                                       /usr/local/lib/gcc/avr/4.5.3/../../../../avr/lib/avr35/crtm8u2.o
__vector_17                                       /usr/local/lib/gcc/avr/4.5.3/../../../../avr/lib/avr35/crtm8u2.o
__vector_18                                       /usr/local/lib/gcc/avr/4.5.3/../../../../avr/lib/avr35/crtm8u2.o
__vector_19                                       /usr/local/lib/gcc/avr/4.5.3/../../../../avr/lib/avr35/crtm8u2.o
__vector_2                                        /usr/local/lib/gcc/avr/4.5.3/../../../../avr/lib/avr35/crtm8u2.o
__vector_20                                       /usr/local/lib/gcc/avr/4.5.3/../../../../avr/lib/avr35/crtm8u2.o
__vector_21                                       /usr/local/lib/gcc/avr/4.5.3/../../../../avr/lib/avr35/crtm8u2.o
__vector_22                                       /usr/local/lib/gcc/avr/4.5.3/../../../../avr/lib/avr35/crtm8u2.o
__vector_23                                       Arduino-joystick.o
                                                  /usr/local/lib/gcc/avr/4.5.3/../../../../avr/lib/avr35/crtm8u2.o
__vector_24                                       /usr/local/lib/gcc/avr/4.5.3/../../../../avr/lib/avr35/crtm8u2.o
__vector_25                                       /usr/local/lib/gcc/avr/4.5.3/../../../../avr/lib/avr35/crtm8u2.o
__vector_26                                       /usr/local/lib/gcc/avr/4.5.3/../../../../avr/lib/avr35/crtm8u2.o
__vector_27                                       /usr/local/lib/gcc/avr/4.5.3/../../../../avr/lib/avr35/crtm8u2.o
__vector_28                                       /usr/local/lib/gcc/avr/4.5.3/../../../../avr/lib/avr35/crtm8u2.o
__vector_29                                       /usr/local/lib/gcc/avr/4.5.3/../../../../avr/lib/avr35/crtm8u2.o
__vector_3                                        /usr/local/lib/gcc/avr/4.5.3/../../../../avr/lib/avr35/crtm8u2.o
__vector_30                                       /usr/local/lib/gcc/avr/4.5.3/../../../../avr/lib/avr35/crtm8u2.o
__vector_31                                       /usr/local/lib/gcc/avr/4.5.3/../../../../avr/lib/avr35/crtm8u2.o
__vector_32                                       /usr/local/lib/gcc/avr/4.5.3/../../../../avr/lib/avr35/crtm8u2.o
__vector_33                                       /usr/local/lib/gcc/avr/4.5.3/../../../../avr/lib/avr35/crtm8u2.o
__vector_34                                       /usr/local/lib/gcc/avr/4.5.3/../../../../avr/lib/avr35/crtm8u2.o
__vector_35                                       /usr/local/lib/gcc/avr/4.5.3/../../../../avr/lib/avr35/crtm8u2.o
__vector_36                                       /usr/local/lib/gcc/avr/4.5.3/../../../../avr/lib/avr35/crtm8u2.o
__vector_37                                       /usr/local/lib/gcc/avr/4.5.3/../../../../avr/lib/avr35/crtm8u2.o
__vector_4                                        /usr/local/lib/gcc/avr/4.5.3/../../../../avr/lib/avr35/crtm8u2.o
__vector_5                                        /usr/local/lib/gcc/avr/4.5.3/../../../../avr/lib/avr35/crtm8u2.o
__vector_6                                        /usr/local/lib/gcc/avr/4.5.3/../../../../avr/lib/avr35/crtm8u2.o
__vector_7                                        /usr/local/lib/gcc/avr/4.5.3/../../../../avr/lib/avr35/crtm8u2.o
__vector_8                                        /usr/local/lib/gcc/avr/4.5.3/../../../../avr/lib/avr35/crtm8u2.o
__vector_9                                        /usr/local/lib/gcc/avr/4.5.3/../../../../avr/lib/avr35/crtm8u2.o
__vector_default                                  /usr/local/lib/gcc/avr/4.5.3/../../../../avr/lib/avr35/crtm8u2.o
__vectors                                         /usr/local/lib/gcc/avr/4.5.3/../../../../avr/lib/avr35/crtm8u2.o
_exit                                             /usr/local/lib/gcc/avr/4.5.3/avr35/libgcc.a(_exit.o)
exit                                              /usr/local/lib/gcc/avr/4.5.3/avr35/libgcc.a(_exit.o)
                                                  /usr/local/lib/gcc/avr/4.5.3/../../../../avr/lib/avr35/crtm8u2.o
main                                              Arduino-joystick.o
                                                  /usr/local/lib/gcc/avr/4.5.3/../../../../avr/lib/avr35/crtm8u2.o
memcmp                                            /usr/local/lib/gcc/avr/4.5.3/../../../../avr/lib/avr35/libc.a(memcmp.o)
                                                  ../../../Public/LUFA110528/LUFA/Drivers/USB/Class/Device/HID.o
memcpy                                            /usr/local/lib/gcc/avr/4.5.3/../../../../avr/lib/avr35/libc.a(memcpy.o)
                                                  ../../../Public/LUFA110528/LUFA/Drivers/USB/Class/Device/RNDIS.o
                                                  ../../../Public/LUFA110528/LUFA/Drivers/USB/Class/Device/HID.o
memcpy_P                                          /usr/local/lib/gcc/avr/4.5.3/../../../../avr/lib/avr35/libc.a(memcpy_P.o)
                                                  ../../../Public/LUFA110528/LUFA/Drivers/USB/Class/Device/RNDIS.o
memset                                            /usr/local/lib/gcc/avr/4.5.3/../../../../avr/lib/avr35/libc.a(memset.o)
                                                  ../../../Public/LUFA110528/LUFA/Drivers/USB/Class/Device/HID.o
