Archive member included because of file (symbol)

/usr/local/lib/gcc/avr/4.5.3/avr35/libgcc.a(_exit.o)
                              /usr/local/lib/gcc/avr/4.5.3/../../../../avr/lib/avr35/crtm8u2.o (exit)
/usr/local/lib/gcc/avr/4.5.3/avr35/libgcc.a(_copy_data.o)
                              Arduino-joystick.o (__do_copy_data)
/usr/local/lib/gcc/avr/4.5.3/avr35/libgcc.a(_clear_bss.o)
                              Arduino-joystick.o (__do_clear_bss)
/usr/local/lib/gcc/avr/4.5.3/../../../../avr/lib/avr35/libc.a(memcpy_P.o)
                              ../../../Public/LUFA100807/LUFA/Drivers/USB/Class/Device/RNDIS.o (memcpy_P)
/usr/local/lib/gcc/avr/4.5.3/../../../../avr/lib/avr35/libc.a(memcmp.o)
                              ../../../Public/LUFA100807/LUFA/Drivers/USB/Class/Device/HID.o (memcmp)
/usr/local/lib/gcc/avr/4.5.3/../../../../avr/lib/avr35/libc.a(memcpy.o)
                              ../../../Public/LUFA100807/LUFA/Drivers/USB/Class/Device/HID.o (memcpy)
/usr/local/lib/gcc/avr/4.5.3/../../../../avr/lib/avr35/libc.a(memset.o)
                              ../../../Public/LUFA100807/LUFA/Drivers/USB/Class/Device/HID.o (memset)
/usr/local/lib/gcc/avr/4.5.3/../../../../avr/lib/avr35/libc.a(eerd_byte_atmega8u2.o)
                              ../../../Public/LUFA100807/LUFA/Drivers/USB/LowLevel/Endpoint.o (__eerd_byte_m8u2)
/usr/local/lib/gcc/avr/4.5.3/../../../../avr/lib/avr35/libc.a(eeupd_byte_atmega8u2.o)
                              ../../../Public/LUFA100807/LUFA/Drivers/USB/LowLevel/Endpoint.o (__eeupd_byte_m8u2)

Allocating common symbols
Common symbol       size              file

USB_IsInitialized   0x1               ../../../Public/LUFA100807/LUFA/Drivers/USB/HighLevel/USBTask.o
USB_CurrentlySelfPowered
                    0x1               ../../../Public/LUFA100807/LUFA/Drivers/USB/HighLevel/DeviceStandardReq.o
USB_ControlRequest  0x8               ../../../Public/LUFA100807/LUFA/Drivers/USB/HighLevel/USBTask.o
USB_ConfigurationNumber
                    0x1               ../../../Public/LUFA100807/LUFA/Drivers/USB/HighLevel/DeviceStandardReq.o
PrevJoystickHIDReportBuffer
                    0x8               Arduino-joystick.o
USARTtoUSB_Buffer   0x85              Arduino-joystick.o

Discarded input sections

 .data          0x0000000000000000        0x0 /usr/local/lib/gcc/avr/4.5.3/../../../../avr/lib/avr35/crtm8u2.o
 .bss           0x0000000000000000        0x0 /usr/local/lib/gcc/avr/4.5.3/../../../../avr/lib/avr35/crtm8u2.o
 .text          0x0000000000000000        0x0 Arduino-joystick.o
 .text          0x0000000000000000        0x0 Descriptors.o
 .data          0x0000000000000000        0x0 Descriptors.o
 .bss           0x0000000000000000        0x0 Descriptors.o
 .text          0x0000000000000000        0x0 ../../../Public/LUFA100807/LUFA/Drivers/USB/LowLevel/Device.o
 .data          0x0000000000000000        0x0 ../../../Public/LUFA100807/LUFA/Drivers/USB/LowLevel/Device.o
 .bss           0x0000000000000000        0x0 ../../../Public/LUFA100807/LUFA/Drivers/USB/LowLevel/Device.o
 .text.USB_Device_SendRemoteWakeup
                0x0000000000000000       0x2e ../../../Public/LUFA100807/LUFA/Drivers/USB/LowLevel/Device.o
 .text          0x0000000000000000        0x0 ../../../Public/LUFA100807/LUFA/Drivers/USB/LowLevel/Endpoint.o
 .data          0x0000000000000000        0x0 ../../../Public/LUFA100807/LUFA/Drivers/USB/LowLevel/Endpoint.o
 .bss           0x0000000000000000        0x0 ../../../Public/LUFA100807/LUFA/Drivers/USB/LowLevel/Endpoint.o
 .text.Endpoint_Discard_Stream
                0x0000000000000000       0x66 ../../../Public/LUFA100807/LUFA/Drivers/USB/LowLevel/Endpoint.o
 .text.Endpoint_Write_PStream_LE
                0x0000000000000000       0x94 ../../../Public/LUFA100807/LUFA/Drivers/USB/LowLevel/Endpoint.o
 .text.Endpoint_Write_EStream_LE
                0x0000000000000000       0xa4 ../../../Public/LUFA100807/LUFA/Drivers/USB/LowLevel/Endpoint.o
 .text.Endpoint_Write_Stream_BE
                0x0000000000000000       0x8a ../../../Public/LUFA100807/LUFA/Drivers/USB/LowLevel/Endpoint.o
 .text.Endpoint_Write_EStream_BE
                0x0000000000000000       0x92 ../../../Public/LUFA100807/LUFA/Drivers/USB/LowLevel/Endpoint.o
 .text.Endpoint_Write_PStream_BE
                0x0000000000000000       0x8a ../../../Public/LUFA100807/LUFA/Drivers/USB/LowLevel/Endpoint.o
 .text.Endpoint_Read_Stream_LE
                0x0000000000000000       0x92 ../../../Public/LUFA100807/LUFA/Drivers/USB/LowLevel/Endpoint.o
 .text.Endpoint_Read_EStream_LE
                0x0000000000000000       0xa4 ../../../Public/LUFA100807/LUFA/Drivers/USB/LowLevel/Endpoint.o
 .text.Endpoint_Read_Stream_BE
                0x0000000000000000       0x8a ../../../Public/LUFA100807/LUFA/Drivers/USB/LowLevel/Endpoint.o
 .text.Endpoint_Read_EStream_BE
                0x0000000000000000       0x94 ../../../Public/LUFA100807/LUFA/Drivers/USB/LowLevel/Endpoint.o
 .text.Endpoint_Write_Control_EStream_LE
                0x0000000000000000       0xe0 ../../../Public/LUFA100807/LUFA/Drivers/USB/LowLevel/Endpoint.o
 .text.Endpoint_Write_Control_Stream_BE
                0x0000000000000000       0xb6 ../../../Public/LUFA100807/LUFA/Drivers/USB/LowLevel/Endpoint.o
 .text.Endpoint_Write_Control_PStream_BE
                0x0000000000000000       0xbc ../../../Public/LUFA100807/LUFA/Drivers/USB/LowLevel/Endpoint.o
 .text.Endpoint_Write_Control_EStream_BE
                0x0000000000000000       0xe6 ../../../Public/LUFA100807/LUFA/Drivers/USB/LowLevel/Endpoint.o
 .text.Endpoint_Read_Control_EStream_LE
                0x0000000000000000       0x88 ../../../Public/LUFA100807/LUFA/Drivers/USB/LowLevel/Endpoint.o
 .text.Endpoint_Read_Control_Stream_BE
                0x0000000000000000       0x7e ../../../Public/LUFA100807/LUFA/Drivers/USB/LowLevel/Endpoint.o
 .text.Endpoint_Read_Control_EStream_BE
                0x0000000000000000       0x90 ../../../Public/LUFA100807/LUFA/Drivers/USB/LowLevel/Endpoint.o
 .text          0x0000000000000000        0x0 ../../../Public/LUFA100807/LUFA/Drivers/USB/LowLevel/Host.o
 .data          0x0000000000000000        0x0 ../../../Public/LUFA100807/LUFA/Drivers/USB/LowLevel/Host.o
 .bss           0x0000000000000000        0x0 ../../../Public/LUFA100807/LUFA/Drivers/USB/LowLevel/Host.o
 .text          0x0000000000000000        0x0 ../../../Public/LUFA100807/LUFA/Drivers/USB/LowLevel/Pipe.o
 .data          0x0000000000000000        0x0 ../../../Public/LUFA100807/LUFA/Drivers/USB/LowLevel/Pipe.o
 .bss           0x0000000000000000        0x0 ../../../Public/LUFA100807/LUFA/Drivers/USB/LowLevel/Pipe.o
 .text          0x0000000000000000        0x0 ../../../Public/LUFA100807/LUFA/Drivers/USB/LowLevel/USBController.o
 .data          0x0000000000000000        0x0 ../../../Public/LUFA100807/LUFA/Drivers/USB/LowLevel/USBController.o
 .bss           0x0000000000000000        0x0 ../../../Public/LUFA100807/LUFA/Drivers/USB/LowLevel/USBController.o
 .text.USB_ShutDown
                0x0000000000000000       0x32 ../../../Public/LUFA100807/LUFA/Drivers/USB/LowLevel/USBController.o
 .text          0x0000000000000000        0x0 ../../../Public/LUFA100807/LUFA/Drivers/USB/LowLevel/USBInterrupt.o
 .data          0x0000000000000000        0x0 ../../../Public/LUFA100807/LUFA/Drivers/USB/LowLevel/USBInterrupt.o
 .bss           0x0000000000000000        0x0 ../../../Public/LUFA100807/LUFA/Drivers/USB/LowLevel/USBInterrupt.o
 .text          0x0000000000000000        0x0 ../../../Public/LUFA100807/LUFA/Drivers/USB/HighLevel/ConfigDescriptor.o
 .data          0x0000000000000000        0x0 ../../../Public/LUFA100807/LUFA/Drivers/USB/HighLevel/ConfigDescriptor.o
 .bss           0x0000000000000000        0x0 ../../../Public/LUFA100807/LUFA/Drivers/USB/HighLevel/ConfigDescriptor.o
 .text.USB_GetNextDescriptorOfType
                0x0000000000000000       0x44 ../../../Public/LUFA100807/LUFA/Drivers/USB/HighLevel/ConfigDescriptor.o
 .text.USB_GetNextDescriptorOfTypeBefore
                0x0000000000000000       0x4e ../../../Public/LUFA100807/LUFA/Drivers/USB/HighLevel/ConfigDescriptor.o
 .text.USB_GetNextDescriptorOfTypeAfter
                0x0000000000000000       0x34 ../../../Public/LUFA100807/LUFA/Drivers/USB/HighLevel/ConfigDescriptor.o
 .text.USB_GetNextDescriptorComp
                0x0000000000000000       0x7e ../../../Public/LUFA100807/LUFA/Drivers/USB/HighLevel/ConfigDescriptor.o
 .text          0x0000000000000000        0x0 ../../../Public/LUFA100807/LUFA/Drivers/USB/HighLevel/DeviceStandardReq.o
 .data          0x0000000000000000        0x0 ../../../Public/LUFA100807/LUFA/Drivers/USB/HighLevel/DeviceStandardReq.o
 .bss           0x0000000000000000        0x0 ../../../Public/LUFA100807/LUFA/Drivers/USB/HighLevel/DeviceStandardReq.o
 .text          0x0000000000000000        0x0 ../../../Public/LUFA100807/LUFA/Drivers/USB/HighLevel/Events.o
 .data          0x0000000000000000        0x0 ../../../Public/LUFA100807/LUFA/Drivers/USB/HighLevel/Events.o
 .bss           0x0000000000000000        0x0 ../../../Public/LUFA100807/LUFA/Drivers/USB/HighLevel/Events.o
 .text          0x0000000000000000        0x0 ../../../Public/LUFA100807/LUFA/Drivers/USB/HighLevel/HostStandardReq.o
 .data          0x0000000000000000        0x0 ../../../Public/LUFA100807/LUFA/Drivers/USB/HighLevel/HostStandardReq.o
 .bss           0x0000000000000000        0x0 ../../../Public/LUFA100807/LUFA/Drivers/USB/HighLevel/HostStandardReq.o
 .text          0x0000000000000000        0x0 ../../../Public/LUFA100807/LUFA/Drivers/USB/HighLevel/USBTask.o
 .data          0x0000000000000000        0x0 ../../../Public/LUFA100807/LUFA/Drivers/USB/HighLevel/USBTask.o
 .bss           0x0000000000000000        0x0 ../../../Public/LUFA100807/LUFA/Drivers/USB/HighLevel/USBTask.o
 .text          0x0000000000000000        0x0 ../../../Public/LUFA100807/LUFA/Drivers/USB/Class/Host/HIDParser.o
 .data          0x0000000000000000        0x0 ../../../Public/LUFA100807/LUFA/Drivers/USB/Class/Host/HIDParser.o
 .bss           0x0000000000000000        0x0 ../../../Public/LUFA100807/LUFA/Drivers/USB/Class/Host/HIDParser.o
 .text          0x0000000000000000        0x0 ../../../Public/LUFA100807/LUFA/Drivers/USB/Class/Device/Audio.o
 .data          0x0000000000000000        0x0 ../../../Public/LUFA100807/LUFA/Drivers/USB/Class/Device/Audio.o
 .bss           0x0000000000000000        0x0 ../../../Public/LUFA100807/LUFA/Drivers/USB/Class/Device/Audio.o
 .text.Audio_Device_ProcessControlRequest
                0x0000000000000000       0x4a ../../../Public/LUFA100807/LUFA/Drivers/USB/Class/Device/Audio.o
 .text.Audio_Device_ConfigureEndpoints
                0x0000000000000000       0x52 ../../../Public/LUFA100807/LUFA/Drivers/USB/Class/Device/Audio.o
 .text          0x0000000000000000        0x0 ../../../Public/LUFA100807/LUFA/Drivers/USB/Class/Device/CDC.o
 .data          0x0000000000000000        0x8 ../../../Public/LUFA100807/LUFA/Drivers/USB/Class/Device/CDC.o
 .bss           0x0000000000000000        0x0 ../../../Public/LUFA100807/LUFA/Drivers/USB/Class/Device/CDC.o
 .text.Endpoint_ConfigureEndpointStatic
                0x0000000000000000       0x32 ../../../Public/LUFA100807/LUFA/Drivers/USB/Class/Device/CDC.o
 .text.Endpoint_ConfigureEndpointDynamic
                0x0000000000000000       0x42 ../../../Public/LUFA100807/LUFA/Drivers/USB/Class/Device/CDC.o
 .text.CDC_Device_Event_Stub
                0x0000000000000000        0x2 ../../../Public/LUFA100807/LUFA/Drivers/USB/Class/Device/CDC.o
 .text.CDC_Device_ProcessControlRequest
                0x0000000000000000       0xe0 ../../../Public/LUFA100807/LUFA/Drivers/USB/Class/Device/CDC.o
 .text.CDC_Device_ConfigureEndpoints
                0x0000000000000000       0x78 ../../../Public/LUFA100807/LUFA/Drivers/USB/Class/Device/CDC.o
 .text.CDC_Device_SendString
                0x0000000000000000       0x36 ../../../Public/LUFA100807/LUFA/Drivers/USB/Class/Device/CDC.o
 .text.CDC_Device_SendByte
                0x0000000000000000       0x5a ../../../Public/LUFA100807/LUFA/Drivers/USB/Class/Device/CDC.o
 .text.CDC_Device_putchar
                0x0000000000000000       0x20 ../../../Public/LUFA100807/LUFA/Drivers/USB/Class/Device/CDC.o
 .text.CDC_Device_Flush
                0x0000000000000000       0x5a ../../../Public/LUFA100807/LUFA/Drivers/USB/Class/Device/CDC.o
 .text.CDC_Device_USBTask
                0x0000000000000000       0x20 ../../../Public/LUFA100807/LUFA/Drivers/USB/Class/Device/CDC.o
 .text.CDC_Device_BytesReceived
                0x0000000000000000       0x4c ../../../Public/LUFA100807/LUFA/Drivers/USB/Class/Device/CDC.o
 .text.CDC_Device_ReceiveByte
                0x0000000000000000       0x58 ../../../Public/LUFA100807/LUFA/Drivers/USB/Class/Device/CDC.o
 .text.CDC_Device_getchar_Blocking
                0x0000000000000000       0x36 ../../../Public/LUFA100807/LUFA/Drivers/USB/Class/Device/CDC.o
 .text.CDC_Device_getchar
                0x0000000000000000       0x18 ../../../Public/LUFA100807/LUFA/Drivers/USB/Class/Device/CDC.o
 .text.CDC_Device_SendControlLineStateChange
                0x0000000000000000       0x8a ../../../Public/LUFA100807/LUFA/Drivers/USB/Class/Device/CDC.o
 .text.CDC_Device_CreateStream
                0x0000000000000000       0x26 ../../../Public/LUFA100807/LUFA/Drivers/USB/Class/Device/CDC.o
 .text.CDC_Device_CreateBlockingStream
                0x0000000000000000       0x26 ../../../Public/LUFA100807/LUFA/Drivers/USB/Class/Device/CDC.o
 .text          0x0000000000000000        0x0 ../../../Public/LUFA100807/LUFA/Drivers/USB/Class/Device/HID.o
 .data          0x0000000000000000        0x0 ../../../Public/LUFA100807/LUFA/Drivers/USB/Class/Device/HID.o
 .bss           0x0000000000000000        0x0 ../../../Public/LUFA100807/LUFA/Drivers/USB/Class/Device/HID.o
 .text          0x0000000000000000        0x0 ../../../Public/LUFA100807/LUFA/Drivers/USB/Class/Device/MassStorage.o
 .data          0x0000000000000000        0x0 ../../../Public/LUFA100807/LUFA/Drivers/USB/Class/Device/MassStorage.o
 .bss           0x0000000000000000        0x2 ../../../Public/LUFA100807/LUFA/Drivers/USB/Class/Device/MassStorage.o
 .text.StreamCallback_MS_Device_AbortOnMassStoreReset
                0x0000000000000000       0x10 ../../../Public/LUFA100807/LUFA/Drivers/USB/Class/Device/MassStorage.o
 .text.MS_Device_ProcessControlRequest
                0x0000000000000000       0x6e ../../../Public/LUFA100807/LUFA/Drivers/USB/Class/Device/MassStorage.o
 .text.MS_Device_ConfigureEndpoints
                0x0000000000000000       0x76 ../../../Public/LUFA100807/LUFA/Drivers/USB/Class/Device/MassStorage.o
 .text.MS_Device_USBTask
                0x0000000000000000      0x1f4 ../../../Public/LUFA100807/LUFA/Drivers/USB/Class/Device/MassStorage.o
 .text          0x0000000000000000        0x0 ../../../Public/LUFA100807/LUFA/Drivers/USB/Class/Device/MIDI.o
 .data          0x0000000000000000        0x0 ../../../Public/LUFA100807/LUFA/Drivers/USB/Class/Device/MIDI.o
 .bss           0x0000000000000000        0x0 ../../../Public/LUFA100807/LUFA/Drivers/USB/Class/Device/MIDI.o
 .text.MIDI_Device_ConfigureEndpoints
                0x0000000000000000       0x74 ../../../Public/LUFA100807/LUFA/Drivers/USB/Class/Device/MIDI.o
 .text.MIDI_Device_SendEventPacket
                0x0000000000000000       0x44 ../../../Public/LUFA100807/LUFA/Drivers/USB/Class/Device/MIDI.o
 .text.MIDI_Device_Flush
                0x0000000000000000       0x2e ../../../Public/LUFA100807/LUFA/Drivers/USB/Class/Device/MIDI.o
 .text.MIDI_Device_ReceiveEventPacket
                0x0000000000000000       0x42 ../../../Public/LUFA100807/LUFA/Drivers/USB/Class/Device/MIDI.o
 .text          0x0000000000000000        0x0 ../../../Public/LUFA100807/LUFA/Drivers/USB/Class/Device/RNDIS.o
 .data          0x0000000000000000        0x8 ../../../Public/LUFA100807/LUFA/Drivers/USB/Class/Device/RNDIS.o
 .bss           0x0000000000000000        0x0 ../../../Public/LUFA100807/LUFA/Drivers/USB/Class/Device/RNDIS.o
 .text.Endpoint_ConfigureEndpointStatic
                0x0000000000000000       0x32 ../../../Public/LUFA100807/LUFA/Drivers/USB/Class/Device/RNDIS.o
 .text.Endpoint_ConfigureEndpointDynamic
                0x0000000000000000       0x42 ../../../Public/LUFA100807/LUFA/Drivers/USB/Class/Device/RNDIS.o
 .text.RNDIS_Device_ProcessControlRequest
                0x0000000000000000      0x610 ../../../Public/LUFA100807/LUFA/Drivers/USB/Class/Device/RNDIS.o
 .text.RNDIS_Device_ConfigureEndpoints
                0x0000000000000000       0x7e ../../../Public/LUFA100807/LUFA/Drivers/USB/Class/Device/RNDIS.o
 .text.RNDIS_Device_USBTask
                0x0000000000000000      0x1dc ../../../Public/LUFA100807/LUFA/Drivers/USB/Class/Device/RNDIS.o
 .progmem.data  0x0000000000000000       0x6c ../../../Public/LUFA100807/LUFA/Drivers/USB/Class/Device/RNDIS.o
 .text          0x0000000000000000        0x0 ../../../Public/LUFA100807/LUFA/Drivers/USB/Class/Host/CDC.o
 .data          0x0000000000000000        0x0 ../../../Public/LUFA100807/LUFA/Drivers/USB/Class/Host/CDC.o
 .bss           0x0000000000000000        0x0 ../../../Public/LUFA100807/LUFA/Drivers/USB/Class/Host/CDC.o
 .text          0x0000000000000000        0x0 ../../../Public/LUFA100807/LUFA/Drivers/USB/Class/Host/HID.o
 .data          0x0000000000000000        0x0 ../../../Public/LUFA100807/LUFA/Drivers/USB/Class/Host/HID.o
 .bss           0x0000000000000000        0x0 ../../../Public/LUFA100807/LUFA/Drivers/USB/Class/Host/HID.o
 .text          0x0000000000000000        0x0 ../../../Public/LUFA100807/LUFA/Drivers/USB/Class/Host/MassStorage.o
 .data          0x0000000000000000        0x0 ../../../Public/LUFA100807/LUFA/Drivers/USB/Class/Host/MassStorage.o
 .bss           0x0000000000000000        0x0 ../../../Public/LUFA100807/LUFA/Drivers/USB/Class/Host/MassStorage.o
 .text          0x0000000000000000        0x0 ../../../Public/LUFA100807/LUFA/Drivers/USB/Class/Host/MIDI.o
 .data          0x0000000000000000        0x0 ../../../Public/LUFA100807/LUFA/Drivers/USB/Class/Host/MIDI.o
 .bss           0x0000000000000000        0x0 ../../../Public/LUFA100807/LUFA/Drivers/USB/Class/Host/MIDI.o
 .text          0x0000000000000000        0x0 ../../../Public/LUFA100807/LUFA/Drivers/USB/Class/Host/Printer.o
 .data          0x0000000000000000        0x0 ../../../Public/LUFA100807/LUFA/Drivers/USB/Class/Host/Printer.o
 .bss           0x0000000000000000        0x0 ../../../Public/LUFA100807/LUFA/Drivers/USB/Class/Host/Printer.o
 .text          0x0000000000000000        0x0 ../../../Public/LUFA100807/LUFA/Drivers/USB/Class/Host/RNDIS.o
 .data          0x0000000000000000        0x0 ../../../Public/LUFA100807/LUFA/Drivers/USB/Class/Host/RNDIS.o
 .bss           0x0000000000000000        0x0 ../../../Public/LUFA100807/LUFA/Drivers/USB/Class/Host/RNDIS.o
 .text          0x0000000000000000        0x0 ../../../Public/LUFA100807/LUFA/Drivers/USB/Class/Host/StillImage.o
 .data          0x0000000000000000        0x0 ../../../Public/LUFA100807/LUFA/Drivers/USB/Class/Host/StillImage.o
 .bss           0x0000000000000000        0x0 ../../../Public/LUFA100807/LUFA/Drivers/USB/Class/Host/StillImage.o
 .text          0x0000000000000000        0x0 /usr/local/lib/gcc/avr/4.5.3/avr35/libgcc.a(_exit.o)
 .data          0x0000000000000000        0x0 /usr/local/lib/gcc/avr/4.5.3/avr35/libgcc.a(_exit.o)
 .bss           0x0000000000000000        0x0 /usr/local/lib/gcc/avr/4.5.3/avr35/libgcc.a(_exit.o)
 .text.libgcc   0x0000000000000000        0x0 /usr/local/lib/gcc/avr/4.5.3/avr35/libgcc.a(_exit.o)
 .text          0x0000000000000000        0x0 /usr/local/lib/gcc/avr/4.5.3/avr35/libgcc.a(_copy_data.o)
 .data          0x0000000000000000        0x0 /usr/local/lib/gcc/avr/4.5.3/avr35/libgcc.a(_copy_data.o)
 .bss           0x0000000000000000        0x0 /usr/local/lib/gcc/avr/4.5.3/avr35/libgcc.a(_copy_data.o)
 .text.libgcc   0x0000000000000000        0x0 /usr/local/lib/gcc/avr/4.5.3/avr35/libgcc.a(_copy_data.o)
 .text          0x0000000000000000        0x0 /usr/local/lib/gcc/avr/4.5.3/avr35/libgcc.a(_clear_bss.o)
 .data          0x0000000000000000        0x0 /usr/local/lib/gcc/avr/4.5.3/avr35/libgcc.a(_clear_bss.o)
 .bss           0x0000000000000000        0x0 /usr/local/lib/gcc/avr/4.5.3/avr35/libgcc.a(_clear_bss.o)
 .text.libgcc   0x0000000000000000        0x0 /usr/local/lib/gcc/avr/4.5.3/avr35/libgcc.a(_clear_bss.o)
 .text          0x0000000000000000        0x0 /usr/local/lib/gcc/avr/4.5.3/../../../../avr/lib/avr35/libc.a(memcpy_P.o)
 .data          0x0000000000000000        0x0 /usr/local/lib/gcc/avr/4.5.3/../../../../avr/lib/avr35/libc.a(memcpy_P.o)
 .bss           0x0000000000000000        0x0 /usr/local/lib/gcc/avr/4.5.3/../../../../avr/lib/avr35/libc.a(memcpy_P.o)
 .text.avr-libc
                0x0000000000000000       0x12 /usr/local/lib/gcc/avr/4.5.3/../../../../avr/lib/avr35/libc.a(memcpy_P.o)
 .text          0x0000000000000000        0x0 /usr/local/lib/gcc/avr/4.5.3/../../../../avr/lib/avr35/libc.a(memcmp.o)
 .data          0x0000000000000000        0x0 /usr/local/lib/gcc/avr/4.5.3/../../../../avr/lib/avr35/libc.a(memcmp.o)
 .bss           0x0000000000000000        0x0 /usr/local/lib/gcc/avr/4.5.3/../../../../avr/lib/avr35/libc.a(memcmp.o)
 .text          0x0000000000000000        0x0 /usr/local/lib/gcc/avr/4.5.3/../../../../avr/lib/avr35/libc.a(memcpy.o)
 .data          0x0000000000000000        0x0 /usr/local/lib/gcc/avr/4.5.3/../../../../avr/lib/avr35/libc.a(memcpy.o)
 .bss           0x0000000000000000        0x0 /usr/local/lib/gcc/avr/4.5.3/../../../../avr/lib/avr35/libc.a(memcpy.o)
 .text          0x0000000000000000        0x0 /usr/local/lib/gcc/avr/4.5.3/../../../../avr/lib/avr35/libc.a(memset.o)
 .data          0x0000000000000000        0x0 /usr/local/lib/gcc/avr/4.5.3/../../../../avr/lib/avr35/libc.a(memset.o)
 .bss           0x0000000000000000        0x0 /usr/local/lib/gcc/avr/4.5.3/../../../../avr/lib/avr35/libc.a(memset.o)
 .text          0x0000000000000000        0x0 /usr/local/lib/gcc/avr/4.5.3/../../../../avr/lib/avr35/libc.a(eerd_byte_atmega8u2.o)
 .data          0x0000000000000000        0x0 /usr/local/lib/gcc/avr/4.5.3/../../../../avr/lib/avr35/libc.a(eerd_byte_atmega8u2.o)
 .bss           0x0000000000000000        0x0 /usr/local/lib/gcc/avr/4.5.3/../../../../avr/lib/avr35/libc.a(eerd_byte_atmega8u2.o)
 .text.avr-libc
                0x0000000000000000       0x10 /usr/local/lib/gcc/avr/4.5.3/../../../../avr/lib/avr35/libc.a(eerd_byte_atmega8u2.o)
 .text          0x0000000000000000        0x0 /usr/local/lib/gcc/avr/4.5.3/../../../../avr/lib/avr35/libc.a(eeupd_byte_atmega8u2.o)
 .data          0x0000000000000000        0x0 /usr/local/lib/gcc/avr/4.5.3/../../../../avr/lib/avr35/libc.a(eeupd_byte_atmega8u2.o)
 .bss           0x0000000000000000        0x0 /usr/local/lib/gcc/avr/4.5.3/../../../../avr/lib/avr35/libc.a(eeupd_byte_atmega8u2.o)
 .text.avr-libc
                0x0000000000000000       0x24 /usr/local/lib/gcc/avr/4.5.3/../../../../avr/lib/avr35/libc.a(eeupd_byte_atmega8u2.o)

Memory Configuration

Name             Origin             Length             Attributes
text             0x0000000000000000 0x0000000000010000 xr
data             0x0000000000800060 0x000000000000ffa0 rw !x
eeprom           0x0000000000810000 0x0000000000010000 rw !x
fuse             0x0000000000820000 0x0000000000000400 rw !x
lock             0x0000000000830000 0x0000000000000400 rw !x
signature        0x0000000000840000 0x0000000000000400 rw !x
*default*        0x0000000000000000 0xffffffffffffffff

Linker script and memory map

Address of section .data set to 0x800100
LOAD /usr/local/lib/gcc/avr/4.5.3/../../../../avr/lib/avr35/crtm8u2.o
LOAD Arduino-joystick.o
LOAD Descriptors.o
LOAD ../../../Public/LUFA100807/LUFA/Drivers/USB/LowLevel/Device.o
LOAD ../../../Public/LUFA100807/LUFA/Drivers/USB/LowLevel/Endpoint.o
LOAD ../../../Public/LUFA100807/LUFA/Drivers/USB/LowLevel/Host.o
LOAD ../../../Public/LUFA100807/LUFA/Drivers/USB/LowLevel/Pipe.o
LOAD ../../../Public/LUFA100807/LUFA/Drivers/USB/LowLevel/USBController.o
LOAD ../../../Public/LUFA100807/LUFA/Drivers/USB/LowLevel/USBInterrupt.o
LOAD ../../../Public/LUFA100807/LUFA/Drivers/USB/HighLevel/ConfigDescriptor.o
LOAD ../../../Public/LUFA100807/LUFA/Drivers/USB/HighLevel/DeviceStandardReq.o
LOAD ../../../Public/LUFA100807/LUFA/Drivers/USB/HighLevel/Events.o
LOAD ../../../Public/LUFA100807/LUFA/Drivers/USB/HighLevel/HostStandardReq.o
LOAD ../../../Public/LUFA100807/LUFA/Drivers/USB/HighLevel/USBTask.o
LOAD ../../../Public/LUFA100807/LUFA/Drivers/USB/Class/Host/HIDParser.o
LOAD ../../../Public/LUFA100807/LUFA/Drivers/USB/Class/Device/Audio.o
LOAD ../../../Public/LUFA100807/LUFA/Drivers/USB/Class/Device/CDC.o
LOAD ../../../Public/LUFA100807/LUFA/Drivers/USB/Class/Device/HID.o
LOAD ../../../Public/LUFA100807/LUFA/Drivers/USB/Class/Device/MassStorage.o
LOAD ../../../Public/LUFA100807/LUFA/Drivers/USB/Class/Device/MIDI.o
LOAD ../../../Public/LUFA100807/LUFA/Drivers/USB/Class/Device/RNDIS.o
LOAD ../../../Public/LUFA100807/LUFA/Drivers/USB/Class/Host/CDC.o
LOAD ../../../Public/LUFA100807/LUFA/Drivers/USB/Class/Host/HID.o
LOAD ../../../Public/LUFA100807/LUFA/Drivers/USB/Class/Host/MassStorage.o
LOAD ../../../Public/LUFA100807/LUFA/Drivers/USB/Class/Host/MIDI.o
LOAD ../../../Public/LUFA100807/LUFA/Drivers/USB/Class/Host/Printer.o
LOAD ../../../Public/LUFA100807/LUFA/Drivers/USB/Class/Host/RNDIS.o
LOAD ../../../Public/LUFA100807/LUFA/Drivers/USB/Class/Host/StillImage.o
LOAD /usr/local/lib/gcc/avr/4.5.3/../../../../avr/lib/avr35/libm.a
LOAD /usr/local/lib/gcc/avr/4.5.3/avr35/libgcc.a
LOAD /usr/local/lib/gcc/avr/4.5.3/../../../../avr/lib/avr35/libc.a
LOAD /usr/local/lib/gcc/avr/4.5.3/avr35/libgcc.a

.hash
 *(.hash)

.dynsym
 *(.dynsym)

.dynstr
 *(.dynstr)

.gnu.version
 *(.gnu.version)

.gnu.version_d
 *(.gnu.version_d)

.gnu.version_r
 *(.gnu.version_r)

.rel.init
 *(.rel.init)

.rela.init
 *(.rela.init)

.rel.text
 *(.rel.text)
 *(.rel.text.*)
 *(.rel.gnu.linkonce.t*)

.rela.text
 *(.rela.text)
 *(.rela.text.*)
 *(.rela.gnu.linkonce.t*)

.rel.fini
 *(.rel.fini)

.rela.fini
 *(.rela.fini)

.rel.rodata
 *(.rel.rodata)
 *(.rel.rodata.*)
 *(.rel.gnu.linkonce.r*)

.rela.rodata
 *(.rela.rodata)
 *(.rela.rodata.*)
 *(.rela.gnu.linkonce.r*)

.rel.data
 *(.rel.data)
 *(.rel.data.*)
 *(.rel.gnu.linkonce.d*)

.rela.data
 *(.rela.data)
 *(.rela.data.*)
 *(.rela.gnu.linkonce.d*)

.rel.ctors
 *(.rel.ctors)

.rela.ctors
 *(.rela.ctors)

.rel.dtors
 *(.rel.dtors)

.rela.dtors
 *(.rela.dtors)

.rel.got
 *(.rel.got)

.rela.got
 *(.rela.got)

.rel.bss
 *(.rel.bss)

.rela.bss
 *(.rela.bss)

.rel.plt
 *(.rel.plt)

.rela.plt
 *(.rela.plt)

.text           0x0000000000000000      0xfa2
 *(.vectors)
 .vectors       0x0000000000000000       0x98 /usr/local/lib/gcc/avr/4.5.3/../../../../avr/lib/avr35/crtm8u2.o
                0x0000000000000000                __vectors
                0x0000000000000000                __vector_default
 *(.vectors)
 *(.progmem.gcc*)
 *(.progmem*)
 .progmem.data  0x0000000000000098       0x9f Descriptors.o
                0x0000000000000098                JoystickReport
                0x00000000000000cb                DeviceDescriptor
                0x00000000000000dd                ConfigurationDescriptor
                0x00000000000000ff                LanguageString
                0x0000000000000103                ManufacturerString
                0x0000000000000111                ProductString
                0x0000000000000138                . = ALIGN (0x2)
 *fill*         0x0000000000000137        0x1 00
                0x0000000000000138                __trampolines_start = .
 *(.trampolines)
 .trampolines   0x0000000000000138        0x0 linker stubs
 *(.trampolines*)
                0x0000000000000138                __trampolines_end = .
 *(.jumptables)
 *(.jumptables*)
 *(.lowtext)
 *(.lowtext*)
                0x0000000000000138                __ctors_start = .
 *(.ctors)
                0x0000000000000138                __ctors_end = .
                0x0000000000000138                __dtors_start = .
 *(.dtors)
                0x0000000000000138                __dtors_end = .
 SORT(*)(.ctors)
 SORT(*)(.dtors)
 *(.init0)
 .init0         0x0000000000000138        0x0 /usr/local/lib/gcc/avr/4.5.3/../../../../avr/lib/avr35/crtm8u2.o
                0x0000000000000138                __init
 *(.init0)
 *(.init1)
 *(.init1)
 *(.init2)
 .init2         0x0000000000000138        0xc /usr/local/lib/gcc/avr/4.5.3/../../../../avr/lib/avr35/crtm8u2.o
 *(.init2)
 *(.init3)
 *(.init3)
 *(.init4)
 .init4         0x0000000000000144       0x16 /usr/local/lib/gcc/avr/4.5.3/avr35/libgcc.a(_copy_data.o)
                0x0000000000000144                __do_copy_data
 .init4         0x000000000000015a       0x10 /usr/local/lib/gcc/avr/4.5.3/avr35/libgcc.a(_clear_bss.o)
                0x000000000000015a                __do_clear_bss
 *(.init4)
 *(.init5)
 *(.init5)
 *(.init6)
 *(.init6)
 *(.init7)
 *(.init7)
 *(.init8)
 *(.init8)
 *(.init9)
 .init9         0x000000000000016a        0x4 /usr/local/lib/gcc/avr/4.5.3/../../../../avr/lib/avr35/crtm8u2.o
 *(.init9)
 *(.text)
 .text          0x000000000000016e        0x2 /usr/local/lib/gcc/avr/4.5.3/../../../../avr/lib/avr35/crtm8u2.o
                0x000000000000016e                __vector_22
                0x000000000000016e                __vector_28
                0x000000000000016e                __vector_1
                0x000000000000016e                __vector_32
                0x000000000000016e                __vector_34
                0x000000000000016e                __vector_24
                0x000000000000016e                __vector_12
                0x000000000000016e                __bad_interrupt
                0x000000000000016e                __vector_6
                0x000000000000016e                __vector_31
                0x000000000000016e                __vector_35
                0x000000000000016e                __vector_3
                0x000000000000016e                __vector_30
                0x000000000000016e                __vector_25
                0x000000000000016e                __vector_13
                0x000000000000016e                __vector_17
                0x000000000000016e                __vector_19
                0x000000000000016e                __vector_7
                0x000000000000016e                __vector_27
                0x000000000000016e                __vector_5
                0x000000000000016e                __vector_33
                0x000000000000016e                __vector_37
                0x000000000000016e                __vector_4
                0x000000000000016e                __vector_9
                0x000000000000016e                __vector_2
                0x000000000000016e                __vector_21
                0x000000000000016e                __vector_15
                0x000000000000016e                __vector_36
                0x000000000000016e                __vector_29
                0x000000000000016e                __vector_8
                0x000000000000016e                __vector_26
                0x000000000000016e                __vector_14
                0x000000000000016e                __vector_10
                0x000000000000016e                __vector_16
                0x000000000000016e                __vector_18
                0x000000000000016e                __vector_20
                0x0000000000000170                . = ALIGN (0x2)
 *(.text.*)
 .text.SetupHardware
                0x0000000000000170       0x54 Arduino-joystick.o
                0x0000000000000170                SetupHardware
 .text.main     0x00000000000001c4       0x54 Arduino-joystick.o
                0x00000000000001c4                main
 .text.EVENT_USB_Device_Connect
                0x0000000000000218        0x2 Arduino-joystick.o
                0x0000000000000218                EVENT_USB_Device_Connect
 .text.EVENT_USB_Device_Disconnect
                0x000000000000021a        0x2 Arduino-joystick.o
                0x000000000000021a                EVENT_USB_Device_Disconnect
 .text.EVENT_USB_Device_ConfigurationChanged
                0x000000000000021c       0x12 Arduino-joystick.o
                0x000000000000021c                EVENT_USB_Device_ConfigurationChanged
 .text.EVENT_USB_Device_UnhandledControlRequest
                0x000000000000022e        0x6 Arduino-joystick.o
                0x000000000000022e                EVENT_USB_Device_UnhandledControlRequest
 .text.EVENT_USB_Device_StartOfFrame
                0x0000000000000234       0x18 Arduino-joystick.o
                0x0000000000000234                EVENT_USB_Device_StartOfFrame
 .text.CALLBACK_HID_Device_CreateHIDReport
                0x000000000000024c       0x92 Arduino-joystick.o
                0x000000000000024c                CALLBACK_HID_Device_CreateHIDReport
 .text.CALLBACK_HID_Device_ProcessHIDReport
                0x00000000000002de        0x2 Arduino-joystick.o
                0x00000000000002de                CALLBACK_HID_Device_ProcessHIDReport
 .text.__vector_23
                0x00000000000002e0       0x7e Arduino-joystick.o
                0x00000000000002e0                __vector_23
 .text.CALLBACK_USB_GetDescriptor
                0x000000000000035e       0x7c Descriptors.o
                0x000000000000035e                CALLBACK_USB_GetDescriptor
 .text.Endpoint_BytesToEPSizeMaskDynamic
                0x00000000000003da       0x1c ../../../Public/LUFA100807/LUFA/Drivers/USB/LowLevel/Endpoint.o
                0x00000000000003da                Endpoint_BytesToEPSizeMaskDynamic
 .text.Endpoint_ConfigureEndpoint_Prv
                0x00000000000003f6       0x26 ../../../Public/LUFA100807/LUFA/Drivers/USB/LowLevel/Endpoint.o
                0x00000000000003f6                Endpoint_ConfigureEndpoint_Prv
 .text.Endpoint_ClearEndpoints
                0x000000000000041c       0x28 ../../../Public/LUFA100807/LUFA/Drivers/USB/LowLevel/Endpoint.o
                0x000000000000041c                Endpoint_ClearEndpoints
 .text.Endpoint_ClearStatusStage
                0x0000000000000444       0x3e ../../../Public/LUFA100807/LUFA/Drivers/USB/LowLevel/Endpoint.o
                0x0000000000000444                Endpoint_ClearStatusStage
 .text.Endpoint_WaitUntilReady
                0x0000000000000482       0x5e ../../../Public/LUFA100807/LUFA/Drivers/USB/LowLevel/Endpoint.o
                0x0000000000000482                Endpoint_WaitUntilReady
 .text.Endpoint_Write_Stream_LE
                0x00000000000004e0       0x8e ../../../Public/LUFA100807/LUFA/Drivers/USB/LowLevel/Endpoint.o
                0x00000000000004e0                Endpoint_Write_Stream_LE
 .text.Endpoint_Write_Control_Stream_LE
                0x000000000000056e       0xb2 ../../../Public/LUFA100807/LUFA/Drivers/USB/LowLevel/Endpoint.o
                0x000000000000056e                Endpoint_Write_Control_Stream_LE
 .text.Endpoint_Write_Control_PStream_LE
                0x0000000000000620       0xb6 ../../../Public/LUFA100807/LUFA/Drivers/USB/LowLevel/Endpoint.o
                0x0000000000000620                Endpoint_Write_Control_PStream_LE
 .text.Endpoint_Read_Control_Stream_LE
                0x00000000000006d6       0x7c ../../../Public/LUFA100807/LUFA/Drivers/USB/LowLevel/Endpoint.o
                0x00000000000006d6                Endpoint_Read_Control_Stream_LE
 .text.USB_ResetInterface
                0x0000000000000752       0x78 ../../../Public/LUFA100807/LUFA/Drivers/USB/LowLevel/USBController.o
                0x0000000000000752                USB_ResetInterface
 .text.USB_Init
                0x00000000000007ca        0xa ../../../Public/LUFA100807/LUFA/Drivers/USB/LowLevel/USBController.o
                0x00000000000007ca                USB_Init
 .text.USB_INT_DisableAllInterrupts
                0x00000000000007d4        0x6 ../../../Public/LUFA100807/LUFA/Drivers/USB/LowLevel/USBInterrupt.o
                0x00000000000007d4                USB_INT_DisableAllInterrupts
 .text.USB_INT_ClearAllInterrupts
                0x00000000000007da        0x6 ../../../Public/LUFA100807/LUFA/Drivers/USB/LowLevel/USBInterrupt.o
                0x00000000000007da                USB_INT_ClearAllInterrupts
 .text.__vector_11
                0x00000000000007e0      0x144 ../../../Public/LUFA100807/LUFA/Drivers/USB/LowLevel/USBInterrupt.o
                0x00000000000007e0                __vector_11
 .text.USB_Device_ProcessControlRequest
                0x0000000000000924      0x208 ../../../Public/LUFA100807/LUFA/Drivers/USB/HighLevel/DeviceStandardReq.o
                0x0000000000000924                USB_Device_ProcessControlRequest
 .text.USB_Event_Stub
                0x0000000000000b2c        0x2 ../../../Public/LUFA100807/LUFA/Drivers/USB/HighLevel/Events.o
                0x0000000000000b2c                EVENT_USB_Device_WakeUp
                0x0000000000000b2c                USB_Event_Stub
                0x0000000000000b2c                EVENT_USB_Device_Suspend
                0x0000000000000b2c                EVENT_USB_Device_Reset
 .text.USB_USBTask
                0x0000000000000b2e       0x24 ../../../Public/LUFA100807/LUFA/Drivers/USB/HighLevel/USBTask.o
                0x0000000000000b2e                USB_USBTask
 .text.HID_Device_ProcessControlRequest
                0x0000000000000b52      0x250 ../../../Public/LUFA100807/LUFA/Drivers/USB/Class/Device/HID.o
                0x0000000000000b52                HID_Device_ProcessControlRequest
 .text.HID_Device_ConfigureEndpoints
                0x0000000000000da2       0x50 ../../../Public/LUFA100807/LUFA/Drivers/USB/Class/Device/HID.o
                0x0000000000000da2                HID_Device_ConfigureEndpoints
 .text.HID_Device_USBTask
                0x0000000000000df2      0x172 ../../../Public/LUFA100807/LUFA/Drivers/USB/Class/Device/HID.o
                0x0000000000000df2                HID_Device_USBTask
 .text.avr-libc
                0x0000000000000f64       0x1a /usr/local/lib/gcc/avr/4.5.3/../../../../avr/lib/avr35/libc.a(memcmp.o)
                0x0000000000000f64                memcmp
 .text.avr-libc
                0x0000000000000f7e       0x12 /usr/local/lib/gcc/avr/4.5.3/../../../../avr/lib/avr35/libc.a(memcpy.o)
                0x0000000000000f7e                memcpy
 .text.avr-libc
                0x0000000000000f90        0xe /usr/local/lib/gcc/avr/4.5.3/../../../../avr/lib/avr35/libc.a(memset.o)
                0x0000000000000f90                memset
                0x0000000000000f9e                . = ALIGN (0x2)
 *(.fini9)
 .fini9         0x0000000000000f9e        0x0 /usr/local/lib/gcc/avr/4.5.3/avr35/libgcc.a(_exit.o)
                0x0000000000000f9e                exit
                0x0000000000000f9e                _exit
 *(.fini9)
 *(.fini8)
 *(.fini8)
 *(.fini7)
 *(.fini7)
 *(.fini6)
 *(.fini6)
 *(.fini5)
 *(.fini5)
 *(.fini4)
 *(.fini4)
 *(.fini3)
 *(.fini3)
 *(.fini2)
 *(.fini2)
 *(.fini1)
 *(.fini1)
 *(.fini0)
 .fini0         0x0000000000000f9e        0x4 /usr/local/lib/gcc/avr/4.5.3/avr35/libgcc.a(_exit.o)
 *(.fini0)
                0x0000000000000fa2                _etext = .

.data           0x0000000000800100        0xe load address 0x0000000000000fa2
                0x0000000000800100                PROVIDE (__data_start, .)
 *(.data)
 .data          0x0000000000800100        0xd Arduino-joystick.o
                0x0000000000800100                Joystick_HID_Interface
 *(.data*)
 *(.rodata)
 *(.rodata*)
 *(.gnu.linkonce.d*)
                0x000000000080010e                . = ALIGN (0x2)
 *fill*         0x000000000080010d        0x1 00
                0x000000000080010e                _edata = .
                0x000000000080010e                PROVIDE (__data_end, .)

.bss            0x000000000080010e       0xa2
                0x000000000080010e                PROVIDE (__bss_start, .)
 *(.bss)
 .bss           0x000000000080010e        0xa Arduino-joystick.o
                0x000000000080010e                joyReport
                0x0000000000800116                led1_ticks
 *(.bss*)
 *(COMMON)
 COMMON         0x0000000000800118       0x8d Arduino-joystick.o
                0x0000000000800118                PrevJoystickHIDReportBuffer
                0x0000000000800120                USARTtoUSB_Buffer
 COMMON         0x00000000008001a5        0x2 ../../../Public/LUFA100807/LUFA/Drivers/USB/HighLevel/DeviceStandardReq.o
                0x00000000008001a5                USB_CurrentlySelfPowered
                0x00000000008001a6                USB_ConfigurationNumber
 COMMON         0x00000000008001a7        0x9 ../../../Public/LUFA100807/LUFA/Drivers/USB/HighLevel/USBTask.o
                0x00000000008001a7                USB_IsInitialized
                0x00000000008001a8                USB_ControlRequest
                0x00000000008001b0                PROVIDE (__bss_end, .)
                0x0000000000000fa2                __data_load_start = LOADADDR (.data)
                0x0000000000000fb0                __data_load_end = (__data_load_start + SIZEOF (.data))

.noinit         0x00000000008001b0        0x0
                0x00000000008001b0                PROVIDE (__noinit_start, .)
 *(.noinit*)
                0x00000000008001b0                PROVIDE (__noinit_end, .)
                0x00000000008001b0                _end = .
                0x00000000008001b0                PROVIDE (__heap_start, .)

.eeprom         0x0000000000810000        0x0
 *(.eeprom*)
                0x0000000000810000                __eeprom_end = .

.fuse
 *(.fuse)
 *(.lfuse)
 *(.hfuse)
 *(.efuse)

.lock
 *(.lock*)

.signature
 *(.signature*)

.stab           0x0000000000000000      0xa98
 *(.stab)
 .stab          0x0000000000000000      0x6cc /usr/local/lib/gcc/avr/4.5.3/../../../../avr/lib/avr35/crtm8u2.o
 .stab          0x00000000000006cc       0x84 /usr/local/lib/gcc/avr/4.5.3/../../../../avr/lib/avr35/libc.a(memcpy_P.o)
                                         0x90 (size before relaxing)
 .stab          0x0000000000000750       0xb4 /usr/local/lib/gcc/avr/4.5.3/../../../../avr/lib/avr35/libc.a(memcmp.o)
                                         0xc0 (size before relaxing)
 .stab          0x0000000000000804       0x84 /usr/local/lib/gcc/avr/4.5.3/../../../../avr/lib/avr35/libc.a(memcpy.o)
                                         0x90 (size before relaxing)
 .stab          0x0000000000000888       0x6c /usr/local/lib/gcc/avr/4.5.3/../../../../avr/lib/avr35/libc.a(memset.o)
                                         0x78 (size before relaxing)
 .stab          0x00000000000008f4       0x90 /usr/local/lib/gcc/avr/4.5.3/../../../../avr/lib/avr35/libc.a(eerd_byte_atmega8u2.o)
                                         0x9c (size before relaxing)
 .stab          0x0000000000000984      0x114 /usr/local/lib/gcc/avr/4.5.3/../../../../avr/lib/avr35/libc.a(eeupd_byte_atmega8u2.o)
                                        0x120 (size before relaxing)

.stabstr        0x0000000000000000      0x184
 *(.stabstr)
 .stabstr       0x0000000000000000      0x184 /usr/local/lib/gcc/avr/4.5.3/../../../../avr/lib/avr35/crtm8u2.o

.stab.excl
 *(.stab.excl)

.stab.exclstr
 *(.stab.exclstr)

.stab.index
 *(.stab.index)

.stab.indexstr
 *(.stab.indexstr)

.comment
 *(.comment)

.debug
 *(.debug)

.line
 *(.line)

.debug_srcinfo
 *(.debug_srcinfo)

.debug_sfnames
 *(.debug_sfnames)

.debug_aranges  0x0000000000000000      0x430
 *(.debug_aranges)
 .debug_aranges
                0x0000000000000000       0x68 Arduino-joystick.o
 .debug_aranges
                0x0000000000000068       0x20 Descriptors.o
 .debug_aranges
                0x0000000000000088       0x20 ../../../Public/LUFA100807/LUFA/Drivers/USB/LowLevel/Device.o
 .debug_aranges
                0x00000000000000a8       0xe8 ../../../Public/LUFA100807/LUFA/Drivers/USB/LowLevel/Endpoint.o
 .debug_aranges
                0x0000000000000190       0x30 ../../../Public/LUFA100807/LUFA/Drivers/USB/LowLevel/USBController.o
 .debug_aranges
                0x00000000000001c0       0x30 ../../../Public/LUFA100807/LUFA/Drivers/USB/LowLevel/USBInterrupt.o
 .debug_aranges
                0x00000000000001f0       0x38 ../../../Public/LUFA100807/LUFA/Drivers/USB/HighLevel/ConfigDescriptor.o
 .debug_aranges
                0x0000000000000228       0x20 ../../../Public/LUFA100807/LUFA/Drivers/USB/HighLevel/DeviceStandardReq.o
 .debug_aranges
                0x0000000000000248       0x20 ../../../Public/LUFA100807/LUFA/Drivers/USB/HighLevel/Events.o
 .debug_aranges
                0x0000000000000268       0x20 ../../../Public/LUFA100807/LUFA/Drivers/USB/HighLevel/USBTask.o
 .debug_aranges
                0x0000000000000288       0x28 ../../../Public/LUFA100807/LUFA/Drivers/USB/Class/Device/Audio.o
 .debug_aranges
                0x00000000000002b0       0xa0 ../../../Public/LUFA100807/LUFA/Drivers/USB/Class/Device/CDC.o
 .debug_aranges
                0x0000000000000350       0x30 ../../../Public/LUFA100807/LUFA/Drivers/USB/Class/Device/HID.o
 .debug_aranges
                0x0000000000000380       0x38 ../../../Public/LUFA100807/LUFA/Drivers/USB/Class/Device/MassStorage.o
 .debug_aranges
                0x00000000000003b8       0x38 ../../../Public/LUFA100807/LUFA/Drivers/USB/Class/Device/MIDI.o
 .debug_aranges
                0x00000000000003f0       0x40 ../../../Public/LUFA100807/LUFA/Drivers/USB/Class/Device/RNDIS.o

.debug_pubnames
                0x0000000000000000      0xbd3
 *(.debug_pubnames)
 .debug_pubnames
                0x0000000000000000      0x1b2 Arduino-joystick.o
 .debug_pubnames
                0x00000000000001b2       0xb1 Descriptors.o
 .debug_pubnames
                0x0000000000000263       0x32 ../../../Public/LUFA100807/LUFA/Drivers/USB/LowLevel/Device.o
 .debug_pubnames
                0x0000000000000295      0x365 ../../../Public/LUFA100807/LUFA/Drivers/USB/LowLevel/Endpoint.o
 .debug_pubnames
                0x00000000000005fa       0x47 ../../../Public/LUFA100807/LUFA/Drivers/USB/LowLevel/USBController.o
 .debug_pubnames
                0x0000000000000641       0x62 ../../../Public/LUFA100807/LUFA/Drivers/USB/LowLevel/USBInterrupt.o
 .debug_pubnames
                0x00000000000006a3       0x9b ../../../Public/LUFA100807/LUFA/Drivers/USB/HighLevel/ConfigDescriptor.o
 .debug_pubnames
                0x000000000000073e       0x70 ../../../Public/LUFA100807/LUFA/Drivers/USB/HighLevel/DeviceStandardReq.o
 .debug_pubnames
                0x00000000000007ae       0x25 ../../../Public/LUFA100807/LUFA/Drivers/USB/HighLevel/Events.o
 .debug_pubnames
                0x00000000000007d3       0x4f ../../../Public/LUFA100807/LUFA/Drivers/USB/HighLevel/USBTask.o
 .debug_pubnames
                0x0000000000000822       0x5d ../../../Public/LUFA100807/LUFA/Drivers/USB/Class/Device/Audio.o
 .debug_pubnames
                0x000000000000087f      0x173 ../../../Public/LUFA100807/LUFA/Drivers/USB/Class/Device/CDC.o
 .debug_pubnames
                0x00000000000009f2       0x70 ../../../Public/LUFA100807/LUFA/Drivers/USB/Class/Device/HID.o
 .debug_pubnames
                0x0000000000000a62       0x6d ../../../Public/LUFA100807/LUFA/Drivers/USB/Class/Device/MassStorage.o
 .debug_pubnames
                0x0000000000000acf       0x8e ../../../Public/LUFA100807/LUFA/Drivers/USB/Class/Device/MIDI.o
 .debug_pubnames
                0x0000000000000b5d       0x76 ../../../Public/LUFA100807/LUFA/Drivers/USB/Class/Device/RNDIS.o

.debug_info     0x0000000000000000     0x69fb
 *(.debug_info)
 .debug_info    0x0000000000000000      0x97a Arduino-joystick.o
 .debug_info    0x000000000000097a      0x640 Descriptors.o
 .debug_info    0x0000000000000fba       0xd8 ../../../Public/LUFA100807/LUFA/Drivers/USB/LowLevel/Device.o
 .debug_info    0x0000000000001092     0x14f2 ../../../Public/LUFA100807/LUFA/Drivers/USB/LowLevel/Endpoint.o
 .debug_info    0x0000000000002584        0x0 ../../../Public/LUFA100807/LUFA/Drivers/USB/LowLevel/Host.o
 .debug_info    0x0000000000002584        0x0 ../../../Public/LUFA100807/LUFA/Drivers/USB/LowLevel/Pipe.o
 .debug_info    0x0000000000002584      0x26a ../../../Public/LUFA100807/LUFA/Drivers/USB/LowLevel/USBController.o
 .debug_info    0x00000000000027ee      0x25b ../../../Public/LUFA100807/LUFA/Drivers/USB/LowLevel/USBInterrupt.o
 .debug_info    0x0000000000002a49      0x37d ../../../Public/LUFA100807/LUFA/Drivers/USB/HighLevel/ConfigDescriptor.o
 .debug_info    0x0000000000002dc6      0x68f ../../../Public/LUFA100807/LUFA/Drivers/USB/HighLevel/DeviceStandardReq.o
 .debug_info    0x0000000000003455       0x77 ../../../Public/LUFA100807/LUFA/Drivers/USB/HighLevel/Events.o
 .debug_info    0x00000000000034cc        0x0 ../../../Public/LUFA100807/LUFA/Drivers/USB/HighLevel/HostStandardReq.o
 .debug_info    0x00000000000034cc      0x227 ../../../Public/LUFA100807/LUFA/Drivers/USB/HighLevel/USBTask.o
 .debug_info    0x00000000000036f3        0x0 ../../../Public/LUFA100807/LUFA/Drivers/USB/Class/Host/HIDParser.o
 .debug_info    0x00000000000036f3      0x3df ../../../Public/LUFA100807/LUFA/Drivers/USB/Class/Device/Audio.o
 .debug_info    0x0000000000003ad2      0xb44 ../../../Public/LUFA100807/LUFA/Drivers/USB/Class/Device/CDC.o
 .debug_info    0x0000000000004616      0x6bd ../../../Public/LUFA100807/LUFA/Drivers/USB/Class/Device/HID.o
 .debug_info    0x0000000000004cd3      0x894 ../../../Public/LUFA100807/LUFA/Drivers/USB/Class/Device/MassStorage.o
 .debug_info    0x0000000000005567      0x5b5 ../../../Public/LUFA100807/LUFA/Drivers/USB/Class/Device/MIDI.o
 .debug_info    0x0000000000005b1c      0xedf ../../../Public/LUFA100807/LUFA/Drivers/USB/Class/Device/RNDIS.o
 .debug_info    0x00000000000069fb        0x0 ../../../Public/LUFA100807/LUFA/Drivers/USB/Class/Host/CDC.o
 .debug_info    0x00000000000069fb        0x0 ../../../Public/LUFA100807/LUFA/Drivers/USB/Class/Host/HID.o
 .debug_info    0x00000000000069fb        0x0 ../../../Public/LUFA100807/LUFA/Drivers/USB/Class/Host/MassStorage.o
 .debug_info    0x00000000000069fb        0x0 ../../../Public/LUFA100807/LUFA/Drivers/USB/Class/Host/MIDI.o
 .debug_info    0x00000000000069fb        0x0 ../../../Public/LUFA100807/LUFA/Drivers/USB/Class/Host/Printer.o
 .debug_info    0x00000000000069fb        0x0 ../../../Public/LUFA100807/LUFA/Drivers/USB/Class/Host/RNDIS.o
 .debug_info    0x00000000000069fb        0x0 ../../../Public/LUFA100807/LUFA/Drivers/USB/Class/Host/StillImage.o
 *(.gnu.linkonce.wi.*)

.debug_abbrev   0x0000000000000000     0x1896
 *(.debug_abbrev)
 .debug_abbrev  0x0000000000000000      0x237 Arduino-joystick.o
 .debug_abbrev  0x0000000000000237      0x15e Descriptors.o
 .debug_abbrev  0x0000000000000395       0x7d ../../../Public/LUFA100807/LUFA/Drivers/USB/LowLevel/Device.o
 .debug_abbrev  0x0000000000000412      0x1c5 ../../../Public/LUFA100807/LUFA/Drivers/USB/LowLevel/Endpoint.o
 .debug_abbrev  0x00000000000005d7        0x1 ../../../Public/LUFA100807/LUFA/Drivers/USB/LowLevel/Host.o
 .debug_abbrev  0x00000000000005d8        0x1 ../../../Public/LUFA100807/LUFA/Drivers/USB/LowLevel/Pipe.o
 .debug_abbrev  0x00000000000005d9      0x11b ../../../Public/LUFA100807/LUFA/Drivers/USB/LowLevel/USBController.o
 .debug_abbrev  0x00000000000006f4      0x109 ../../../Public/LUFA100807/LUFA/Drivers/USB/LowLevel/USBInterrupt.o
 .debug_abbrev  0x00000000000007fd      0x155 ../../../Public/LUFA100807/LUFA/Drivers/USB/HighLevel/ConfigDescriptor.o
 .debug_abbrev  0x0000000000000952      0x1e1 ../../../Public/LUFA100807/LUFA/Drivers/USB/HighLevel/DeviceStandardReq.o
 .debug_abbrev  0x0000000000000b33       0x41 ../../../Public/LUFA100807/LUFA/Drivers/USB/HighLevel/Events.o
 .debug_abbrev  0x0000000000000b74        0x1 ../../../Public/LUFA100807/LUFA/Drivers/USB/HighLevel/HostStandardReq.o
 .debug_abbrev  0x0000000000000b75      0x13f ../../../Public/LUFA100807/LUFA/Drivers/USB/HighLevel/USBTask.o
 .debug_abbrev  0x0000000000000cb4        0x1 ../../../Public/LUFA100807/LUFA/Drivers/USB/Class/Host/HIDParser.o
 .debug_abbrev  0x0000000000000cb5      0x152 ../../../Public/LUFA100807/LUFA/Drivers/USB/Class/Device/Audio.o
 .debug_abbrev  0x0000000000000e07      0x28e ../../../Public/LUFA100807/LUFA/Drivers/USB/Class/Device/CDC.o
 .debug_abbrev  0x0000000000001095      0x1cd ../../../Public/LUFA100807/LUFA/Drivers/USB/Class/Device/HID.o
 .debug_abbrev  0x0000000000001262      0x1f8 ../../../Public/LUFA100807/LUFA/Drivers/USB/Class/Device/MassStorage.o
 .debug_abbrev  0x000000000000145a      0x173 ../../../Public/LUFA100807/LUFA/Drivers/USB/Class/Device/MIDI.o
 .debug_abbrev  0x00000000000015cd      0x2c2 ../../../Public/LUFA100807/LUFA/Drivers/USB/Class/Device/RNDIS.o
 .debug_abbrev  0x000000000000188f        0x1 ../../../Public/LUFA100807/LUFA/Drivers/USB/Class/Host/CDC.o
 .debug_abbrev  0x0000000000001890        0x1 ../../../Public/LUFA100807/LUFA/Drivers/USB/Class/Host/HID.o
 .debug_abbrev  0x0000000000001891        0x1 ../../../Public/LUFA100807/LUFA/Drivers/USB/Class/Host/MassStorage.o
 .debug_abbrev  0x0000000000001892        0x1 ../../../Public/LUFA100807/LUFA/Drivers/USB/Class/Host/MIDI.o
 .debug_abbrev  0x0000000000001893        0x1 ../../../Public/LUFA100807/LUFA/Drivers/USB/Class/Host/Printer.o
 .debug_abbrev  0x0000000000001894        0x1 ../../../Public/LUFA100807/LUFA/Drivers/USB/Class/Host/RNDIS.o
 .debug_abbrev  0x0000000000001895        0x1 ../../../Public/LUFA100807/LUFA/Drivers/USB/Class/Host/StillImage.o

.debug_line     0x0000000000000000     0x592f
 *(.debug_line)
 .debug_line    0x0000000000000000      0x55c Arduino-joystick.o
 .debug_line    0x000000000000055c      0x223 Descriptors.o
 .debug_line    0x000000000000077f      0x117 ../../../Public/LUFA100807/LUFA/Drivers/USB/LowLevel/Device.o
 .debug_line    0x0000000000000896     0x1a36 ../../../Public/LUFA100807/LUFA/Drivers/USB/LowLevel/Endpoint.o
 .debug_line    0x00000000000022cc       0x24 ../../../Public/LUFA100807/LUFA/Drivers/USB/LowLevel/Host.o
 .debug_line    0x00000000000022f0       0x24 ../../../Public/LUFA100807/LUFA/Drivers/USB/LowLevel/Pipe.o
 .debug_line    0x0000000000002314      0x307 ../../../Public/LUFA100807/LUFA/Drivers/USB/LowLevel/USBController.o
 .debug_line    0x000000000000261b      0x367 ../../../Public/LUFA100807/LUFA/Drivers/USB/LowLevel/USBInterrupt.o
 .debug_line    0x0000000000002982      0x2ac ../../../Public/LUFA100807/LUFA/Drivers/USB/HighLevel/ConfigDescriptor.o
 .debug_line    0x0000000000002c2e      0x4b8 ../../../Public/LUFA100807/LUFA/Drivers/USB/HighLevel/DeviceStandardReq.o
 .debug_line    0x00000000000030e6       0x80 ../../../Public/LUFA100807/LUFA/Drivers/USB/HighLevel/Events.o
 .debug_line    0x0000000000003166       0x24 ../../../Public/LUFA100807/LUFA/Drivers/USB/HighLevel/HostStandardReq.o
 .debug_line    0x000000000000318a      0x1f8 ../../../Public/LUFA100807/LUFA/Drivers/USB/HighLevel/USBTask.o
 .debug_line    0x0000000000003382       0x24 ../../../Public/LUFA100807/LUFA/Drivers/USB/Class/Host/HIDParser.o
 .debug_line    0x00000000000033a6      0x31c ../../../Public/LUFA100807/LUFA/Drivers/USB/Class/Device/Audio.o
 .debug_line    0x00000000000036c2      0x8fa ../../../Public/LUFA100807/LUFA/Drivers/USB/Class/Device/CDC.o
 .debug_line    0x0000000000003fbc      0x601 ../../../Public/LUFA100807/LUFA/Drivers/USB/Class/Device/HID.o
 .debug_line    0x00000000000045bd      0x694 ../../../Public/LUFA100807/LUFA/Drivers/USB/Class/Device/MassStorage.o
 .debug_line    0x0000000000004c51      0x3cd ../../../Public/LUFA100807/LUFA/Drivers/USB/Class/Device/MIDI.o
 .debug_line    0x000000000000501e      0x815 ../../../Public/LUFA100807/LUFA/Drivers/USB/Class/Device/RNDIS.o
 .debug_line    0x0000000000005833       0x24 ../../../Public/LUFA100807/LUFA/Drivers/USB/Class/Host/CDC.o
 .debug_line    0x0000000000005857       0x24 ../../../Public/LUFA100807/LUFA/Drivers/USB/Class/Host/HID.o
 .debug_line    0x000000000000587b       0x24 ../../../Public/LUFA100807/LUFA/Drivers/USB/Class/Host/MassStorage.o
 .debug_line    0x000000000000589f       0x24 ../../../Public/LUFA100807/LUFA/Drivers/USB/Class/Host/MIDI.o
 .debug_line    0x00000000000058c3       0x24 ../../../Public/LUFA100807/LUFA/Drivers/USB/Class/Host/Printer.o
 .debug_line    0x00000000000058e7       0x24 ../../../Public/LUFA100807/LUFA/Drivers/USB/Class/Host/RNDIS.o
 .debug_line    0x000000000000590b       0x24 ../../../Public/LUFA100807/LUFA/Drivers/USB/Class/Host/StillImage.o

.debug_frame    0x0000000000000000      0x660
 *(.debug_frame)
 .debug_frame   0x0000000000000000       0xb0 Arduino-joystick.o
 .debug_frame   0x00000000000000b0       0x20 Descriptors.o
 .debug_frame   0x00000000000000d0       0x20 ../../../Public/LUFA100807/LUFA/Drivers/USB/LowLevel/Device.o
 .debug_frame   0x00000000000000f0      0x1b0 ../../../Public/LUFA100807/LUFA/Drivers/USB/LowLevel/Endpoint.o
 .debug_frame   0x00000000000002a0       0x40 ../../../Public/LUFA100807/LUFA/Drivers/USB/LowLevel/USBController.o
 .debug_frame   0x00000000000002e0       0x40 ../../../Public/LUFA100807/LUFA/Drivers/USB/LowLevel/USBInterrupt.o
 .debug_frame   0x0000000000000320       0x50 ../../../Public/LUFA100807/LUFA/Drivers/USB/HighLevel/ConfigDescriptor.o
 .debug_frame   0x0000000000000370       0x20 ../../../Public/LUFA100807/LUFA/Drivers/USB/HighLevel/DeviceStandardReq.o
 .debug_frame   0x0000000000000390       0x20 ../../../Public/LUFA100807/LUFA/Drivers/USB/HighLevel/Events.o
 .debug_frame   0x00000000000003b0       0x20 ../../../Public/LUFA100807/LUFA/Drivers/USB/HighLevel/USBTask.o
 .debug_frame   0x00000000000003d0       0x30 ../../../Public/LUFA100807/LUFA/Drivers/USB/Class/Device/Audio.o
 .debug_frame   0x0000000000000400      0x120 ../../../Public/LUFA100807/LUFA/Drivers/USB/Class/Device/CDC.o
 .debug_frame   0x0000000000000520       0x40 ../../../Public/LUFA100807/LUFA/Drivers/USB/Class/Device/HID.o
 .debug_frame   0x0000000000000560       0x50 ../../../Public/LUFA100807/LUFA/Drivers/USB/Class/Device/MassStorage.o
 .debug_frame   0x00000000000005b0       0x50 ../../../Public/LUFA100807/LUFA/Drivers/USB/Class/Device/MIDI.o
 .debug_frame   0x0000000000000600       0x60 ../../../Public/LUFA100807/LUFA/Drivers/USB/Class/Device/RNDIS.o

.debug_str      0x0000000000000000     0x2924
 *(.debug_str)
 .debug_str     0x0000000000000000      0x541 Arduino-joystick.o
                                        0x5ad (size before relaxing)
 .debug_str     0x0000000000000541      0x464 Descriptors.o
                                        0x5a1 (size before relaxing)
 .debug_str     0x00000000000009a5       0x86 ../../../Public/LUFA100807/LUFA/Drivers/USB/LowLevel/Device.o
                                        0x141 (size before relaxing)
 .debug_str     0x0000000000000a2b      0x7fd ../../../Public/LUFA100807/LUFA/Drivers/USB/LowLevel/Endpoint.o
                                        0x9c1 (size before relaxing)
 .debug_str     0x0000000000001228      0x11b ../../../Public/LUFA100807/LUFA/Drivers/USB/LowLevel/USBController.o
                                        0x29e (size before relaxing)
 .debug_str     0x0000000000001343       0xbe ../../../Public/LUFA100807/LUFA/Drivers/USB/LowLevel/USBInterrupt.o
                                        0x2bd (size before relaxing)
 .debug_str     0x0000000000001401      0x236 ../../../Public/LUFA100807/LUFA/Drivers/USB/HighLevel/ConfigDescriptor.o
                                        0x329 (size before relaxing)
 .debug_str     0x0000000000001637      0x2ea ../../../Public/LUFA100807/LUFA/Drivers/USB/HighLevel/DeviceStandardReq.o
                                        0x5aa (size before relaxing)
 .debug_str     0x0000000000001921       0x4e ../../../Public/LUFA100807/LUFA/Drivers/USB/HighLevel/Events.o
                                         0xef (size before relaxing)
 .debug_str     0x000000000000196f       0x84 ../../../Public/LUFA100807/LUFA/Drivers/USB/HighLevel/USBTask.o
                                        0x28b (size before relaxing)
 .debug_str     0x00000000000019f3      0x152 ../../../Public/LUFA100807/LUFA/Drivers/USB/Class/Device/Audio.o
                                        0x3ed (size before relaxing)
 .debug_str     0x0000000000001b45      0x313 ../../../Public/LUFA100807/LUFA/Drivers/USB/Class/Device/CDC.o
                                        0x88e (size before relaxing)
 .debug_str     0x0000000000001e58      0x12d ../../../Public/LUFA100807/LUFA/Drivers/USB/Class/Device/HID.o
                                        0x538 (size before relaxing)
 .debug_str     0x0000000000001f85      0x237 ../../../Public/LUFA100807/LUFA/Drivers/USB/Class/Device/MassStorage.o
                                        0x6c0 (size before relaxing)
 .debug_str     0x00000000000021bc      0x119 ../../../Public/LUFA100807/LUFA/Drivers/USB/Class/Device/MIDI.o
                                        0x5e5 (size before relaxing)
 .debug_str     0x00000000000022d5      0x64f ../../../Public/LUFA100807/LUFA/Drivers/USB/Class/Device/RNDIS.o
                                        0xaa1 (size before relaxing)

.debug_loc      0x0000000000000000     0x3433
 *(.debug_loc)
 .debug_loc     0x0000000000000000      0x20b Arduino-joystick.o
 .debug_loc     0x000000000000020b       0xec Descriptors.o
 .debug_loc     0x00000000000002f7     0x15e1 ../../../Public/LUFA100807/LUFA/Drivers/USB/LowLevel/Endpoint.o
 .debug_loc     0x00000000000018d8       0x13 ../../../Public/LUFA100807/LUFA/Drivers/USB/LowLevel/USBController.o
 .debug_loc     0x00000000000018eb       0x64 ../../../Public/LUFA100807/LUFA/Drivers/USB/LowLevel/USBInterrupt.o
 .debug_loc     0x000000000000194f      0x274 ../../../Public/LUFA100807/LUFA/Drivers/USB/HighLevel/ConfigDescriptor.o
 .debug_loc     0x0000000000001bc3      0x225 ../../../Public/LUFA100807/LUFA/Drivers/USB/HighLevel/DeviceStandardReq.o
 .debug_loc     0x0000000000001de8       0x27 ../../../Public/LUFA100807/LUFA/Drivers/USB/HighLevel/USBTask.o
 .debug_loc     0x0000000000001e0f      0x175 ../../../Public/LUFA100807/LUFA/Drivers/USB/Class/Device/Audio.o
 .debug_loc     0x0000000000001f84      0x5a2 ../../../Public/LUFA100807/LUFA/Drivers/USB/Class/Device/CDC.o
 .debug_loc     0x0000000000002526      0x27b ../../../Public/LUFA100807/LUFA/Drivers/USB/Class/Device/HID.o
 .debug_loc     0x00000000000027a1      0x274 ../../../Public/LUFA100807/LUFA/Drivers/USB/Class/Device/MassStorage.o
 .debug_loc     0x0000000000002a15      0x2d4 ../../../Public/LUFA100807/LUFA/Drivers/USB/Class/Device/MIDI.o
 .debug_loc     0x0000000000002ce9      0x74a ../../../Public/LUFA100807/LUFA/Drivers/USB/Class/Device/RNDIS.o

.debug_macinfo
 *(.debug_macinfo)
OUTPUT(Arduino-joystick.elf elf32-avr)
LOAD linker stubs

.debug_pubtypes
                0x0000000000000000      0xb14
 .debug_pubtypes
                0x0000000000000000       0x9c Arduino-joystick.o
 .debug_pubtypes
                0x000000000000009c      0x170 Descriptors.o
 .debug_pubtypes
                0x000000000000020c       0x1e ../../../Public/LUFA100807/LUFA/Drivers/USB/LowLevel/Device.o
 .debug_pubtypes
                0x000000000000022a       0xfb ../../../Public/LUFA100807/LUFA/Drivers/USB/LowLevel/Endpoint.o
 .debug_pubtypes
                0x0000000000000325       0x36 ../../../Public/LUFA100807/LUFA/Drivers/USB/LowLevel/USBController.o
 .debug_pubtypes
                0x000000000000035b       0x43 ../../../Public/LUFA100807/LUFA/Drivers/USB/LowLevel/USBInterrupt.o
 .debug_pubtypes
                0x000000000000039e       0xa6 ../../../Public/LUFA100807/LUFA/Drivers/USB/HighLevel/ConfigDescriptor.o
 .debug_pubtypes
                0x0000000000000444       0x76 ../../../Public/LUFA100807/LUFA/Drivers/USB/HighLevel/DeviceStandardReq.o
 .debug_pubtypes
                0x00000000000004ba       0x12 ../../../Public/LUFA100807/LUFA/Drivers/USB/HighLevel/Events.o
 .debug_pubtypes
                0x00000000000004cc       0x5c ../../../Public/LUFA100807/LUFA/Drivers/USB/HighLevel/USBTask.o
 .debug_pubtypes
                0x0000000000000528       0x7f ../../../Public/LUFA100807/LUFA/Drivers/USB/Class/Device/Audio.o
 .debug_pubtypes
                0x00000000000005a7       0xec ../../../Public/LUFA100807/LUFA/Drivers/USB/Class/Device/CDC.o
 .debug_pubtypes
                0x0000000000000693       0x95 ../../../Public/LUFA100807/LUFA/Drivers/USB/Class/Device/HID.o
 .debug_pubtypes
                0x0000000000000728      0x10e ../../../Public/LUFA100807/LUFA/Drivers/USB/Class/Device/MassStorage.o
 .debug_pubtypes
                0x0000000000000836       0xc7 ../../../Public/LUFA100807/LUFA/Drivers/USB/Class/Device/MIDI.o
 .debug_pubtypes
                0x00000000000008fd      0x217 ../../../Public/LUFA100807/LUFA/Drivers/USB/Class/Device/RNDIS.o

.debug_ranges   0x0000000000000000      0x408
 .debug_ranges  0x0000000000000000       0x58 Arduino-joystick.o
 .debug_ranges  0x0000000000000058       0x10 Descriptors.o
 .debug_ranges  0x0000000000000068       0x10 ../../../Public/LUFA100807/LUFA/Drivers/USB/LowLevel/Device.o
 .debug_ranges  0x0000000000000078      0x108 ../../../Public/LUFA100807/LUFA/Drivers/USB/LowLevel/Endpoint.o
 .debug_ranges  0x0000000000000180       0x20 ../../../Public/LUFA100807/LUFA/Drivers/USB/LowLevel/USBController.o
 .debug_ranges  0x00000000000001a0       0x20 ../../../Public/LUFA100807/LUFA/Drivers/USB/LowLevel/USBInterrupt.o
 .debug_ranges  0x00000000000001c0       0x28 ../../../Public/LUFA100807/LUFA/Drivers/USB/HighLevel/ConfigDescriptor.o
 .debug_ranges  0x00000000000001e8       0x10 ../../../Public/LUFA100807/LUFA/Drivers/USB/HighLevel/DeviceStandardReq.o
 .debug_ranges  0x00000000000001f8       0x10 ../../../Public/LUFA100807/LUFA/Drivers/USB/HighLevel/Events.o
 .debug_ranges  0x0000000000000208       0x10 ../../../Public/LUFA100807/LUFA/Drivers/USB/HighLevel/USBTask.o
 .debug_ranges  0x0000000000000218       0x18 ../../../Public/LUFA100807/LUFA/Drivers/USB/Class/Device/Audio.o
 .debug_ranges  0x0000000000000230       0xc0 ../../../Public/LUFA100807/LUFA/Drivers/USB/Class/Device/CDC.o
 .debug_ranges  0x00000000000002f0       0x20 ../../../Public/LUFA100807/LUFA/Drivers/USB/Class/Device/HID.o
 .debug_ranges  0x0000000000000310       0x28 ../../../Public/LUFA100807/LUFA/Drivers/USB/Class/Device/MassStorage.o
 .debug_ranges  0x0000000000000338       0x28 ../../../Public/LUFA100807/LUFA/Drivers/USB/Class/Device/MIDI.o
 .debug_ranges  0x0000000000000360       0xa8 ../../../Public/LUFA100807/LUFA/Drivers/USB/Class/Device/RNDIS.o

Cross Reference Table

Symbol                                            File
Audio_Device_ConfigureEndpoints                   ../../../Public/LUFA100807/LUFA/Drivers/USB/Class/Device/Audio.o
Audio_Device_ProcessControlRequest                ../../../Public/LUFA100807/LUFA/Drivers/USB/Class/Device/Audio.o
CALLBACK_HID_Device_CreateHIDReport               Arduino-joystick.o
                                                  ../../../Public/LUFA100807/LUFA/Drivers/USB/Class/Device/HID.o
CALLBACK_HID_Device_ProcessHIDReport              Arduino-joystick.o
                                                  ../../../Public/LUFA100807/LUFA/Drivers/USB/Class/Device/HID.o
CALLBACK_MS_Device_SCSICommandReceived            ../../../Public/LUFA100807/LUFA/Drivers/USB/Class/Device/MassStorage.o
CALLBACK_USB_GetDescriptor                        Descriptors.o
                                                  ../../../Public/LUFA100807/LUFA/Drivers/USB/HighLevel/DeviceStandardReq.o
CDC_Device_BytesReceived                          ../../../Public/LUFA100807/LUFA/Drivers/USB/Class/Device/CDC.o
CDC_Device_ConfigureEndpoints                     ../../../Public/LUFA100807/LUFA/Drivers/USB/Class/Device/CDC.o
CDC_Device_CreateBlockingStream                   ../../../Public/LUFA100807/LUFA/Drivers/USB/Class/Device/CDC.o
CDC_Device_CreateStream                           ../../../Public/LUFA100807/LUFA/Drivers/USB/Class/Device/CDC.o
CDC_Device_Event_Stub                             ../../../Public/LUFA100807/LUFA/Drivers/USB/Class/Device/CDC.o
CDC_Device_Flush                                  ../../../Public/LUFA100807/LUFA/Drivers/USB/Class/Device/CDC.o
CDC_Device_ProcessControlRequest                  ../../../Public/LUFA100807/LUFA/Drivers/USB/Class/Device/CDC.o
CDC_Device_ReceiveByte                            ../../../Public/LUFA100807/LUFA/Drivers/USB/Class/Device/CDC.o
CDC_Device_SendByte                               ../../../Public/LUFA100807/LUFA/Drivers/USB/Class/Device/CDC.o
CDC_Device_SendControlLineStateChange             ../../../Public/LUFA100807/LUFA/Drivers/USB/Class/Device/CDC.o
CDC_Device_SendString                             ../../../Public/LUFA100807/LUFA/Drivers/USB/Class/Device/CDC.o
CDC_Device_USBTask                                ../../../Public/LUFA100807/LUFA/Drivers/USB/Class/Device/CDC.o
ConfigurationDescriptor                           Descriptors.o
DeviceDescriptor                                  Descriptors.o
EVENT_CDC_Device_BreakSent                        ../../../Public/LUFA100807/LUFA/Drivers/USB/Class/Device/CDC.o
EVENT_CDC_Device_ControLineStateChanged           ../../../Public/LUFA100807/LUFA/Drivers/USB/Class/Device/CDC.o
EVENT_CDC_Device_LineEncodingChanged              ../../../Public/LUFA100807/LUFA/Drivers/USB/Class/Device/CDC.o
EVENT_USB_Device_ConfigurationChanged             Arduino-joystick.o
                                                  ../../../Public/LUFA100807/LUFA/Drivers/USB/HighLevel/DeviceStandardReq.o
EVENT_USB_Device_Connect                          Arduino-joystick.o
                                                  ../../../Public/LUFA100807/LUFA/Drivers/USB/LowLevel/USBInterrupt.o
EVENT_USB_Device_Disconnect                       Arduino-joystick.o
                                                  ../../../Public/LUFA100807/LUFA/Drivers/USB/LowLevel/USBInterrupt.o
EVENT_USB_Device_Reset                            ../../../Public/LUFA100807/LUFA/Drivers/USB/HighLevel/Events.o
                                                  ../../../Public/LUFA100807/LUFA/Drivers/USB/LowLevel/USBInterrupt.o
EVENT_USB_Device_StartOfFrame                     Arduino-joystick.o
                                                  ../../../Public/LUFA100807/LUFA/Drivers/USB/LowLevel/USBInterrupt.o
EVENT_USB_Device_Suspend                          ../../../Public/LUFA100807/LUFA/Drivers/USB/HighLevel/Events.o
EVENT_USB_Device_UnhandledControlRequest          Arduino-joystick.o
                                                  ../../../Public/LUFA100807/LUFA/Drivers/USB/HighLevel/DeviceStandardReq.o
EVENT_USB_Device_WakeUp                           ../../../Public/LUFA100807/LUFA/Drivers/USB/HighLevel/Events.o
Endpoint_BytesToEPSizeMaskDynamic                 ../../../Public/LUFA100807/LUFA/Drivers/USB/LowLevel/Endpoint.o
                                                  ../../../Public/LUFA100807/LUFA/Drivers/USB/Class/Device/RNDIS.o
                                                  ../../../Public/LUFA100807/LUFA/Drivers/USB/Class/Device/MIDI.o
                                                  ../../../Public/LUFA100807/LUFA/Drivers/USB/Class/Device/MassStorage.o
                                                  ../../../Public/LUFA100807/LUFA/Drivers/USB/Class/Device/HID.o
                                                  ../../../Public/LUFA100807/LUFA/Drivers/USB/Class/Device/CDC.o
                                                  ../../../Public/LUFA100807/LUFA/Drivers/USB/Class/Device/Audio.o
Endpoint_ClearEndpoints                           ../../../Public/LUFA100807/LUFA/Drivers/USB/LowLevel/Endpoint.o
                                                  ../../../Public/LUFA100807/LUFA/Drivers/USB/LowLevel/USBInterrupt.o
Endpoint_ClearStatusStage                         ../../../Public/LUFA100807/LUFA/Drivers/USB/LowLevel/Endpoint.o
                                                  ../../../Public/LUFA100807/LUFA/Drivers/USB/Class/Device/MassStorage.o
                                                  ../../../Public/LUFA100807/LUFA/Drivers/USB/Class/Device/HID.o
                                                  ../../../Public/LUFA100807/LUFA/Drivers/USB/Class/Device/CDC.o
                                                  ../../../Public/LUFA100807/LUFA/Drivers/USB/Class/Device/Audio.o
                                                  ../../../Public/LUFA100807/LUFA/Drivers/USB/HighLevel/DeviceStandardReq.o
Endpoint_ConfigureEndpoint_Prv                    ../../../Public/LUFA100807/LUFA/Drivers/USB/LowLevel/Endpoint.o
                                                  ../../../Public/LUFA100807/LUFA/Drivers/USB/Class/Device/RNDIS.o
                                                  ../../../Public/LUFA100807/LUFA/Drivers/USB/Class/Device/MIDI.o
                                                  ../../../Public/LUFA100807/LUFA/Drivers/USB/Class/Device/MassStorage.o
                                                  ../../../Public/LUFA100807/LUFA/Drivers/USB/Class/Device/HID.o
                                                  ../../../Public/LUFA100807/LUFA/Drivers/USB/Class/Device/CDC.o
                                                  ../../../Public/LUFA100807/LUFA/Drivers/USB/Class/Device/Audio.o
                                                  ../../../Public/LUFA100807/LUFA/Drivers/USB/LowLevel/USBInterrupt.o
Endpoint_Discard_Stream                           ../../../Public/LUFA100807/LUFA/Drivers/USB/LowLevel/Endpoint.o
Endpoint_Read_Control_EStream_BE                  ../../../Public/LUFA100807/LUFA/Drivers/USB/LowLevel/Endpoint.o
Endpoint_Read_Control_EStream_LE                  ../../../Public/LUFA100807/LUFA/Drivers/USB/LowLevel/Endpoint.o
Endpoint_Read_Control_Stream_BE                   ../../../Public/LUFA100807/LUFA/Drivers/USB/LowLevel/Endpoint.o
Endpoint_Read_Control_Stream_LE                   ../../../Public/LUFA100807/LUFA/Drivers/USB/LowLevel/Endpoint.o
                                                  ../../../Public/LUFA100807/LUFA/Drivers/USB/Class/Device/RNDIS.o
                                                  ../../../Public/LUFA100807/LUFA/Drivers/USB/Class/Device/HID.o
                                                  ../../../Public/LUFA100807/LUFA/Drivers/USB/Class/Device/CDC.o
Endpoint_Read_EStream_BE                          ../../../Public/LUFA100807/LUFA/Drivers/USB/LowLevel/Endpoint.o
Endpoint_Read_EStream_LE                          ../../../Public/LUFA100807/LUFA/Drivers/USB/LowLevel/Endpoint.o
Endpoint_Read_Stream_BE                           ../../../Public/LUFA100807/LUFA/Drivers/USB/LowLevel/Endpoint.o
Endpoint_Read_Stream_LE                           ../../../Public/LUFA100807/LUFA/Drivers/USB/LowLevel/Endpoint.o
                                                  ../../../Public/LUFA100807/LUFA/Drivers/USB/Class/Device/RNDIS.o
                                                  ../../../Public/LUFA100807/LUFA/Drivers/USB/Class/Device/MIDI.o
                                                  ../../../Public/LUFA100807/LUFA/Drivers/USB/Class/Device/MassStorage.o
Endpoint_WaitUntilReady                           ../../../Public/LUFA100807/LUFA/Drivers/USB/LowLevel/Endpoint.o
                                                  ../../../Public/LUFA100807/LUFA/Drivers/USB/Class/Device/MIDI.o
                                                  ../../../Public/LUFA100807/LUFA/Drivers/USB/Class/Device/CDC.o
Endpoint_Write_Control_EStream_BE                 ../../../Public/LUFA100807/LUFA/Drivers/USB/LowLevel/Endpoint.o
Endpoint_Write_Control_EStream_LE                 ../../../Public/LUFA100807/LUFA/Drivers/USB/LowLevel/Endpoint.o
Endpoint_Write_Control_PStream_BE                 ../../../Public/LUFA100807/LUFA/Drivers/USB/LowLevel/Endpoint.o
Endpoint_Write_Control_PStream_LE                 ../../../Public/LUFA100807/LUFA/Drivers/USB/LowLevel/Endpoint.o
                                                  ../../../Public/LUFA100807/LUFA/Drivers/USB/HighLevel/DeviceStandardReq.o
Endpoint_Write_Control_Stream_BE                  ../../../Public/LUFA100807/LUFA/Drivers/USB/LowLevel/Endpoint.o
Endpoint_Write_Control_Stream_LE                  ../../../Public/LUFA100807/LUFA/Drivers/USB/LowLevel/Endpoint.o
                                                  ../../../Public/LUFA100807/LUFA/Drivers/USB/Class/Device/RNDIS.o
                                                  ../../../Public/LUFA100807/LUFA/Drivers/USB/Class/Device/HID.o
                                                  ../../../Public/LUFA100807/LUFA/Drivers/USB/Class/Device/CDC.o
Endpoint_Write_EStream_BE                         ../../../Public/LUFA100807/LUFA/Drivers/USB/LowLevel/Endpoint.o
Endpoint_Write_EStream_LE                         ../../../Public/LUFA100807/LUFA/Drivers/USB/LowLevel/Endpoint.o
Endpoint_Write_PStream_BE                         ../../../Public/LUFA100807/LUFA/Drivers/USB/LowLevel/Endpoint.o
Endpoint_Write_PStream_LE                         ../../../Public/LUFA100807/LUFA/Drivers/USB/LowLevel/Endpoint.o
Endpoint_Write_Stream_BE                          ../../../Public/LUFA100807/LUFA/Drivers/USB/LowLevel/Endpoint.o
Endpoint_Write_Stream_LE                          ../../../Public/LUFA100807/LUFA/Drivers/USB/LowLevel/Endpoint.o
                                                  ../../../Public/LUFA100807/LUFA/Drivers/USB/Class/Device/RNDIS.o
                                                  ../../../Public/LUFA100807/LUFA/Drivers/USB/Class/Device/MIDI.o
                                                  ../../../Public/LUFA100807/LUFA/Drivers/USB/Class/Device/MassStorage.o
                                                  ../../../Public/LUFA100807/LUFA/Drivers/USB/Class/Device/HID.o
                                                  ../../../Public/LUFA100807/LUFA/Drivers/USB/Class/Device/CDC.o
HID_Device_ConfigureEndpoints                     ../../../Public/LUFA100807/LUFA/Drivers/USB/Class/Device/HID.o
                                                  Arduino-joystick.o
HID_Device_ProcessControlRequest                  ../../../Public/LUFA100807/LUFA/Drivers/USB/Class/Device/HID.o
                                                  Arduino-joystick.o
HID_Device_USBTask                                ../../../Public/LUFA100807/LUFA/Drivers/USB/Class/Device/HID.o
                                                  Arduino-joystick.o
JoystickReport                                    Descriptors.o
Joystick_HID_Interface                            Arduino-joystick.o
LanguageString                                    Descriptors.o
MIDI_Device_ConfigureEndpoints                    ../../../Public/LUFA100807/LUFA/Drivers/USB/Class/Device/MIDI.o
MIDI_Device_Flush                                 ../../../Public/LUFA100807/LUFA/Drivers/USB/Class/Device/MIDI.o
MIDI_Device_ReceiveEventPacket                    ../../../Public/LUFA100807/LUFA/Drivers/USB/Class/Device/MIDI.o
MIDI_Device_SendEventPacket                       ../../../Public/LUFA100807/LUFA/Drivers/USB/Class/Device/MIDI.o
MS_Device_ConfigureEndpoints                      ../../../Public/LUFA100807/LUFA/Drivers/USB/Class/Device/MassStorage.o
MS_Device_ProcessControlRequest                   ../../../Public/LUFA100807/LUFA/Drivers/USB/Class/Device/MassStorage.o
MS_Device_USBTask                                 ../../../Public/LUFA100807/LUFA/Drivers/USB/Class/Device/MassStorage.o
ManufacturerString                                Descriptors.o
PrevJoystickHIDReportBuffer                       Arduino-joystick.o
ProductString                                     Descriptors.o
RNDIS_Device_ConfigureEndpoints                   ../../../Public/LUFA100807/LUFA/Drivers/USB/Class/Device/RNDIS.o
RNDIS_Device_ProcessControlRequest                ../../../Public/LUFA100807/LUFA/Drivers/USB/Class/Device/RNDIS.o
RNDIS_Device_USBTask                              ../../../Public/LUFA100807/LUFA/Drivers/USB/Class/Device/RNDIS.o
SetupHardware                                     Arduino-joystick.o
USARTtoUSB_Buffer                                 Arduino-joystick.o
USB_ConfigurationNumber                           ../../../Public/LUFA100807/LUFA/Drivers/USB/HighLevel/DeviceStandardReq.o
                                                  ../../../Public/LUFA100807/LUFA/Drivers/USB/LowLevel/USBInterrupt.o
                                                  ../../../Public/LUFA100807/LUFA/Drivers/USB/LowLevel/USBController.o
USB_ControlRequest                                ../../../Public/LUFA100807/LUFA/Drivers/USB/Class/Device/RNDIS.o
                                                  ../../../Public/LUFA100807/LUFA/Drivers/USB/Class/Device/MassStorage.o
                                                  ../../../Public/LUFA100807/LUFA/Drivers/USB/Class/Device/HID.o
                                                  ../../../Public/LUFA100807/LUFA/Drivers/USB/Class/Device/CDC.o
                                                  ../../../Public/LUFA100807/LUFA/Drivers/USB/Class/Device/Audio.o
                                                  ../../../Public/LUFA100807/LUFA/Drivers/USB/HighLevel/USBTask.o
                                                  ../../../Public/LUFA100807/LUFA/Drivers/USB/HighLevel/DeviceStandardReq.o
                                                  ../../../Public/LUFA100807/LUFA/Drivers/USB/LowLevel/Endpoint.o
USB_CurrentlySelfPowered                          ../../../Public/LUFA100807/LUFA/Drivers/USB/HighLevel/DeviceStandardReq.o
                                                  ../../../Public/LUFA100807/LUFA/Drivers/USB/LowLevel/USBController.o
USB_Device_ProcessControlRequest                  ../../../Public/LUFA100807/LUFA/Drivers/USB/HighLevel/DeviceStandardReq.o
                                                  ../../../Public/LUFA100807/LUFA/Drivers/USB/HighLevel/USBTask.o
USB_Device_SendRemoteWakeup                       ../../../Public/LUFA100807/LUFA/Drivers/USB/LowLevel/Device.o
USB_Event_Stub                                    ../../../Public/LUFA100807/LUFA/Drivers/USB/HighLevel/Events.o
USB_GetNextDescriptorComp                         ../../../Public/LUFA100807/LUFA/Drivers/USB/HighLevel/ConfigDescriptor.o
USB_GetNextDescriptorOfType                       ../../../Public/LUFA100807/LUFA/Drivers/USB/HighLevel/ConfigDescriptor.o
USB_GetNextDescriptorOfTypeAfter                  ../../../Public/LUFA100807/LUFA/Drivers/USB/HighLevel/ConfigDescriptor.o
USB_GetNextDescriptorOfTypeBefore                 ../../../Public/LUFA100807/LUFA/Drivers/USB/HighLevel/ConfigDescriptor.o
USB_INT_ClearAllInterrupts                        ../../../Public/LUFA100807/LUFA/Drivers/USB/LowLevel/USBInterrupt.o
                                                  ../../../Public/LUFA100807/LUFA/Drivers/USB/LowLevel/USBController.o
USB_INT_DisableAllInterrupts                      ../../../Public/LUFA100807/LUFA/Drivers/USB/LowLevel/USBInterrupt.o
                                                  ../../../Public/LUFA100807/LUFA/Drivers/USB/LowLevel/USBController.o
USB_Init                                          ../../../Public/LUFA100807/LUFA/Drivers/USB/LowLevel/USBController.o
                                                  Arduino-joystick.o
USB_IsInitialized                                 ../../../Public/LUFA100807/LUFA/Drivers/USB/HighLevel/USBTask.o
                                                  ../../../Public/LUFA100807/LUFA/Drivers/USB/LowLevel/USBController.o
USB_ResetInterface                                ../../../Public/LUFA100807/LUFA/Drivers/USB/LowLevel/USBController.o
USB_ShutDown                                      ../../../Public/LUFA100807/LUFA/Drivers/USB/LowLevel/USBController.o
USB_USBTask                                       ../../../Public/LUFA100807/LUFA/Drivers/USB/HighLevel/USBTask.o
                                                  ../../../Public/LUFA100807/LUFA/Drivers/USB/Class/Device/MassStorage.o
                                                  ../../../Public/LUFA100807/LUFA/Drivers/USB/Class/Device/CDC.o
                                                  Arduino-joystick.o
__bad_interrupt                                   /usr/local/lib/gcc/avr/4.5.3/../../../../avr/lib/avr35/crtm8u2.o
__bss_end                                         /usr/local/lib/gcc/avr/4.5.3/avr35/libgcc.a(_clear_bss.o)
__bss_start                                       /usr/local/lib/gcc/avr/4.5.3/avr35/libgcc.a(_clear_bss.o)
__data_end                                        /usr/local/lib/gcc/avr/4.5.3/avr35/libgcc.a(_copy_data.o)
__data_load_start                                 /usr/local/lib/gcc/avr/4.5.3/avr35/libgcc.a(_copy_data.o)
__data_start                                      /usr/local/lib/gcc/avr/4.5.3/avr35/libgcc.a(_copy_data.o)
__do_clear_bss                                    /usr/local/lib/gcc/avr/4.5.3/avr35/libgcc.a(_clear_bss.o)
                                                  ../../../Public/LUFA100807/LUFA/Drivers/USB/Class/Host/StillImage.o
                                                  ../../../Public/LUFA100807/LUFA/Drivers/USB/Class/Host/RNDIS.o
                                                  ../../../Public/LUFA100807/LUFA/Drivers/USB/Class/Host/Printer.o
                                                  ../../../Public/LUFA100807/LUFA/Drivers/USB/Class/Host/MIDI.o
                                                  ../../../Public/LUFA100807/LUFA/Drivers/USB/Class/Host/MassStorage.o
                                                  ../../../Public/LUFA100807/LUFA/Drivers/USB/Class/Host/HID.o
                                                  ../../../Public/LUFA100807/LUFA/Drivers/USB/Class/Host/CDC.o
                                                  ../../../Public/LUFA100807/LUFA/Drivers/USB/Class/Device/RNDIS.o
                                                  ../../../Public/LUFA100807/LUFA/Drivers/USB/Class/Device/MIDI.o
                                                  ../../../Public/LUFA100807/LUFA/Drivers/USB/Class/Device/MassStorage.o
                                                  ../../../Public/LUFA100807/LUFA/Drivers/USB/Class/Device/HID.o
                                                  ../../../Public/LUFA100807/LUFA/Drivers/USB/Class/Device/CDC.o
                                                  ../../../Public/LUFA100807/LUFA/Drivers/USB/Class/Device/Audio.o
                                                  ../../../Public/LUFA100807/LUFA/Drivers/USB/Class/Host/HIDParser.o
                                                  ../../../Public/LUFA100807/LUFA/Drivers/USB/HighLevel/USBTask.o
                                                  ../../../Public/LUFA100807/LUFA/Drivers/USB/HighLevel/HostStandardReq.o
                                                  ../../../Public/LUFA100807/LUFA/Drivers/USB/HighLevel/Events.o
                                                  ../../../Public/LUFA100807/LUFA/Drivers/USB/HighLevel/DeviceStandardReq.o
                                                  ../../../Public/LUFA100807/LUFA/Drivers/USB/HighLevel/ConfigDescriptor.o
                                                  ../../../Public/LUFA100807/LUFA/Drivers/USB/LowLevel/USBInterrupt.o
                                                  ../../../Public/LUFA100807/LUFA/Drivers/USB/LowLevel/USBController.o
                                                  ../../../Public/LUFA100807/LUFA/Drivers/USB/LowLevel/Pipe.o
                                                  ../../../Public/LUFA100807/LUFA/Drivers/USB/LowLevel/Host.o
                                                  ../../../Public/LUFA100807/LUFA/Drivers/USB/LowLevel/Endpoint.o
                                                  ../../../Public/LUFA100807/LUFA/Drivers/USB/LowLevel/Device.o
                                                  Descriptors.o
                                                  Arduino-joystick.o
__do_copy_data                                    /usr/local/lib/gcc/avr/4.5.3/avr35/libgcc.a(_copy_data.o)
                                                  ../../../Public/LUFA100807/LUFA/Drivers/USB/Class/Host/StillImage.o
                                                  ../../../Public/LUFA100807/LUFA/Drivers/USB/Class/Host/RNDIS.o
                                                  ../../../Public/LUFA100807/LUFA/Drivers/USB/Class/Host/Printer.o
                                                  ../../../Public/LUFA100807/LUFA/Drivers/USB/Class/Host/MIDI.o
                                                  ../../../Public/LUFA100807/LUFA/Drivers/USB/Class/Host/MassStorage.o
                                                  ../../../Public/LUFA100807/LUFA/Drivers/USB/Class/Host/HID.o
                                                  ../../../Public/LUFA100807/LUFA/Drivers/USB/Class/Host/CDC.o
                                                  ../../../Public/LUFA100807/LUFA/Drivers/USB/Class/Device/RNDIS.o
                                                  ../../../Public/LUFA100807/LUFA/Drivers/USB/Class/Device/MIDI.o
                                                  ../../../Public/LUFA100807/LUFA/Drivers/USB/Class/Device/MassStorage.o
                                                  ../../../Public/LUFA100807/LUFA/Drivers/USB/Class/Device/HID.o
                                                  ../../../Public/LUFA100807/LUFA/Drivers/USB/Class/Device/CDC.o
                                                  ../../../Public/LUFA100807/LUFA/Drivers/USB/Class/Device/Audio.o
                                                  ../../../Public/LUFA100807/LUFA/Drivers/USB/Class/Host/HIDParser.o
                                                  ../../../Public/LUFA100807/LUFA/Drivers/USB/HighLevel/USBTask.o
                                                  ../../../Public/LUFA100807/LUFA/Drivers/USB/HighLevel/HostStandardReq.o
                                                  ../../../Public/LUFA100807/LUFA/Drivers/USB/HighLevel/Events.o
                                                  ../../../Public/LUFA100807/LUFA/Drivers/USB/HighLevel/DeviceStandardReq.o
                                                  ../../../Public/LUFA100807/LUFA/Drivers/USB/HighLevel/ConfigDescriptor.o
                                                  ../../../Public/LUFA100807/LUFA/Drivers/USB/LowLevel/USBInterrupt.o
                                                  ../../../Public/LUFA100807/LUFA/Drivers/USB/LowLevel/USBController.o
                                                  ../../../Public/LUFA100807/LUFA/Drivers/USB/LowLevel/Pipe.o
                                                  ../../../Public/LUFA100807/LUFA/Drivers/USB/LowLevel/Host.o
                                                  ../../../Public/LUFA100807/LUFA/Drivers/USB/LowLevel/Endpoint.o
                                                  ../../../Public/LUFA100807/LUFA/Drivers/USB/LowLevel/Device.o
                                                  Descriptors.o
                                                  Arduino-joystick.o
__eerd_byte_m8u2                                  /usr/local/lib/gcc/avr/4.5.3/../../../../avr/lib/avr35/libc.a(eerd_byte_atmega8u2.o)
                                                  ../../../Public/LUFA100807/LUFA/Drivers/USB/LowLevel/Endpoint.o
__eeupd_byte_m8u2                                 /usr/local/lib/gcc/avr/4.5.3/../../../../avr/lib/avr35/libc.a(eeupd_byte_atmega8u2.o)
                                                  ../../../Public/LUFA100807/LUFA/Drivers/USB/LowLevel/Endpoint.o
__eeupd_r18_m8u2                                  /usr/local/lib/gcc/avr/4.5.3/../../../../avr/lib/avr35/libc.a(eeupd_byte_atmega8u2.o)
__heap_end                                        /usr/local/lib/gcc/avr/4.5.3/../../../../avr/lib/avr35/crtm8u2.o
__init                                            /usr/local/lib/gcc/avr/4.5.3/../../../../avr/lib/avr35/crtm8u2.o
__stack                                           /usr/local/lib/gcc/avr/4.5.3/../../../../avr/lib/avr35/crtm8u2.o
__vector_1                                        /usr/local/lib/gcc/avr/4.5.3/../../../../avr/lib/avr35/crtm8u2.o
__vector_10                                       /usr/local/lib/gcc/avr/4.5.3/../../../../avr/lib/avr35/crtm8u2.o
__vector_11                                       ../../../Public/LUFA100807/LUFA/Drivers/USB/LowLevel/USBInterrupt.o
                                                  /usr/local/lib/gcc/avr/4.5.3/../../../../avr/lib/avr35/crtm8u2.o
__vector_12                                       /usr/local/lib/gcc/avr/4.5.3/../../../../avr/lib/avr35/crtm8u2.o
__vector_13                                       /usr/local/lib/gcc/avr/4.5.3/../../../../avr/lib/avr35/crtm8u2.o
__vector_14                                       /usr/local/lib/gcc/avr/4.5.3/../../../../avr/lib/avr35/crtm8u2.o
__vector_15                                       /usr/local/lib/gcc/avr/4.5.3/../../../../avr/lib/avr35/crtm8u2.o
__vector_16                                       /usr/local/lib/gcc/avr/4.5.3/../../../../avr/lib/avr35/crtm8u2.o
__vector_17                                       /usr/local/lib/gcc/avr/4.5.3/../../../../avr/lib/avr35/crtm8u2.o
__vector_18                                       /usr/local/lib/gcc/avr/4.5.3/../../../../avr/lib/avr35/crtm8u2.o
__vector_19                                       /usr/local/lib/gcc/avr/4.5.3/../../../../avr/lib/avr35/crtm8u2.o
__vector_2                                        /usr/local/lib/gcc/avr/4.5.3/../../../../avr/lib/avr35/crtm8u2.o
__vector_20                                       /usr/local/lib/gcc/avr/4.5.3/../../../../avr/lib/avr35/crtm8u2.o
__vector_21                                       /usr/local/lib/gcc/avr/4.5.3/../../../../avr/lib/avr35/crtm8u2.o
__vector_22                                       /usr/local/lib/gcc/avr/4.5.3/../../../../avr/lib/avr35/crtm8u2.o
__vector_23                                       Arduino-joystick.o
                                                  /usr/local/lib/gcc/avr/4.5.3/../../../../avr/lib/avr35/crtm8u2.o
__vector_24                                       /usr/local/lib/gcc/avr/4.5.3/../../../../avr/lib/avr35/crtm8u2.o
__vector_25                                       /usr/local/lib/gcc/avr/4.5.3/../../../../avr/lib/avr35/crtm8u2.o
__vector_26                                       /usr/local/lib/gcc/avr/4.5.3/../../../../avr/lib/avr35/crtm8u2.o
__vector_27                                       /usr/local/lib/gcc/avr/4.5.3/../../../../avr/lib/avr35/crtm8u2.o
__vector_28                                       /usr/local/lib/gcc/avr/4.5.3/../../../../avr/lib/avr35/crtm8u2.o
__vector_29                                       /usr/local/lib/gcc/avr/4.5.3/../../../../avr/lib/avr35/crtm8u2.o
__vector_3                                        /usr/local/lib/gcc/avr/4.5.3/../../../../avr/lib/avr35/crtm8u2.o
__vector_30                                       /usr/local/lib/gcc/avr/4.5.3/../../../../avr/lib/avr35/crtm8u2.o
__vector_31                                       /usr/local/lib/gcc/avr/4.5.3/../../../../avr/lib/avr35/crtm8u2.o
__vector_32                                       /usr/local/lib/gcc/avr/4.5.3/../../../../avr/lib/avr35/crtm8u2.o
__vector_33                                       /usr/local/lib/gcc/avr/4.5.3/../../../../avr/lib/avr35/crtm8u2.o
__vector_34                                       /usr/local/lib/gcc/avr/4.5.3/../../../../avr/lib/avr35/crtm8u2.o
__vector_35                                       /usr/local/lib/gcc/avr/4.5.3/../../../../avr/lib/avr35/crtm8u2.o
__vector_36                                       /usr/local/lib/gcc/avr/4.5.3/../../../../avr/lib/avr35/crtm8u2.o
__vector_37                                       /usr/local/lib/gcc/avr/4.5.3/../../../../avr/lib/avr35/crtm8u2.o
__vector_4                                        /usr/local/lib/gcc/avr/4.5.3/../../../../avr/lib/avr35/crtm8u2.o
__vector_5                                        /usr/local/lib/gcc/avr/4.5.3/../../../../avr/lib/avr35/crtm8u2.o
__vector_6                                        /usr/local/lib/gcc/avr/4.5.3/../../../../avr/lib/avr35/crtm8u2.o
__vector_7                                        /usr/local/lib/gcc/avr/4.5.3/../../../../avr/lib/avr35/crtm8u2.o
__vector_8                                        /usr/local/lib/gcc/avr/4.5.3/../../../../avr/lib/avr35/crtm8u2.o
__vector_9                                        /usr/local/lib/gcc/avr/4.5.3/../../../../avr/lib/avr35/crtm8u2.o
__vector_default                                  /usr/local/lib/gcc/avr/4.5.3/../../../../avr/lib/avr35/crtm8u2.o
__vectors                                         /usr/local/lib/gcc/avr/4.5.3/../../../../avr/lib/avr35/crtm8u2.o
_exit                                             /usr/local/lib/gcc/avr/4.5.3/avr35/libgcc.a(_exit.o)
exit                                              /usr/local/lib/gcc/avr/4.5.3/avr35/libgcc.a(_exit.o)
                                                  /usr/local/lib/gcc/avr/4.5.3/../../../../avr/lib/avr35/crtm8u2.o
joyReport                                         Arduino-joystick.o
led1_ticks                                        Arduino-joystick.o
main                                              Arduino-joystick.o
                                                  /usr/local/lib/gcc/avr/4.5.3/../../../../avr/lib/avr35/crtm8u2.o
memcmp                                            /usr/local/lib/gcc/avr/4.5.3/../../../../avr/lib/avr35/libc.a(memcmp.o)
                                                  ../../../Public/LUFA100807/LUFA/Drivers/USB/Class/Device/HID.o
memcpy                                            /usr/local/lib/gcc/avr/4.5.3/../../../../avr/lib/avr35/libc.a(memcpy.o)
                                                  ../../../Public/LUFA100807/LUFA/Drivers/USB/Class/Device/RNDIS.o
                                                  ../../../Public/LUFA100807/LUFA/Drivers/USB/Class/Device/HID.o
memcpy_P                                          /usr/local/lib/gcc/avr/4.5.3/../../../../avr/lib/avr35/libc.a(memcpy_P.o)
                                                  ../../../Public/LUFA100807/LUFA/Drivers/USB/Class/Device/RNDIS.o
memset                                            /usr/local/lib/gcc/avr/4.5.3/../../../../avr/lib/avr35/libc.a(memset.o)
                                                  ../../../Public/LUFA100807/LUFA/Drivers/USB/Class/Device/HID.o
