Archive member included because of file (symbol)

/usr/local/lib/gcc/avr/4.5.3/avr35/libgcc.a(_exit.o)
                              /usr/local/lib/gcc/avr/4.5.3/../../../../avr/lib/avr35/crtm8u2.o (exit)
/usr/local/lib/gcc/avr/4.5.3/avr35/libgcc.a(_copy_data.o)
                              Arduino-joystick.o (__do_copy_data)
/usr/local/lib/gcc/avr/4.5.3/avr35/libgcc.a(_clear_bss.o)
                              Arduino-joystick.o (__do_clear_bss)
/usr/local/lib/gcc/avr/4.5.3/../../../../avr/lib/avr35/libc.a(memcpy_P.o)
                              ../../../Public/LUFA100807/LUFA/Drivers/USB/Class/Device/RNDIS.o (memcpy_P)
/usr/local/lib/gcc/avr/4.5.3/../../../../avr/lib/avr35/libc.a(memcmp.o)
                              ../../../Public/LUFA100807/LUFA/Drivers/USB/Class/Device/HID.o (memcmp)
/usr/local/lib/gcc/avr/4.5.3/../../../../avr/lib/avr35/libc.a(memcpy.o)
                              ../../../Public/LUFA100807/LUFA/Drivers/USB/Class/Device/HID.o (memcpy)
/usr/local/lib/gcc/avr/4.5.3/../../../../avr/lib/avr35/libc.a(memset.o)
                              ../../../Public/LUFA100807/LUFA/Drivers/USB/Class/Device/HID.o (memset)
/usr/local/lib/gcc/avr/4.5.3/../../../../avr/lib/avr35/libc.a(eerd_byte_atmega8u2.o)
                              ../../../Public/LUFA100807/LUFA/Drivers/USB/LowLevel/Endpoint.o (__eerd_byte_m8u2)
/usr/local/lib/gcc/avr/4.5.3/../../../../avr/lib/avr35/libc.a(eeupd_byte_atmega8u2.o)
                              ../../../Public/LUFA100807/LUFA/Drivers/USB/LowLevel/Endpoint.o (__eeupd_byte_m8u2)

Allocating common symbols
Common symbol       size              file

USB_IsInitialized   0x1               ../../../Public/LUFA100807/LUFA/Drivers/USB/HighLevel/USBTask.o
USB_CurrentlySelfPowered
                    0x1               ../../../Public/LUFA100807/LUFA/Drivers/USB/HighLevel/DeviceStandardReq.o
USB_ControlRequest  0x8               ../../../Public/LUFA100807/LUFA/Drivers/USB/HighLevel/USBTask.o
USB_ConfigurationNumber
                    0x1               ../../../Public/LUFA100807/LUFA/Drivers/USB/HighLevel/DeviceStandardReq.o
PrevJoystickHIDReportBuffer
                    0x8               Arduino-joystick.o
USARTtoUSB_Buffer   0x85              Arduino-joystick.o

Discarded input sections

 .data          0x0000000000000000        0x0 /usr/local/lib/gcc/avr/4.5.3/../../../../avr/lib/avr35/crtm8u2.o
 .bss           0x0000000000000000        0x0 /usr/local/lib/gcc/avr/4.5.3/../../../../avr/lib/avr35/crtm8u2.o
 .text          0x0000000000000000        0x0 Arduino-joystick.o
 .text          0x0000000000000000        0x0 Descriptors.o
 .data          0x0000000000000000        0x0 Descriptors.o
 .bss           0x0000000000000000        0x0 Descriptors.o
 .text          0x0000000000000000        0x0 ../../../Public/LUFA100807/LUFA/Drivers/USB/LowLevel/Device.o
 .data          0x0000000000000000        0x0 ../../../Public/LUFA100807/LUFA/Drivers/USB/LowLevel/Device.o
 .bss           0x0000000000000000        0x0 ../../../Public/LUFA100807/LUFA/Drivers/USB/LowLevel/Device.o
 .text.USB_Device_SendRemoteWakeup
                0x0000000000000000       0x2e ../../../Public/LUFA100807/LUFA/Drivers/USB/LowLevel/Device.o
 .text          0x0000000000000000        0x0 ../../../Public/LUFA100807/LUFA/Drivers/USB/LowLevel/Endpoint.o
 .data          0x0000000000000000        0x0 ../../../Public/LUFA100807/LUFA/Drivers/USB/LowLevel/Endpoint.o
 .bss           0x0000000000000000        0x0 ../../../Public/LUFA100807/LUFA/Drivers/USB/LowLevel/Endpoint.o
 .text.Endpoint_Discard_Stream
                0x0000000000000000       0x66 ../../../Public/LUFA100807/LUFA/Drivers/USB/LowLevel/Endpoint.o
 .text.Endpoint_Write_PStream_LE
                0x0000000000000000       0x94 ../../../Public/LUFA100807/LUFA/Drivers/USB/LowLevel/Endpoint.o
 .text.Endpoint_Write_EStream_LE
                0x0000000000000000       0xa4 ../../../Public/LUFA100807/LUFA/Drivers/USB/LowLevel/Endpoint.o
 .text.Endpoint_Write_Stream_BE
                0x0000000000000000       0x8a ../../../Public/LUFA100807/LUFA/Drivers/USB/LowLevel/Endpoint.o
 .text.Endpoint_Write_EStream_BE
                0x0000000000000000       0x92 ../../../Public/LUFA100807/LUFA/Drivers/USB/LowLevel/Endpoint.o
 .text.Endpoint_Write_PStream_BE
                0x0000000000000000       0x8a ../../../Public/LUFA100807/LUFA/Drivers/USB/LowLevel/Endpoint.o
 .text.Endpoint_Read_Stream_LE
                0x0000000000000000       0x92 ../../../Public/LUFA100807/LUFA/Drivers/USB/LowLevel/Endpoint.o
 .text.Endpoint_Read_EStream_LE
                0x0000000000000000       0xa4 ../../../Public/LUFA100807/LUFA/Drivers/USB/LowLevel/Endpoint.o
 .text.Endpoint_Read_Stream_BE
                0x0000000000000000       0x8a ../../../Public/LUFA100807/LUFA/Drivers/USB/LowLevel/Endpoint.o
 .text.Endpoint_Read_EStream_BE
                0x0000000000000000       0x94 ../../../Public/LUFA100807/LUFA/Drivers/USB/LowLevel/Endpoint.o
 .text.Endpoint_Write_Control_EStream_LE
                0x0000000000000000       0xe0 ../../../Public/LUFA100807/LUFA/Drivers/USB/LowLevel/Endpoint.o
 .text.Endpoint_Write_Control_Stream_BE
                0x0000000000000000       0xb6 ../../../Public/LUFA100807/LUFA/Drivers/USB/LowLevel/Endpoint.o
 .text.Endpoint_Write_Control_PStream_BE
                0x0000000000000000       0xbc ../../../Public/LUFA100807/LUFA/Drivers/USB/LowLevel/Endpoint.o
 .text.Endpoint_Write_Control_EStream_BE
                0x0000000000000000       0xe6 ../../../Public/LUFA100807/LUFA/Drivers/USB/LowLevel/Endpoint.o
 .text.Endpoint_Read_Control_EStream_LE
                0x0000000000000000       0x88 ../../../Public/LUFA100807/LUFA/Drivers/USB/LowLevel/Endpoint.o
 .text.Endpoint_Read_Control_Stream_BE
                0x0000000000000000       0x7e ../../../Public/LUFA100807/LUFA/Drivers/USB/LowLevel/Endpoint.o
 .text.Endpoint_Read_Control_EStream_BE
                0x0000000000000000       0x90 ../../../Public/LUFA100807/LUFA/Drivers/USB/LowLevel/Endpoint.o
 .text          0x0000000000000000        0x0 ../../../Public/LUFA100807/LUFA/Drivers/USB/LowLevel/Host.o
 .data          0x0000000000000000        0x0 ../../../Public/LUFA100807/LUFA/Drivers/USB/LowLevel/Host.o
 .bss           0x0000000000000000        0x0 ../../../Public/LUFA100807/LUFA/Drivers/USB/LowLevel/Host.o
 .text          0x0000000000000000        0x0 ../../../Public/LUFA100807/LUFA/Drivers/USB/LowLevel/Pipe.o
 .data          0x0000000000000000        0x0 ../../../Public/LUFA100807/LUFA/Drivers/USB/LowLevel/Pipe.o
 .bss           0x0000000000000000        0x0 ../../../Public/LUFA100807/LUFA/Drivers/USB/LowLevel/Pipe.o
 .text          0x0000000000000000        0x0 ../../../Public/LUFA100807/LUFA/Drivers/USB/LowLevel/USBController.o
 .data          0x0000000000000000        0x0 ../../../Public/LUFA100807/LUFA/Drivers/USB/LowLevel/USBController.o
 .bss           0x0000000000000000        0x0 ../../../Public/LUFA100807/LUFA/Drivers/USB/LowLevel/USBController.o
 .text.USB_ShutDown
                0x0000000000000000       0x32 ../../../Public/LUFA100807/LUFA/Drivers/USB/LowLevel/USBController.o
 .text          0x0000000000000000        0x0 ../../../Public/LUFA100807/LUFA/Drivers/USB/LowLevel/USBInterrupt.o
 .data          0x0000000000000000        0x0 ../../../Public/LUFA100807/LUFA/Drivers/USB/LowLevel/USBInterrupt.o
 .bss           0x0000000000000000        0x0 ../../../Public/LUFA100807/LUFA/Drivers/USB/LowLevel/USBInterrupt.o
 .text          0x0000000000000000        0x0 ../../../Public/LUFA100807/LUFA/Drivers/USB/HighLevel/ConfigDescriptor.o
 .data          0x0000000000000000        0x0 ../../../Public/LUFA100807/LUFA/Drivers/USB/HighLevel/ConfigDescriptor.o
 .bss           0x0000000000000000        0x0 ../../../Public/LUFA100807/LUFA/Drivers/USB/HighLevel/ConfigDescriptor.o
 .text.USB_GetNextDescriptorOfType
                0x0000000000000000       0x44 ../../../Public/LUFA100807/LUFA/Drivers/USB/HighLevel/ConfigDescriptor.o
 .text.USB_GetNextDescriptorOfTypeBefore
                0x0000000000000000       0x4e ../../../Public/LUFA100807/LUFA/Drivers/USB/HighLevel/ConfigDescriptor.o
 .text.USB_GetNextDescriptorOfTypeAfter
                0x0000000000000000       0x34 ../../../Public/LUFA100807/LUFA/Drivers/USB/HighLevel/ConfigDescriptor.o
 .text.USB_GetNextDescriptorComp
                0x0000000000000000       0x7e ../../../Public/LUFA100807/LUFA/Drivers/USB/HighLevel/ConfigDescriptor.o
 .text          0x0000000000000000        0x0 ../../../Public/LUFA100807/LUFA/Drivers/USB/HighLevel/DeviceStandardReq.o
 .data          0x0000000000000000        0x0 ../../../Public/LUFA100807/LUFA/Drivers/USB/HighLevel/DeviceStandardReq.o
 .bss           0x0000000000000000        0x0 ../../../Public/LUFA100807/LUFA/Drivers/USB/HighLevel/DeviceStandardReq.o
 .text          0x0000000000000000        0x0 ../../../Public/LUFA100807/LUFA/Drivers/USB/HighLevel/Events.o
 .data          0x0000000000000000        0x0 ../../../Public/LUFA100807/LUFA/Drivers/USB/HighLevel/Events.o
 .bss           0x0000000000000000        0x0 ../../../Public/LUFA100807/LUFA/Drivers/USB/HighLevel/Events.o
 .text          0x0000000000000000        0x0 ../../../Public/LUFA100807/LUFA/Drivers/USB/HighLevel/HostStandardReq.o
 .data          0x0000000000000000        0x0 ../../../Public/LUFA100807/LUFA/Drivers/USB/HighLevel/HostStandardReq.o
 .bss           0x0000000000000000        0x0 ../../../Public/LUFA100807/LUFA/Drivers/USB/HighLevel/HostStandardReq.o
 .text          0x0000000000000000        0x0 ../../../Public/LUFA100807/LUFA/Drivers/USB/HighLevel/USBTask.o
 .data          0x0000000000000000        0x0 ../../../Public/LUFA100807/LUFA/Drivers/USB/HighLevel/USBTask.o
 .bss           0x0000000000000000        0x0 ../../../Public/LUFA100807/LUFA/Drivers/USB/HighLevel/USBTask.o
 .text          0x0000000000000000        0x0 ../../../Public/LUFA100807/LUFA/Drivers/USB/Class/Host/HIDParser.o
 .data          0x0000000000000000        0x0 ../../../Public/LUFA100807/LUFA/Drivers/USB/Class/Host/HIDParser.o
 .bss           0x0000000000000000        0x0 ../../../Public/LUFA100807/LUFA/Drivers/USB/Class/Host/HIDParser.o
 .text          0x0000000000000000        0x0 ../../../Public/LUFA100807/LUFA/Drivers/USB/Class/Device/Audio.o
 .data          0x0000000000000000        0x0 ../../../Public/LUFA100807/LUFA/Drivers/USB/Class/Device/Audio.o
 .bss           0x0000000000000000        0x0 ../../../Public/LUFA100807/LUFA/Drivers/USB/Class/Device/Audio.o
 .text.Audio_Device_ProcessControlRequest
                0x0000000000000000       0x4a ../../../Public/LUFA100807/LUFA/Drivers/USB/Class/Device/Audio.o
 .text.Audio_Device_ConfigureEndpoints
                0x0000000000000000       0x52 ../../../Public/LUFA100807/LUFA/Drivers/USB/Class/Device/Audio.o
 .text          0x0000000000000000        0x0 ../../../Public/LUFA100807/LUFA/Drivers/USB/Class/Device/CDC.o
 .data          0x0000000000000000        0x8 ../../../Public/LUFA100807/LUFA/Drivers/USB/Class/Device/CDC.o
 .bss           0x0000000000000000        0x0 ../../../Public/LUFA100807/LUFA/Drivers/USB/Class/Device/CDC.o
 .text.Endpoint_ConfigureEndpointStatic
                0x0000000000000000       0x32 ../../../Public/LUFA100807/LUFA/Drivers/USB/Class/Device/CDC.o
 .text.Endpoint_ConfigureEndpointDynamic
                0x0000000000000000       0x42 ../../../Public/LUFA100807/LUFA/Drivers/USB/Class/Device/CDC.o
 .text.CDC_Device_Event_Stub
                0x0000000000000000        0x2 ../../../Public/LUFA100807/LUFA/Drivers/USB/Class/Device/CDC.o
 .text.CDC_Device_ProcessControlRequest
                0x0000000000000000       0xe0 ../../../Public/LUFA100807/LUFA/Drivers/USB/Class/Device/CDC.o
 .text.CDC_Device_ConfigureEndpoints
                0x0000000000000000       0x78 ../../../Public/LUFA100807/LUFA/Drivers/USB/Class/Device/CDC.o
 .text.CDC_Device_SendString
                0x0000000000000000       0x36 ../../../Public/LUFA100807/LUFA/Drivers/USB/Class/Device/CDC.o
 .text.CDC_Device_SendByte
                0x0000000000000000       0x5a ../../../Public/LUFA100807/LUFA/Drivers/USB/Class/Device/CDC.o
 .text.CDC_Device_putchar
                0x0000000000000000       0x20 ../../../Public/LUFA100807/LUFA/Drivers/USB/Class/Device/CDC.o
 .text.CDC_Device_Flush
                0x0000000000000000       0x5a ../../../Public/LUFA100807/LUFA/Drivers/USB/Class/Device/CDC.o
 .text.CDC_Device_USBTask
                0x0000000000000000       0x20 ../../../Public/LUFA100807/LUFA/Drivers/USB/Class/Device/CDC.o
 .text.CDC_Device_BytesReceived
                0x0000000000000000       0x4c ../../../Public/LUFA100807/LUFA/Drivers/USB/Class/Device/CDC.o
 .text.CDC_Device_ReceiveByte
                0x0000000000000000       0x58 ../../../Public/LUFA100807/LUFA/Drivers/USB/Class/Device/CDC.o
 .text.CDC_Device_getchar_Blocking
                0x0000000000000000       0x36 ../../../Public/LUFA100807/LUFA/Drivers/USB/Class/Device/CDC.o
 .text.CDC_Device_getchar
                0x0000000000000000       0x18 ../../../Public/LUFA100807/LUFA/Drivers/USB/Class/Device/CDC.o
 .text.CDC_Device_SendControlLineStateChange
                0x0000000000000000       0x8a ../../../Public/LUFA100807/LUFA/Drivers/USB/Class/Device/CDC.o
 .text.CDC_Device_CreateStream
                0x0000000000000000       0x26 ../../../Public/LUFA100807/LUFA/Drivers/USB/Class/Device/CDC.o
 .text.CDC_Device_CreateBlockingStream
                0x0000000000000000       0x26 ../../../Public/LUFA100807/LUFA/Drivers/USB/Class/Device/CDC.o
 .text          0x0000000000000000        0x0 ../../../Public/LUFA100807/LUFA/Drivers/USB/Class/Device/HID.o
 .data          0x0000000000000000        0x0 ../../../Public/LUFA100807/LUFA/Drivers/USB/Class/Device/HID.o
 .bss           0x0000000000000000        0x0 ../../../Public/LUFA100807/LUFA/Drivers/USB/Class/Device/HID.o
 .text          0x0000000000000000        0x0 ../../../Public/LUFA100807/LUFA/Drivers/USB/Class/Device/MassStorage.o
 .data          0x0000000000000000        0x0 ../../../Public/LUFA100807/LUFA/Drivers/USB/Class/Device/MassStorage.o
 .bss           0x0000000000000000        0x2 ../../../Public/LUFA100807/LUFA/Drivers/USB/Class/Device/MassStorage.o
 .text.StreamCallback_MS_Device_AbortOnMassStoreReset
                0x0000000000000000       0x10 ../../../Public/LUFA100807/LUFA/Drivers/USB/Class/Device/MassStorage.o
 .text.MS_Device_ProcessControlRequest
                0x0000000000000000       0x6e ../../../Public/LUFA100807/LUFA/Drivers/USB/Class/Device/MassStorage.o
 .text.MS_Device_ConfigureEndpoints
                0x0000000000000000       0x76 ../../../Public/LUFA100807/LUFA/Drivers/USB/Class/Device/MassStorage.o
 .text.MS_Device_USBTask
                0x0000000000000000      0x1f4 ../../../Public/LUFA100807/LUFA/Drivers/USB/Class/Device/MassStorage.o
 .text          0x0000000000000000        0x0 ../../../Public/LUFA100807/LUFA/Drivers/USB/Class/Device/MIDI.o
 .data          0x0000000000000000        0x0 ../../../Public/LUFA100807/LUFA/Drivers/USB/Class/Device/MIDI.o
 .bss           0x0000000000000000        0x0 ../../../Public/LUFA100807/LUFA/Drivers/USB/Class/Device/MIDI.o
 .text.MIDI_Device_ConfigureEndpoints
                0x0000000000000000       0x74 ../../../Public/LUFA100807/LUFA/Drivers/USB/Class/Device/MIDI.o
 .text.MIDI_Device_SendEventPacket
                0x0000000000000000       0x44 ../../../Public/LUFA100807/LUFA/Drivers/USB/Class/Device/MIDI.o
 .text.MIDI_Device_Flush
                0x0000000000000000       0x2e ../../../Public/LUFA100807/LUFA/Drivers/USB/Class/Device/MIDI.o
 .text.MIDI_Device_ReceiveEventPacket
                0x0000000000000000       0x42 ../../../Public/LUFA100807/LUFA/Drivers/USB/Class/Device/MIDI.o
 .text          0x0000000000000000        0x0 ../../../Public/LUFA100807/LUFA/Drivers/USB/Class/Device/RNDIS.o
 .data          0x0000000000000000        0x8 ../../../Public/LUFA100807/LUFA/Drivers/USB/Class/Device/RNDIS.o
 .bss           0x0000000000000000        0x0 ../../../Public/LUFA100807/LUFA/Drivers/USB/Class/Device/RNDIS.o
 .text.Endpoint_ConfigureEndpointStatic
                0x0000000000000000       0x32 ../../../Public/LUFA100807/LUFA/Drivers/USB/Class/Device/RNDIS.o
 .text.Endpoint_ConfigureEndpointDynamic
                0x0000000000000000       0x42 ../../../Public/LUFA100807/LUFA/Drivers/USB/Class/Device/RNDIS.o
 .text.RNDIS_Device_ProcessControlRequest
                0x0000000000000000      0x610 ../../../Public/LUFA100807/LUFA/Drivers/USB/Class/Device/RNDIS.o
 .text.RNDIS_Device_ConfigureEndpoints
                0x0000000000000000       0x7e ../../../Public/LUFA100807/LUFA/Drivers/USB/Class/Device/RNDIS.o
 .text.RNDIS_Device_USBTask
                0x0000000000000000      0x1dc ../../../Public/LUFA100807/LUFA/Drivers/USB/Class/Device/RNDIS.o
 .progmem.data  0x0000000000000000       0x6c ../../../Public/LUFA100807/LUFA/Drivers/USB/Class/Device/RNDIS.o
 .text          0x0000000000000000        0x0 ../../../Public/LUFA100807/LUFA/Drivers/USB/Class/Host/CDC.o
 .data          0x0000000000000000        0x0 ../../../Public/LUFA100807/LUFA/Drivers/USB/Class/Host/CDC.o
 .bss           0x0000000000000000        0x0 ../../../Public/LUFA100807/LUFA/Drivers/USB/Class/Host/CDC.o
 .text          0x0000000000000000        0x0 ../../../Public/LUFA100807/LUFA/Drivers/USB/Class/Host/HID.o
 .data          0x0000000000000000        0x0 ../../../Public/LUFA100807/LUFA/Drivers/USB/Class/Host/HID.o
 .bss           0x0000000000000000        0x0 ../../../Public/LUFA100807/LUFA/Drivers/USB/Class/Host/HID.o
 .text          0x0000000000000000        0x0 ../../../Public/LUFA100807/LUFA/Drivers/USB/Class/Host/MassStorage.o
 .data          0x0000000000000000        0x0 ../../../Public/LUFA100807/LUFA/Drivers/USB/Class/Host/MassStorage.o
 .bss           0x0000000000000000        0x0 ../../../Public/LUFA100807/LUFA/Drivers/USB/Class/Host/MassStorage.o
 .text          0x0000000000000000        0x0 ../../../Public/LUFA100807/LUFA/Drivers/USB/Class/Host/MIDI.o
 .data          0x0000000000000000        0x0 ../../../Public/LUFA100807/LUFA/Drivers/USB/Class/Host/MIDI.o
 .bss           0x0000000000000000        0x0 ../../../Public/LUFA100807/LUFA/Drivers/USB/Class/Host/MIDI.o
 .text          0x0000000000000000        0x0 ../../../Public/LUFA100807/LUFA/Drivers/USB/Class/Host/Printer.o
 .data          0x0000000000000000        0x0 ../../../Public/LUFA100807/LUFA/Drivers/USB/Class/Host/Printer.o
 .bss           0x0000000000000000        0x0 ../../../Public/LUFA100807/LUFA/Drivers/USB/Class/Host/Printer.o
 .text          0x0000000000000000        0x0 ../../../Public/LUFA100807/LUFA/Drivers/USB/Class/Host/RNDIS.o
 .data          0x0000000000000000        0x0 ../../../Public/LUFA100807/LUFA/Drivers/USB/Class/Host/RNDIS.o
 .bss           0x0000000000000000        0x0 ../../../Public/LUFA100807/LUFA/Drivers/USB/Class/Host/RNDIS.o
 .text          0x0000000000000000        0x0 ../../../Public/LUFA100807/LUFA/Drivers/USB/Class/Host/StillImage.o
 .data          0x0000000000000000        0x0 ../../../Public/LUFA100807/LUFA/Drivers/USB/Class/Host/StillImage.o
 .bss           0x0000000000000000        0x0 ../../../Public/LUFA100807/LUFA/Drivers/USB/Class/Host/StillImage.o
 .text          0x0000000000000000        0x0 /usr/local/lib/gcc/avr/4.5.3/avr35/libgcc.a(_exit.o)
 .data          0x0000000000000000        0x0 /usr/local/lib/gcc/avr/4.5.3/avr35/libgcc.a(_exit.o)
 .bss           0x0000000000000000        0x0 /usr/local/lib/gcc/avr/4.5.3/avr35/libgcc.a(_exit.o)
 .text.libgcc   0x0000000000000000        0x0 /usr/local/lib/gcc/avr/4.5.3/avr35/libgcc.a(_exit.o)
 .text          0x0000000000000000        0x0 /usr/local/lib/gcc/avr/4.5.3/avr35/libgcc.a(_copy_data.o)
 .data          0x0000000000000000        0x0 /usr/local/lib/gcc/avr/4.5.3/avr35/libgcc.a(_copy_data.o)
 .bss           0x0000000000000000        0x0 /usr/local/lib/gcc/avr/4.5.3/avr35/libgcc.a(_copy_data.o)
 .text.libgcc   0x0000000000000000        0x0 /usr/local/lib/gcc/avr/4.5.3/avr35/libgcc.a(_copy_data.o)
 .text          0x0000000000000000        0x0 /usr/local/lib/gcc/avr/4.5.3/avr35/libgcc.a(_clear_bss.o)
 .data          0x0000000000000000        0x0 /usr/local/lib/gcc/avr/4.5.3/avr35/libgcc.a(_clear_bss.o)
 .bss           0x0000000000000000        0x0 /usr/local/lib/gcc/avr/4.5.3/avr35/libgcc.a(_clear_bss.o)
 .text.libgcc   0x0000000000000000        0x0 /usr/local/lib/gcc/avr/4.5.3/avr35/libgcc.a(_clear_bss.o)
 .text          0x0000000000000000        0x0 /usr/local/lib/gcc/avr/4.5.3/../../../../avr/lib/avr35/libc.a(memcpy_P.o)
 .data          0x0000000000000000        0x0 /usr/local/lib/gcc/avr/4.5.3/../../../../avr/lib/avr35/libc.a(memcpy_P.o)
 .bss           0x0000000000000000        0x0 /usr/local/lib/gcc/avr/4.5.3/../../../../avr/lib/avr35/libc.a(memcpy_P.o)
 .text.avr-libc
                0x0000000000000000       0x12 /usr/local/lib/gcc/avr/4.5.3/../../../../avr/lib/avr35/libc.a(memcpy_P.o)
 .text          0x0000000000000000        0x0 /usr/local/lib/gcc/avr/4.5.3/../../../../avr/lib/avr35/libc.a(memcmp.o)
 .data          0x0000000000000000        0x0 /usr/local/lib/gcc/avr/4.5.3/../../../../avr/lib/avr35/libc.a(memcmp.o)
 .bss           0x0000000000000000        0x0 /usr/local/lib/gcc/avr/4.5.3/../../../../avr/lib/avr35/libc.a(memcmp.o)
 .text          0x0000000000000000        0x0 /usr/local/lib/gcc/avr/4.5.3/../../../../avr/lib/avr35/libc.a(memcpy.o)
 .data          0x0000000000000000        0x0 /usr/local/lib/gcc/avr/4.5.3/../../../../avr/lib/avr35/libc.a(memcpy.o)
 .bss           0x0000000000000000        0x0 /usr/local/lib/gcc/avr/4.5.3/../../../../avr/lib/avr35/libc.a(memcpy.o)
 .text          0x0000000000000000        0x0 /usr/local/lib/gcc/avr/4.5.3/../../../../avr/lib/avr35/libc.a(memset.o)
 .data          0x0000000000000000        0x0 /usr/local/lib/gcc/avr/4.5.3/../../../../avr/lib/avr35/libc.a(memset.o)
 .bss           0x0000000000000000        0x0 /usr/local/lib/gcc/avr/4.5.3/../../../../avr/lib/avr35/libc.a(memset.o)
 .text          0x0000000000000000        0x0 /usr/local/lib/gcc/avr/4.5.3/../../../../avr/lib/avr35/libc.a(eerd_byte_atmega8u2.o)
 .data          0x0000000000000000        0x0 /usr/local/lib/gcc/avr/4.5.3/../../../../avr/lib/avr35/libc.a(eerd_byte_atmega8u2.o)
 .bss           0x0000000000000000        0x0 /usr/local/lib/gcc/avr/4.5.3/../../../../avr/lib/avr35/libc.a(eerd_byte_atmega8u2.o)
 .text.avr-libc
                0x0000000000000000       0x10 /usr/local/lib/gcc/avr/4.5.3/../../../../avr/lib/avr35/libc.a(eerd_byte_atmega8u2.o)
 .text          0x0000000000000000        0x0 /usr/local/lib/gcc/avr/4.5.3/../../../../avr/lib/avr35/libc.a(eeupd_byte_atmega8u2.o)
 .data          0x0000000000000000        0x0 /usr/local/lib/gcc/avr/4.5.3/../../../../avr/lib/avr35/libc.a(eeupd_byte_atmega8u2.o)
 .bss           0x0000000000000000        0x0 /usr/local/lib/gcc/avr/4.5.3/../../../../avr/lib/avr35/libc.a(eeupd_byte_atmega8u2.o)
 .text.avr-libc
                0x0000000000000000       0x24 /usr/local/lib/gcc/avr/4.5.3/../../../../avr/lib/avr35/libc.a(eeupd_byte_atmega8u2.o)

Memory Configuration

Name             Origin             Length             Attributes
text             0x0000000000000000 0x0000000000010000 xr
data             0x0000000000800060 0x000000000000ffa0 rw !x
eeprom           0x0000000000810000 0x0000000000010000 rw !x
fuse             0x0000000000820000 0x0000000000000400 rw !x
lock             0x0000000000830000 0x0000000000000400 rw !x
signature        0x0000000000840000 0x0000000000000400 rw !x
*default*        0x0000000000000000 0xffffffffffffffff

Linker script and memory map

Address of section .data set to 0x800100
LOAD /usr/local/lib/gcc/avr/4.5.3/../../../../avr/lib/avr35/crtm8u2.o
LOAD Arduino-joystick.o
LOAD Descriptors.o
LOAD ../../../Public/LUFA100807/LUFA/Drivers/USB/LowLevel/Device.o
LOAD ../../../Public/LUFA100807/LUFA/Drivers/USB/LowLevel/Endpoint.o
LOAD ../../../Public/LUFA100807/LUFA/Drivers/USB/LowLevel/Host.o
LOAD ../../../Public/LUFA100807/LUFA/Drivers/USB/LowLevel/Pipe.o
LOAD ../../../Public/LUFA100807/LUFA/Drivers/USB/LowLevel/USBController.o
LOAD ../../../Public/LUFA100807/LUFA/Drivers/USB/LowLevel/USBInterrupt.o
LOAD ../../../Public/LUFA100807/LUFA/Drivers/USB/HighLevel/ConfigDescriptor.o
LOAD ../../../Public/LUFA100807/LUFA/Drivers/USB/HighLevel/DeviceStandardReq.o
LOAD ../../../Public/LUFA100807/LUFA/Drivers/USB/HighLevel/Events.o
LOAD ../../../Public/LUFA100807/LUFA/Drivers/USB/HighLevel/HostStandardReq.o
LOAD ../../../Public/LUFA100807/LUFA/Drivers/USB/HighLevel/USBTask.o
LOAD ../../../Public/LUFA100807/LUFA/Drivers/USB/Class/Host/HIDParser.o
LOAD ../../../Public/LUFA100807/LUFA/Drivers/USB/Class/Device/Audio.o
LOAD ../../../Public/LUFA100807/LUFA/Drivers/USB/Class/Device/CDC.o
LOAD ../../../Public/LUFA100807/LUFA/Drivers/USB/Class/Device/HID.o
LOAD ../../../Public/LUFA100807/LUFA/Drivers/USB/Class/Device/MassStorage.o
LOAD ../../../Public/LUFA100807/LUFA/Drivers/USB/Class/Device/MIDI.o
LOAD ../../../Public/LUFA100807/LUFA/Drivers/USB/Class/Device/RNDIS.o
LOAD ../../../Public/LUFA100807/LUFA/Drivers/USB/Class/Host/CDC.o
LOAD ../../../Public/LUFA100807/LUFA/Drivers/USB/Class/Host/HID.o
LOAD ../../../Public/LUFA100807/LUFA/Drivers/USB/Class/Host/MassStorage.o
LOAD ../../../Public/LUFA100807/LUFA/Drivers/USB/Class/Host/MIDI.o
LOAD ../../../Public/LUFA100807/LUFA/Drivers/USB/Class/Host/Printer.o
LOAD ../../../Public/LUFA100807/LUFA/Drivers/USB/Class/Host/RNDIS.o
LOAD ../../../Public/LUFA100807/LUFA/Drivers/USB/Class/Host/StillImage.o
LOAD /usr/local/lib/gcc/avr/4.5.3/../../../../avr/lib/avr35/libm.a
LOAD /usr/local/lib/gcc/avr/4.5.3/avr35/libgcc.a
LOAD /usr/local/lib/gcc/avr/4.5.3/../../../../avr/lib/avr35/libc.a
LOAD /usr/local/lib/gcc/avr/4.5.3/avr35/libgcc.a

.hash
 *(.hash)

.dynsym
 *(.dynsym)

.dynstr
 *(.dynstr)

.gnu.version
 *(.gnu.version)

.gnu.version_d
 *(.gnu.version_d)

.gnu.version_r
 *(.gnu.version_r)

.rel.init
 *(.rel.init)

.rela.init
 *(.rela.init)

.rel.text
 *(.rel.text)
 *(.rel.text.*)
 *(.rel.gnu.linkonce.t*)

.rela.text
 *(.rela.text)
 *(.rela.text.*)
 *(.rela.gnu.linkonce.t*)

.rel.fini
 *(.rel.fini)

.rela.fini
 *(.rela.fini)

.rel.rodata
 *(.rel.rodata)
 *(.rel.rodata.*)
 *(.rel.gnu.linkonce.r*)

.rela.rodata
 *(.rela.rodata)
 *(.rela.rodata.*)
 *(.rela.gnu.linkonce.r*)

.rel.data
 *(.rel.data)
 *(.rel.data.*)
 *(.rel.gnu.linkonce.d*)

.rela.data
 *(.rela.data)
 *(.rela.data.*)
 *(.rela.gnu.linkonce.d*)

.rel.ctors
 *(.rel.ctors)

.rela.ctors
 *(.rela.ctors)

.rel.dtors
 *(.rel.dtors)

.rela.dtors
 *(.rela.dtors)

.rel.got
 *(.rel.got)

.rela.got
 *(.rela.got)

.rel.bss
 *(.rel.bss)

.rela.bss
 *(.rela.bss)

.rel.plt
 *(.rel.plt)

.rela.plt
 *(.rela.plt)

.text           0x0000000000000000      0xf60
 *(.vectors)
 .vectors       0x0000000000000000       0x98 /usr/local/lib/gcc/avr/4.5.3/../../../../avr/lib/avr35/crtm8u2.o
                0x0000000000000000                __vectors
                0x0000000000000000                __vector_default
 *(.vectors)
 *(.progmem.gcc*)
 *(.progmem*)
 .progmem.data  0x0000000000000098       0x97 Descriptors.o
                0x0000000000000098                JoystickReport
                0x00000000000000c3                DeviceDescriptor
                0x00000000000000d5                ConfigurationDescriptor
                0x00000000000000f7                LanguageString
                0x00000000000000fb                ManufacturerString
                0x0000000000000109                ProductString
                0x0000000000000130                . = ALIGN (0x2)
 *fill*         0x000000000000012f        0x1 00
                0x0000000000000130                __trampolines_start = .
 *(.trampolines)
 .trampolines   0x0000000000000130        0x0 linker stubs
 *(.trampolines*)
                0x0000000000000130                __trampolines_end = .
 *(.jumptables)
 *(.jumptables*)
 *(.lowtext)
 *(.lowtext*)
                0x0000000000000130                __ctors_start = .
 *(.ctors)
                0x0000000000000130                __ctors_end = .
                0x0000000000000130                __dtors_start = .
 *(.dtors)
                0x0000000000000130                __dtors_end = .
 SORT(*)(.ctors)
 SORT(*)(.dtors)
 *(.init0)
 .init0         0x0000000000000130        0x0 /usr/local/lib/gcc/avr/4.5.3/../../../../avr/lib/avr35/crtm8u2.o
                0x0000000000000130                __init
 *(.init0)
 *(.init1)
 *(.init1)
 *(.init2)
 .init2         0x0000000000000130        0xc /usr/local/lib/gcc/avr/4.5.3/../../../../avr/lib/avr35/crtm8u2.o
 *(.init2)
 *(.init3)
 *(.init3)
 *(.init4)
 .init4         0x000000000000013c       0x16 /usr/local/lib/gcc/avr/4.5.3/avr35/libgcc.a(_copy_data.o)
                0x000000000000013c                __do_copy_data
 .init4         0x0000000000000152       0x10 /usr/local/lib/gcc/avr/4.5.3/avr35/libgcc.a(_clear_bss.o)
                0x0000000000000152                __do_clear_bss
 *(.init4)
 *(.init5)
 *(.init5)
 *(.init6)
 *(.init6)
 *(.init7)
 *(.init7)
 *(.init8)
 *(.init8)
 *(.init9)
 .init9         0x0000000000000162        0x4 /usr/local/lib/gcc/avr/4.5.3/../../../../avr/lib/avr35/crtm8u2.o
 *(.init9)
 *(.text)
 .text          0x0000000000000166        0x2 /usr/local/lib/gcc/avr/4.5.3/../../../../avr/lib/avr35/crtm8u2.o
                0x0000000000000166                __vector_22
                0x0000000000000166                __vector_28
                0x0000000000000166                __vector_1
                0x0000000000000166                __vector_32
                0x0000000000000166                __vector_34
                0x0000000000000166                __vector_24
                0x0000000000000166                __vector_12
                0x0000000000000166                __bad_interrupt
                0x0000000000000166                __vector_6
                0x0000000000000166                __vector_31
                0x0000000000000166                __vector_35
                0x0000000000000166                __vector_3
                0x0000000000000166                __vector_30
                0x0000000000000166                __vector_25
                0x0000000000000166                __vector_13
                0x0000000000000166                __vector_17
                0x0000000000000166                __vector_19
                0x0000000000000166                __vector_7
                0x0000000000000166                __vector_27
                0x0000000000000166                __vector_5
                0x0000000000000166                __vector_33
                0x0000000000000166                __vector_37
                0x0000000000000166                __vector_4
                0x0000000000000166                __vector_9
                0x0000000000000166                __vector_2
                0x0000000000000166                __vector_21
                0x0000000000000166                __vector_15
                0x0000000000000166                __vector_36
                0x0000000000000166                __vector_29
                0x0000000000000166                __vector_8
                0x0000000000000166                __vector_26
                0x0000000000000166                __vector_14
                0x0000000000000166                __vector_10
                0x0000000000000166                __vector_16
                0x0000000000000166                __vector_18
                0x0000000000000166                __vector_20
                0x0000000000000168                . = ALIGN (0x2)
 *(.text.*)
 .text.SetupHardware
                0x0000000000000168       0x54 Arduino-joystick.o
                0x0000000000000168                SetupHardware
 .text.main     0x00000000000001bc       0x28 Arduino-joystick.o
                0x00000000000001bc                main
 .text.EVENT_USB_Device_Connect
                0x00000000000001e4        0x2 Arduino-joystick.o
                0x00000000000001e4                EVENT_USB_Device_Connect
 .text.EVENT_USB_Device_Disconnect
                0x00000000000001e6        0x2 Arduino-joystick.o
                0x00000000000001e6                EVENT_USB_Device_Disconnect
 .text.EVENT_USB_Device_ConfigurationChanged
                0x00000000000001e8       0x12 Arduino-joystick.o
                0x00000000000001e8                EVENT_USB_Device_ConfigurationChanged
 .text.EVENT_USB_Device_UnhandledControlRequest
                0x00000000000001fa        0x6 Arduino-joystick.o
                0x00000000000001fa                EVENT_USB_Device_UnhandledControlRequest
 .text.EVENT_USB_Device_StartOfFrame
                0x0000000000000200       0x18 Arduino-joystick.o
                0x0000000000000200                EVENT_USB_Device_StartOfFrame
 .text.CALLBACK_HID_Device_CreateHIDReport
                0x0000000000000218       0x84 Arduino-joystick.o
                0x0000000000000218                CALLBACK_HID_Device_CreateHIDReport
 .text.CALLBACK_HID_Device_ProcessHIDReport
                0x000000000000029c        0x2 Arduino-joystick.o
                0x000000000000029c                CALLBACK_HID_Device_ProcessHIDReport
 .text.__vector_23
                0x000000000000029e       0x7e Arduino-joystick.o
                0x000000000000029e                __vector_23
 .text.CALLBACK_USB_GetDescriptor
                0x000000000000031c       0x7c Descriptors.o
                0x000000000000031c                CALLBACK_USB_GetDescriptor
 .text.Endpoint_BytesToEPSizeMaskDynamic
                0x0000000000000398       0x1c ../../../Public/LUFA100807/LUFA/Drivers/USB/LowLevel/Endpoint.o
                0x0000000000000398                Endpoint_BytesToEPSizeMaskDynamic
 .text.Endpoint_ConfigureEndpoint_Prv
                0x00000000000003b4       0x26 ../../../Public/LUFA100807/LUFA/Drivers/USB/LowLevel/Endpoint.o
                0x00000000000003b4                Endpoint_ConfigureEndpoint_Prv
 .text.Endpoint_ClearEndpoints
                0x00000000000003da       0x28 ../../../Public/LUFA100807/LUFA/Drivers/USB/LowLevel/Endpoint.o
                0x00000000000003da                Endpoint_ClearEndpoints
 .text.Endpoint_ClearStatusStage
                0x0000000000000402       0x3e ../../../Public/LUFA100807/LUFA/Drivers/USB/LowLevel/Endpoint.o
                0x0000000000000402                Endpoint_ClearStatusStage
 .text.Endpoint_WaitUntilReady
                0x0000000000000440       0x5e ../../../Public/LUFA100807/LUFA/Drivers/USB/LowLevel/Endpoint.o
                0x0000000000000440                Endpoint_WaitUntilReady
 .text.Endpoint_Write_Stream_LE
                0x000000000000049e       0x8e ../../../Public/LUFA100807/LUFA/Drivers/USB/LowLevel/Endpoint.o
                0x000000000000049e                Endpoint_Write_Stream_LE
 .text.Endpoint_Write_Control_Stream_LE
                0x000000000000052c       0xb2 ../../../Public/LUFA100807/LUFA/Drivers/USB/LowLevel/Endpoint.o
                0x000000000000052c                Endpoint_Write_Control_Stream_LE
 .text.Endpoint_Write_Control_PStream_LE
                0x00000000000005de       0xb6 ../../../Public/LUFA100807/LUFA/Drivers/USB/LowLevel/Endpoint.o
                0x00000000000005de                Endpoint_Write_Control_PStream_LE
 .text.Endpoint_Read_Control_Stream_LE
                0x0000000000000694       0x7c ../../../Public/LUFA100807/LUFA/Drivers/USB/LowLevel/Endpoint.o
                0x0000000000000694                Endpoint_Read_Control_Stream_LE
 .text.USB_ResetInterface
                0x0000000000000710       0x78 ../../../Public/LUFA100807/LUFA/Drivers/USB/LowLevel/USBController.o
                0x0000000000000710                USB_ResetInterface
 .text.USB_Init
                0x0000000000000788        0xa ../../../Public/LUFA100807/LUFA/Drivers/USB/LowLevel/USBController.o
                0x0000000000000788                USB_Init
 .text.USB_INT_DisableAllInterrupts
                0x0000000000000792        0x6 ../../../Public/LUFA100807/LUFA/Drivers/USB/LowLevel/USBInterrupt.o
                0x0000000000000792                USB_INT_DisableAllInterrupts
 .text.USB_INT_ClearAllInterrupts
                0x0000000000000798        0x6 ../../../Public/LUFA100807/LUFA/Drivers/USB/LowLevel/USBInterrupt.o
                0x0000000000000798                USB_INT_ClearAllInterrupts
 .text.__vector_11
                0x000000000000079e      0x144 ../../../Public/LUFA100807/LUFA/Drivers/USB/LowLevel/USBInterrupt.o
                0x000000000000079e                __vector_11
 .text.USB_Device_ProcessControlRequest
                0x00000000000008e2      0x208 ../../../Public/LUFA100807/LUFA/Drivers/USB/HighLevel/DeviceStandardReq.o
                0x00000000000008e2                USB_Device_ProcessControlRequest
 .text.USB_Event_Stub
                0x0000000000000aea        0x2 ../../../Public/LUFA100807/LUFA/Drivers/USB/HighLevel/Events.o
                0x0000000000000aea                EVENT_USB_Device_WakeUp
                0x0000000000000aea                USB_Event_Stub
                0x0000000000000aea                EVENT_USB_Device_Suspend
                0x0000000000000aea                EVENT_USB_Device_Reset
 .text.USB_USBTask
                0x0000000000000aec       0x24 ../../../Public/LUFA100807/LUFA/Drivers/USB/HighLevel/USBTask.o
                0x0000000000000aec                USB_USBTask
 .text.HID_Device_ProcessControlRequest
                0x0000000000000b10      0x250 ../../../Public/LUFA100807/LUFA/Drivers/USB/Class/Device/HID.o
                0x0000000000000b10                HID_Device_ProcessControlRequest
 .text.HID_Device_ConfigureEndpoints
                0x0000000000000d60       0x50 ../../../Public/LUFA100807/LUFA/Drivers/USB/Class/Device/HID.o
                0x0000000000000d60                HID_Device_ConfigureEndpoints
 .text.HID_Device_USBTask
                0x0000000000000db0      0x172 ../../../Public/LUFA100807/LUFA/Drivers/USB/Class/Device/HID.o
                0x0000000000000db0                HID_Device_USBTask
 .text.avr-libc
                0x0000000000000f22       0x1a /usr/local/lib/gcc/avr/4.5.3/../../../../avr/lib/avr35/libc.a(memcmp.o)
                0x0000000000000f22                memcmp
 .text.avr-libc
                0x0000000000000f3c       0x12 /usr/local/lib/gcc/avr/4.5.3/../../../../avr/lib/avr35/libc.a(memcpy.o)
                0x0000000000000f3c                memcpy
 .text.avr-libc
                0x0000000000000f4e        0xe /usr/local/lib/gcc/avr/4.5.3/../../../../avr/lib/avr35/libc.a(memset.o)
                0x0000000000000f4e                memset
                0x0000000000000f5c                . = ALIGN (0x2)
 *(.fini9)
 .fini9         0x0000000000000f5c        0x0 /usr/local/lib/gcc/avr/4.5.3/avr35/libgcc.a(_exit.o)
                0x0000000000000f5c                exit
                0x0000000000000f5c                _exit
 *(.fini9)
 *(.fini8)
 *(.fini8)
 *(.fini7)
 *(.fini7)
 *(.fini6)
 *(.fini6)
 *(.fini5)
 *(.fini5)
 *(.fini4)
 *(.fini4)
 *(.fini3)
 *(.fini3)
 *(.fini2)
 *(.fini2)
 *(.fini1)
 *(.fini1)
 *(.fini0)
 .fini0         0x0000000000000f5c        0x4 /usr/local/lib/gcc/avr/4.5.3/avr35/libgcc.a(_exit.o)
 *(.fini0)
                0x0000000000000f60                _etext = .

.data           0x0000000000800100        0xe load address 0x0000000000000f60
                0x0000000000800100                PROVIDE (__data_start, .)
 *(.data)
 .data          0x0000000000800100        0xd Arduino-joystick.o
                0x0000000000800100                Joystick_HID_Interface
 *(.data*)
 *(.rodata)
 *(.rodata*)
 *(.gnu.linkonce.d*)
                0x000000000080010e                . = ALIGN (0x2)
 *fill*         0x000000000080010d        0x1 00
                0x000000000080010e                _edata = .
                0x000000000080010e                PROVIDE (__data_end, .)

.bss            0x000000000080010e       0xa0
                0x000000000080010e                PROVIDE (__bss_start, .)
 *(.bss)
 .bss           0x000000000080010e        0x8 Arduino-joystick.o
                0x000000000080010e                joyReport
 *(.bss*)
 *(COMMON)
 COMMON         0x0000000000800116       0x8d Arduino-joystick.o
                0x0000000000800116                PrevJoystickHIDReportBuffer
                0x000000000080011e                USARTtoUSB_Buffer
 COMMON         0x00000000008001a3        0x2 ../../../Public/LUFA100807/LUFA/Drivers/USB/HighLevel/DeviceStandardReq.o
                0x00000000008001a3                USB_CurrentlySelfPowered
                0x00000000008001a4                USB_ConfigurationNumber
 COMMON         0x00000000008001a5        0x9 ../../../Public/LUFA100807/LUFA/Drivers/USB/HighLevel/USBTask.o
                0x00000000008001a5                USB_IsInitialized
                0x00000000008001a6                USB_ControlRequest
                0x00000000008001ae                PROVIDE (__bss_end, .)
                0x0000000000000f60                __data_load_start = LOADADDR (.data)
                0x0000000000000f6e                __data_load_end = (__data_load_start + SIZEOF (.data))

.noinit         0x00000000008001ae        0x0
                0x00000000008001ae                PROVIDE (__noinit_start, .)
 *(.noinit*)
                0x00000000008001ae                PROVIDE (__noinit_end, .)
                0x00000000008001ae                _end = .
                0x00000000008001ae                PROVIDE (__heap_start, .)

.eeprom         0x0000000000810000        0x0
 *(.eeprom*)
                0x0000000000810000                __eeprom_end = .

.fuse
 *(.fuse)
 *(.lfuse)
 *(.hfuse)
 *(.efuse)

.lock
 *(.lock*)

.signature
 *(.signature*)

.stab           0x0000000000000000      0xa98
 *(.stab)
 .stab          0x0000000000000000      0x6cc /usr/local/lib/gcc/avr/4.5.3/../../../../avr/lib/avr35/crtm8u2.o
 .stab          0x00000000000006cc       0x84 /usr/local/lib/gcc/avr/4.5.3/../../../../avr/lib/avr35/libc.a(memcpy_P.o)
                                         0x90 (size before relaxing)
 .stab          0x0000000000000750       0xb4 /usr/local/lib/gcc/avr/4.5.3/../../../../avr/lib/avr35/libc.a(memcmp.o)
                                         0xc0 (size before relaxing)
 .stab          0x0000000000000804       0x84 /usr/local/lib/gcc/avr/4.5.3/../../../../avr/lib/avr35/libc.a(memcpy.o)
                                         0x90 (size before relaxing)
 .stab          0x0000000000000888       0x6c /usr/local/lib/gcc/avr/4.5.3/../../../../avr/lib/avr35/libc.a(memset.o)
                                         0x78 (size before relaxing)
 .stab          0x00000000000008f4       0x90 /usr/local/lib/gcc/avr/4.5.3/../../../../avr/lib/avr35/libc.a(eerd_byte_atmega8u2.o)
                                         0x9c (size before relaxing)
 .stab          0x0000000000000984      0x114 /usr/local/lib/gcc/avr/4.5.3/../../../../avr/lib/avr35/libc.a(eeupd_byte_atmega8u2.o)
                                        0x120 (size before relaxing)

.stabstr        0x0000000000000000      0x184
 *(.stabstr)
 .stabstr       0x0000000000000000      0x184 /usr/local/lib/gcc/avr/4.5.3/../../../../avr/lib/avr35/crtm8u2.o

.stab.excl
 *(.stab.excl)

.stab.exclstr
 *(.stab.exclstr)

.stab.index
 *(.stab.index)

.stab.indexstr
 *(.stab.indexstr)

.comment
 *(.comment)

.debug
 *(.debug)

.line
 *(.line)

.debug_srcinfo
 *(.debug_srcinfo)

.debug_sfnames
 *(.debug_sfnames)

.debug_aranges  0x0000000000000000      0x430
 *(.debug_aranges)
 .debug_aranges
                0x0000000000000000       0x68 Arduino-joystick.o
 .debug_aranges
                0x0000000000000068       0x20 Descriptors.o
 .debug_aranges
                0x0000000000000088       0x20 ../../../Public/LUFA100807/LUFA/Drivers/USB/LowLevel/Device.o
 .debug_aranges
                0x00000000000000a8       0xe8 ../../../Public/LUFA100807/LUFA/Drivers/USB/LowLevel/Endpoint.o
 .debug_aranges
                0x0000000000000190       0x30 ../../../Public/LUFA100807/LUFA/Drivers/USB/LowLevel/USBController.o
 .debug_aranges
                0x00000000000001c0       0x30 ../../../Public/LUFA100807/LUFA/Drivers/USB/LowLevel/USBInterrupt.o
 .debug_aranges
                0x00000000000001f0       0x38 ../../../Public/LUFA100807/LUFA/Drivers/USB/HighLevel/ConfigDescriptor.o
 .debug_aranges
                0x0000000000000228       0x20 ../../../Public/LUFA100807/LUFA/Drivers/USB/HighLevel/DeviceStandardReq.o
 .debug_aranges
                0x0000000000000248       0x20 ../../../Public/LUFA100807/LUFA/Drivers/USB/HighLevel/Events.o
 .debug_aranges
                0x0000000000000268       0x20 ../../../Public/LUFA100807/LUFA/Drivers/USB/HighLevel/USBTask.o
 .debug_aranges
                0x0000000000000288       0x28 ../../../Public/LUFA100807/LUFA/Drivers/USB/Class/Device/Audio.o
 .debug_aranges
                0x00000000000002b0       0xa0 ../../../Public/LUFA100807/LUFA/Drivers/USB/Class/Device/CDC.o
 .debug_aranges
                0x0000000000000350       0x30 ../../../Public/LUFA100807/LUFA/Drivers/USB/Class/Device/HID.o
 .debug_aranges
                0x0000000000000380       0x38 ../../../Public/LUFA100807/LUFA/Drivers/USB/Class/Device/MassStorage.o
 .debug_aranges
                0x00000000000003b8       0x38 ../../../Public/LUFA100807/LUFA/Drivers/USB/Class/Device/MIDI.o
 .debug_aranges
                0x00000000000003f0       0x40 ../../../Public/LUFA100807/LUFA/Drivers/USB/Class/Device/RNDIS.o

.debug_pubnames
                0x0000000000000000      0xbc4
 *(.debug_pubnames)
 .debug_pubnames
                0x0000000000000000      0x1a3 Arduino-joystick.o
 .debug_pubnames
                0x00000000000001a3       0xb1 Descriptors.o
 .debug_pubnames
                0x0000000000000254       0x32 ../../../Public/LUFA100807/LUFA/Drivers/USB/LowLevel/Device.o
 .debug_pubnames
                0x0000000000000286      0x365 ../../../Public/LUFA100807/LUFA/Drivers/USB/LowLevel/Endpoint.o
 .debug_pubnames
                0x00000000000005eb       0x47 ../../../Public/LUFA100807/LUFA/Drivers/USB/LowLevel/USBController.o
 .debug_pubnames
                0x0000000000000632       0x62 ../../../Public/LUFA100807/LUFA/Drivers/USB/LowLevel/USBInterrupt.o
 .debug_pubnames
                0x0000000000000694       0x9b ../../../Public/LUFA100807/LUFA/Drivers/USB/HighLevel/ConfigDescriptor.o
 .debug_pubnames
                0x000000000000072f       0x70 ../../../Public/LUFA100807/LUFA/Drivers/USB/HighLevel/DeviceStandardReq.o
 .debug_pubnames
                0x000000000000079f       0x25 ../../../Public/LUFA100807/LUFA/Drivers/USB/HighLevel/Events.o
 .debug_pubnames
                0x00000000000007c4       0x4f ../../../Public/LUFA100807/LUFA/Drivers/USB/HighLevel/USBTask.o
 .debug_pubnames
                0x0000000000000813       0x5d ../../../Public/LUFA100807/LUFA/Drivers/USB/Class/Device/Audio.o
 .debug_pubnames
                0x0000000000000870      0x173 ../../../Public/LUFA100807/LUFA/Drivers/USB/Class/Device/CDC.o
 .debug_pubnames
                0x00000000000009e3       0x70 ../../../Public/LUFA100807/LUFA/Drivers/USB/Class/Device/HID.o
 .debug_pubnames
                0x0000000000000a53       0x6d ../../../Public/LUFA100807/LUFA/Drivers/USB/Class/Device/MassStorage.o
 .debug_pubnames
                0x0000000000000ac0       0x8e ../../../Public/LUFA100807/LUFA/Drivers/USB/Class/Device/MIDI.o
 .debug_pubnames
                0x0000000000000b4e       0x76 ../../../Public/LUFA100807/LUFA/Drivers/USB/Class/Device/RNDIS.o

.debug_info     0x0000000000000000     0x696e
 *(.debug_info)
 .debug_info    0x0000000000000000      0x8ed Arduino-joystick.o
 .debug_info    0x00000000000008ed      0x640 Descriptors.o
 .debug_info    0x0000000000000f2d       0xd8 ../../../Public/LUFA100807/LUFA/Drivers/USB/LowLevel/Device.o
 .debug_info    0x0000000000001005     0x14f2 ../../../Public/LUFA100807/LUFA/Drivers/USB/LowLevel/Endpoint.o
 .debug_info    0x00000000000024f7        0x0 ../../../Public/LUFA100807/LUFA/Drivers/USB/LowLevel/Host.o
 .debug_info    0x00000000000024f7        0x0 ../../../Public/LUFA100807/LUFA/Drivers/USB/LowLevel/Pipe.o
 .debug_info    0x00000000000024f7      0x26a ../../../Public/LUFA100807/LUFA/Drivers/USB/LowLevel/USBController.o
 .debug_info    0x0000000000002761      0x25b ../../../Public/LUFA100807/LUFA/Drivers/USB/LowLevel/USBInterrupt.o
 .debug_info    0x00000000000029bc      0x37d ../../../Public/LUFA100807/LUFA/Drivers/USB/HighLevel/ConfigDescriptor.o
 .debug_info    0x0000000000002d39      0x68f ../../../Public/LUFA100807/LUFA/Drivers/USB/HighLevel/DeviceStandardReq.o
 .debug_info    0x00000000000033c8       0x77 ../../../Public/LUFA100807/LUFA/Drivers/USB/HighLevel/Events.o
 .debug_info    0x000000000000343f        0x0 ../../../Public/LUFA100807/LUFA/Drivers/USB/HighLevel/HostStandardReq.o
 .debug_info    0x000000000000343f      0x227 ../../../Public/LUFA100807/LUFA/Drivers/USB/HighLevel/USBTask.o
 .debug_info    0x0000000000003666        0x0 ../../../Public/LUFA100807/LUFA/Drivers/USB/Class/Host/HIDParser.o
 .debug_info    0x0000000000003666      0x3df ../../../Public/LUFA100807/LUFA/Drivers/USB/Class/Device/Audio.o
 .debug_info    0x0000000000003a45      0xb44 ../../../Public/LUFA100807/LUFA/Drivers/USB/Class/Device/CDC.o
 .debug_info    0x0000000000004589      0x6bd ../../../Public/LUFA100807/LUFA/Drivers/USB/Class/Device/HID.o
 .debug_info    0x0000000000004c46      0x894 ../../../Public/LUFA100807/LUFA/Drivers/USB/Class/Device/MassStorage.o
 .debug_info    0x00000000000054da      0x5b5 ../../../Public/LUFA100807/LUFA/Drivers/USB/Class/Device/MIDI.o
 .debug_info    0x0000000000005a8f      0xedf ../../../Public/LUFA100807/LUFA/Drivers/USB/Class/Device/RNDIS.o
 .debug_info    0x000000000000696e        0x0 ../../../Public/LUFA100807/LUFA/Drivers/USB/Class/Host/CDC.o
 .debug_info    0x000000000000696e        0x0 ../../../Public/LUFA100807/LUFA/Drivers/USB/Class/Host/HID.o
 .debug_info    0x000000000000696e        0x0 ../../../Public/LUFA100807/LUFA/Drivers/USB/Class/Host/MassStorage.o
 .debug_info    0x000000000000696e        0x0 ../../../Public/LUFA100807/LUFA/Drivers/USB/Class/Host/MIDI.o
 .debug_info    0x000000000000696e        0x0 ../../../Public/LUFA100807/LUFA/Drivers/USB/Class/Host/Printer.o
 .debug_info    0x000000000000696e        0x0 ../../../Public/LUFA100807/LUFA/Drivers/USB/Class/Host/RNDIS.o
 .debug_info    0x000000000000696e        0x0 ../../../Public/LUFA100807/LUFA/Drivers/USB/Class/Host/StillImage.o
 *(.gnu.linkonce.wi.*)

.debug_abbrev   0x0000000000000000     0x188f
 *(.debug_abbrev)
 .debug_abbrev  0x0000000000000000      0x230 Arduino-joystick.o
 .debug_abbrev  0x0000000000000230      0x15e Descriptors.o
 .debug_abbrev  0x000000000000038e       0x7d ../../../Public/LUFA100807/LUFA/Drivers/USB/LowLevel/Device.o
 .debug_abbrev  0x000000000000040b      0x1c5 ../../../Public/LUFA100807/LUFA/Drivers/USB/LowLevel/Endpoint.o
 .debug_abbrev  0x00000000000005d0        0x1 ../../../Public/LUFA100807/LUFA/Drivers/USB/LowLevel/Host.o
 .debug_abbrev  0x00000000000005d1        0x1 ../../../Public/LUFA100807/LUFA/Drivers/USB/LowLevel/Pipe.o
 .debug_abbrev  0x00000000000005d2      0x11b ../../../Public/LUFA100807/LUFA/Drivers/USB/LowLevel/USBController.o
 .debug_abbrev  0x00000000000006ed      0x109 ../../../Public/LUFA100807/LUFA/Drivers/USB/LowLevel/USBInterrupt.o
 .debug_abbrev  0x00000000000007f6      0x155 ../../../Public/LUFA100807/LUFA/Drivers/USB/HighLevel/ConfigDescriptor.o
 .debug_abbrev  0x000000000000094b      0x1e1 ../../../Public/LUFA100807/LUFA/Drivers/USB/HighLevel/DeviceStandardReq.o
 .debug_abbrev  0x0000000000000b2c       0x41 ../../../Public/LUFA100807/LUFA/Drivers/USB/HighLevel/Events.o
 .debug_abbrev  0x0000000000000b6d        0x1 ../../../Public/LUFA100807/LUFA/Drivers/USB/HighLevel/HostStandardReq.o
 .debug_abbrev  0x0000000000000b6e      0x13f ../../../Public/LUFA100807/LUFA/Drivers/USB/HighLevel/USBTask.o
 .debug_abbrev  0x0000000000000cad        0x1 ../../../Public/LUFA100807/LUFA/Drivers/USB/Class/Host/HIDParser.o
 .debug_abbrev  0x0000000000000cae      0x152 ../../../Public/LUFA100807/LUFA/Drivers/USB/Class/Device/Audio.o
 .debug_abbrev  0x0000000000000e00      0x28e ../../../Public/LUFA100807/LUFA/Drivers/USB/Class/Device/CDC.o
 .debug_abbrev  0x000000000000108e      0x1cd ../../../Public/LUFA100807/LUFA/Drivers/USB/Class/Device/HID.o
 .debug_abbrev  0x000000000000125b      0x1f8 ../../../Public/LUFA100807/LUFA/Drivers/USB/Class/Device/MassStorage.o
 .debug_abbrev  0x0000000000001453      0x173 ../../../Public/LUFA100807/LUFA/Drivers/USB/Class/Device/MIDI.o
 .debug_abbrev  0x00000000000015c6      0x2c2 ../../../Public/LUFA100807/LUFA/Drivers/USB/Class/Device/RNDIS.o
 .debug_abbrev  0x0000000000001888        0x1 ../../../Public/LUFA100807/LUFA/Drivers/USB/Class/Host/CDC.o
 .debug_abbrev  0x0000000000001889        0x1 ../../../Public/LUFA100807/LUFA/Drivers/USB/Class/Host/HID.o
 .debug_abbrev  0x000000000000188a        0x1 ../../../Public/LUFA100807/LUFA/Drivers/USB/Class/Host/MassStorage.o
 .debug_abbrev  0x000000000000188b        0x1 ../../../Public/LUFA100807/LUFA/Drivers/USB/Class/Host/MIDI.o
 .debug_abbrev  0x000000000000188c        0x1 ../../../Public/LUFA100807/LUFA/Drivers/USB/Class/Host/Printer.o
 .debug_abbrev  0x000000000000188d        0x1 ../../../Public/LUFA100807/LUFA/Drivers/USB/Class/Host/RNDIS.o
 .debug_abbrev  0x000000000000188e        0x1 ../../../Public/LUFA100807/LUFA/Drivers/USB/Class/Host/StillImage.o

.debug_line     0x0000000000000000     0x58f2
 *(.debug_line)
 .debug_line    0x0000000000000000      0x51f Arduino-joystick.o
 .debug_line    0x000000000000051f      0x223 Descriptors.o
 .debug_line    0x0000000000000742      0x117 ../../../Public/LUFA100807/LUFA/Drivers/USB/LowLevel/Device.o
 .debug_line    0x0000000000000859     0x1a36 ../../../Public/LUFA100807/LUFA/Drivers/USB/LowLevel/Endpoint.o
 .debug_line    0x000000000000228f       0x24 ../../../Public/LUFA100807/LUFA/Drivers/USB/LowLevel/Host.o
 .debug_line    0x00000000000022b3       0x24 ../../../Public/LUFA100807/LUFA/Drivers/USB/LowLevel/Pipe.o
 .debug_line    0x00000000000022d7      0x307 ../../../Public/LUFA100807/LUFA/Drivers/USB/LowLevel/USBController.o
 .debug_line    0x00000000000025de      0x367 ../../../Public/LUFA100807/LUFA/Drivers/USB/LowLevel/USBInterrupt.o
 .debug_line    0x0000000000002945      0x2ac ../../../Public/LUFA100807/LUFA/Drivers/USB/HighLevel/ConfigDescriptor.o
 .debug_line    0x0000000000002bf1      0x4b8 ../../../Public/LUFA100807/LUFA/Drivers/USB/HighLevel/DeviceStandardReq.o
 .debug_line    0x00000000000030a9       0x80 ../../../Public/LUFA100807/LUFA/Drivers/USB/HighLevel/Events.o
 .debug_line    0x0000000000003129       0x24 ../../../Public/LUFA100807/LUFA/Drivers/USB/HighLevel/HostStandardReq.o
 .debug_line    0x000000000000314d      0x1f8 ../../../Public/LUFA100807/LUFA/Drivers/USB/HighLevel/USBTask.o
 .debug_line    0x0000000000003345       0x24 ../../../Public/LUFA100807/LUFA/Drivers/USB/Class/Host/HIDParser.o
 .debug_line    0x0000000000003369      0x31c ../../../Public/LUFA100807/LUFA/Drivers/USB/Class/Device/Audio.o
 .debug_line    0x0000000000003685      0x8fa ../../../Public/LUFA100807/LUFA/Drivers/USB/Class/Device/CDC.o
 .debug_line    0x0000000000003f7f      0x601 ../../../Public/LUFA100807/LUFA/Drivers/USB/Class/Device/HID.o
 .debug_line    0x0000000000004580      0x694 ../../../Public/LUFA100807/LUFA/Drivers/USB/Class/Device/MassStorage.o
 .debug_line    0x0000000000004c14      0x3cd ../../../Public/LUFA100807/LUFA/Drivers/USB/Class/Device/MIDI.o
 .debug_line    0x0000000000004fe1      0x815 ../../../Public/LUFA100807/LUFA/Drivers/USB/Class/Device/RNDIS.o
 .debug_line    0x00000000000057f6       0x24 ../../../Public/LUFA100807/LUFA/Drivers/USB/Class/Host/CDC.o
 .debug_line    0x000000000000581a       0x24 ../../../Public/LUFA100807/LUFA/Drivers/USB/Class/Host/HID.o
 .debug_line    0x000000000000583e       0x24 ../../../Public/LUFA100807/LUFA/Drivers/USB/Class/Host/MassStorage.o
 .debug_line    0x0000000000005862       0x24 ../../../Public/LUFA100807/LUFA/Drivers/USB/Class/Host/MIDI.o
 .debug_line    0x0000000000005886       0x24 ../../../Public/LUFA100807/LUFA/Drivers/USB/Class/Host/Printer.o
 .debug_line    0x00000000000058aa       0x24 ../../../Public/LUFA100807/LUFA/Drivers/USB/Class/Host/RNDIS.o
 .debug_line    0x00000000000058ce       0x24 ../../../Public/LUFA100807/LUFA/Drivers/USB/Class/Host/StillImage.o

.debug_frame    0x0000000000000000      0x660
 *(.debug_frame)
 .debug_frame   0x0000000000000000       0xb0 Arduino-joystick.o
 .debug_frame   0x00000000000000b0       0x20 Descriptors.o
 .debug_frame   0x00000000000000d0       0x20 ../../../Public/LUFA100807/LUFA/Drivers/USB/LowLevel/Device.o
 .debug_frame   0x00000000000000f0      0x1b0 ../../../Public/LUFA100807/LUFA/Drivers/USB/LowLevel/Endpoint.o
 .debug_frame   0x00000000000002a0       0x40 ../../../Public/LUFA100807/LUFA/Drivers/USB/LowLevel/USBController.o
 .debug_frame   0x00000000000002e0       0x40 ../../../Public/LUFA100807/LUFA/Drivers/USB/LowLevel/USBInterrupt.o
 .debug_frame   0x0000000000000320       0x50 ../../../Public/LUFA100807/LUFA/Drivers/USB/HighLevel/ConfigDescriptor.o
 .debug_frame   0x0000000000000370       0x20 ../../../Public/LUFA100807/LUFA/Drivers/USB/HighLevel/DeviceStandardReq.o
 .debug_frame   0x0000000000000390       0x20 ../../../Public/LUFA100807/LUFA/Drivers/USB/HighLevel/Events.o
 .debug_frame   0x00000000000003b0       0x20 ../../../Public/LUFA100807/LUFA/Drivers/USB/HighLevel/USBTask.o
 .debug_frame   0x00000000000003d0       0x30 ../../../Public/LUFA100807/LUFA/Drivers/USB/Class/Device/Audio.o
 .debug_frame   0x0000000000000400      0x120 ../../../Public/LUFA100807/LUFA/Drivers/USB/Class/Device/CDC.o
 .debug_frame   0x0000000000000520       0x40 ../../../Public/LUFA100807/LUFA/Drivers/USB/Class/Device/HID.o
 .debug_frame   0x0000000000000560       0x50 ../../../Public/LUFA100807/LUFA/Drivers/USB/Class/Device/MassStorage.o
 .debug_frame   0x00000000000005b0       0x50 ../../../Public/LUFA100807/LUFA/Drivers/USB/Class/Device/MIDI.o
 .debug_frame   0x0000000000000600       0x60 ../../../Public/LUFA100807/LUFA/Drivers/USB/Class/Device/RNDIS.o

.debug_str      0x0000000000000000     0x2901
 *(.debug_str)
 .debug_str     0x0000000000000000      0x51e Arduino-joystick.o
                                        0x58a (size before relaxing)
 .debug_str     0x000000000000051e      0x464 Descriptors.o
                                        0x5b2 (size before relaxing)
 .debug_str     0x0000000000000982       0x86 ../../../Public/LUFA100807/LUFA/Drivers/USB/LowLevel/Device.o
                                        0x152 (size before relaxing)
 .debug_str     0x0000000000000a08      0x7fd ../../../Public/LUFA100807/LUFA/Drivers/USB/LowLevel/Endpoint.o
                                        0x9d2 (size before relaxing)
 .debug_str     0x0000000000001205      0x11b ../../../Public/LUFA100807/LUFA/Drivers/USB/LowLevel/USBController.o
                                        0x2af (size before relaxing)
 .debug_str     0x0000000000001320       0xbe ../../../Public/LUFA100807/LUFA/Drivers/USB/LowLevel/USBInterrupt.o
                                        0x2ce (size before relaxing)
 .debug_str     0x00000000000013de      0x236 ../../../Public/LUFA100807/LUFA/Drivers/USB/HighLevel/ConfigDescriptor.o
                                        0x33a (size before relaxing)
 .debug_str     0x0000000000001614      0x2ea ../../../Public/LUFA100807/LUFA/Drivers/USB/HighLevel/DeviceStandardReq.o
                                        0x5bb (size before relaxing)
 .debug_str     0x00000000000018fe       0x4e ../../../Public/LUFA100807/LUFA/Drivers/USB/HighLevel/Events.o
                                        0x100 (size before relaxing)
 .debug_str     0x000000000000194c       0x84 ../../../Public/LUFA100807/LUFA/Drivers/USB/HighLevel/USBTask.o
                                        0x29c (size before relaxing)
 .debug_str     0x00000000000019d0      0x152 ../../../Public/LUFA100807/LUFA/Drivers/USB/Class/Device/Audio.o
                                        0x3fe (size before relaxing)
 .debug_str     0x0000000000001b22      0x313 ../../../Public/LUFA100807/LUFA/Drivers/USB/Class/Device/CDC.o
                                        0x89f (size before relaxing)
 .debug_str     0x0000000000001e35      0x12d ../../../Public/LUFA100807/LUFA/Drivers/USB/Class/Device/HID.o
                                        0x549 (size before relaxing)
 .debug_str     0x0000000000001f62      0x237 ../../../Public/LUFA100807/LUFA/Drivers/USB/Class/Device/MassStorage.o
                                        0x6d1 (size before relaxing)
 .debug_str     0x0000000000002199      0x119 ../../../Public/LUFA100807/LUFA/Drivers/USB/Class/Device/MIDI.o
                                        0x5f6 (size before relaxing)
 .debug_str     0x00000000000022b2      0x64f ../../../Public/LUFA100807/LUFA/Drivers/USB/Class/Device/RNDIS.o
                                        0xab2 (size before relaxing)

.debug_loc      0x0000000000000000     0x341e
 *(.debug_loc)
 .debug_loc     0x0000000000000000      0x1f6 Arduino-joystick.o
 .debug_loc     0x00000000000001f6       0xec Descriptors.o
 .debug_loc     0x00000000000002e2     0x15e1 ../../../Public/LUFA100807/LUFA/Drivers/USB/LowLevel/Endpoint.o
 .debug_loc     0x00000000000018c3       0x13 ../../../Public/LUFA100807/LUFA/Drivers/USB/LowLevel/USBController.o
 .debug_loc     0x00000000000018d6       0x64 ../../../Public/LUFA100807/LUFA/Drivers/USB/LowLevel/USBInterrupt.o
 .debug_loc     0x000000000000193a      0x274 ../../../Public/LUFA100807/LUFA/Drivers/USB/HighLevel/ConfigDescriptor.o
 .debug_loc     0x0000000000001bae      0x225 ../../../Public/LUFA100807/LUFA/Drivers/USB/HighLevel/DeviceStandardReq.o
 .debug_loc     0x0000000000001dd3       0x27 ../../../Public/LUFA100807/LUFA/Drivers/USB/HighLevel/USBTask.o
 .debug_loc     0x0000000000001dfa      0x175 ../../../Public/LUFA100807/LUFA/Drivers/USB/Class/Device/Audio.o
 .debug_loc     0x0000000000001f6f      0x5a2 ../../../Public/LUFA100807/LUFA/Drivers/USB/Class/Device/CDC.o
 .debug_loc     0x0000000000002511      0x27b ../../../Public/LUFA100807/LUFA/Drivers/USB/Class/Device/HID.o
 .debug_loc     0x000000000000278c      0x274 ../../../Public/LUFA100807/LUFA/Drivers/USB/Class/Device/MassStorage.o
 .debug_loc     0x0000000000002a00      0x2d4 ../../../Public/LUFA100807/LUFA/Drivers/USB/Class/Device/MIDI.o
 .debug_loc     0x0000000000002cd4      0x74a ../../../Public/LUFA100807/LUFA/Drivers/USB/Class/Device/RNDIS.o

.debug_macinfo
 *(.debug_macinfo)
OUTPUT(Arduino-joystick.elf elf32-avr)
LOAD linker stubs

.debug_pubtypes
                0x0000000000000000      0xb14
 .debug_pubtypes
                0x0000000000000000       0x9c Arduino-joystick.o
 .debug_pubtypes
                0x000000000000009c      0x170 Descriptors.o
 .debug_pubtypes
                0x000000000000020c       0x1e ../../../Public/LUFA100807/LUFA/Drivers/USB/LowLevel/Device.o
 .debug_pubtypes
                0x000000000000022a       0xfb ../../../Public/LUFA100807/LUFA/Drivers/USB/LowLevel/Endpoint.o
 .debug_pubtypes
                0x0000000000000325       0x36 ../../../Public/LUFA100807/LUFA/Drivers/USB/LowLevel/USBController.o
 .debug_pubtypes
                0x000000000000035b       0x43 ../../../Public/LUFA100807/LUFA/Drivers/USB/LowLevel/USBInterrupt.o
 .debug_pubtypes
                0x000000000000039e       0xa6 ../../../Public/LUFA100807/LUFA/Drivers/USB/HighLevel/ConfigDescriptor.o
 .debug_pubtypes
                0x0000000000000444       0x76 ../../../Public/LUFA100807/LUFA/Drivers/USB/HighLevel/DeviceStandardReq.o
 .debug_pubtypes
                0x00000000000004ba       0x12 ../../../Public/LUFA100807/LUFA/Drivers/USB/HighLevel/Events.o
 .debug_pubtypes
                0x00000000000004cc       0x5c ../../../Public/LUFA100807/LUFA/Drivers/USB/HighLevel/USBTask.o
 .debug_pubtypes
                0x0000000000000528       0x7f ../../../Public/LUFA100807/LUFA/Drivers/USB/Class/Device/Audio.o
 .debug_pubtypes
                0x00000000000005a7       0xec ../../../Public/LUFA100807/LUFA/Drivers/USB/Class/Device/CDC.o
 .debug_pubtypes
                0x0000000000000693       0x95 ../../../Public/LUFA100807/LUFA/Drivers/USB/Class/Device/HID.o
 .debug_pubtypes
                0x0000000000000728      0x10e ../../../Public/LUFA100807/LUFA/Drivers/USB/Class/Device/MassStorage.o
 .debug_pubtypes
                0x0000000000000836       0xc7 ../../../Public/LUFA100807/LUFA/Drivers/USB/Class/Device/MIDI.o
 .debug_pubtypes
                0x00000000000008fd      0x217 ../../../Public/LUFA100807/LUFA/Drivers/USB/Class/Device/RNDIS.o

.debug_ranges   0x0000000000000000      0x408
 .debug_ranges  0x0000000000000000       0x58 Arduino-joystick.o
 .debug_ranges  0x0000000000000058       0x10 Descriptors.o
 .debug_ranges  0x0000000000000068       0x10 ../../../Public/LUFA100807/LUFA/Drivers/USB/LowLevel/Device.o
 .debug_ranges  0x0000000000000078      0x108 ../../../Public/LUFA100807/LUFA/Drivers/USB/LowLevel/Endpoint.o
 .debug_ranges  0x0000000000000180       0x20 ../../../Public/LUFA100807/LUFA/Drivers/USB/LowLevel/USBController.o
 .debug_ranges  0x00000000000001a0       0x20 ../../../Public/LUFA100807/LUFA/Drivers/USB/LowLevel/USBInterrupt.o
 .debug_ranges  0x00000000000001c0       0x28 ../../../Public/LUFA100807/LUFA/Drivers/USB/HighLevel/ConfigDescriptor.o
 .debug_ranges  0x00000000000001e8       0x10 ../../../Public/LUFA100807/LUFA/Drivers/USB/HighLevel/DeviceStandardReq.o
 .debug_ranges  0x00000000000001f8       0x10 ../../../Public/LUFA100807/LUFA/Drivers/USB/HighLevel/Events.o
 .debug_ranges  0x0000000000000208       0x10 ../../../Public/LUFA100807/LUFA/Drivers/USB/HighLevel/USBTask.o
 .debug_ranges  0x0000000000000218       0x18 ../../../Public/LUFA100807/LUFA/Drivers/USB/Class/Device/Audio.o
 .debug_ranges  0x0000000000000230       0xc0 ../../../Public/LUFA100807/LUFA/Drivers/USB/Class/Device/CDC.o
 .debug_ranges  0x00000000000002f0       0x20 ../../../Public/LUFA100807/LUFA/Drivers/USB/Class/Device/HID.o
 .debug_ranges  0x0000000000000310       0x28 ../../../Public/LUFA100807/LUFA/Drivers/USB/Class/Device/MassStorage.o
 .debug_ranges  0x0000000000000338       0x28 ../../../Public/LUFA100807/LUFA/Drivers/USB/Class/Device/MIDI.o
 .debug_ranges  0x0000000000000360       0xa8 ../../../Public/LUFA100807/LUFA/Drivers/USB/Class/Device/RNDIS.o

Cross Reference Table

Symbol                                            File
Audio_Device_ConfigureEndpoints                   ../../../Public/LUFA100807/LUFA/Drivers/USB/Class/Device/Audio.o
Audio_Device_ProcessControlRequest                ../../../Public/LUFA100807/LUFA/Drivers/USB/Class/Device/Audio.o
CALLBACK_HID_Device_CreateHIDReport               Arduino-joystick.o
                                                  ../../../Public/LUFA100807/LUFA/Drivers/USB/Class/Device/HID.o
CALLBACK_HID_Device_ProcessHIDReport              Arduino-joystick.o
                                                  ../../../Public/LUFA100807/LUFA/Drivers/USB/Class/Device/HID.o
CALLBACK_MS_Device_SCSICommandReceived            ../../../Public/LUFA100807/LUFA/Drivers/USB/Class/Device/MassStorage.o
CALLBACK_USB_GetDescriptor                        Descriptors.o
                                                  ../../../Public/LUFA100807/LUFA/Drivers/USB/HighLevel/DeviceStandardReq.o
CDC_Device_BytesReceived                          ../../../Public/LUFA100807/LUFA/Drivers/USB/Class/Device/CDC.o
CDC_Device_ConfigureEndpoints                     ../../../Public/LUFA100807/LUFA/Drivers/USB/Class/Device/CDC.o
CDC_Device_CreateBlockingStream                   ../../../Public/LUFA100807/LUFA/Drivers/USB/Class/Device/CDC.o
CDC_Device_CreateStream                           ../../../Public/LUFA100807/LUFA/Drivers/USB/Class/Device/CDC.o
CDC_Device_Event_Stub                             ../../../Public/LUFA100807/LUFA/Drivers/USB/Class/Device/CDC.o
CDC_Device_Flush                                  ../../../Public/LUFA100807/LUFA/Drivers/USB/Class/Device/CDC.o
CDC_Device_ProcessControlRequest                  ../../../Public/LUFA100807/LUFA/Drivers/USB/Class/Device/CDC.o
CDC_Device_ReceiveByte                            ../../../Public/LUFA100807/LUFA/Drivers/USB/Class/Device/CDC.o
CDC_Device_SendByte                               ../../../Public/LUFA100807/LUFA/Drivers/USB/Class/Device/CDC.o
CDC_Device_SendControlLineStateChange             ../../../Public/LUFA100807/LUFA/Drivers/USB/Class/Device/CDC.o
CDC_Device_SendString                             ../../../Public/LUFA100807/LUFA/Drivers/USB/Class/Device/CDC.o
CDC_Device_USBTask                                ../../../Public/LUFA100807/LUFA/Drivers/USB/Class/Device/CDC.o
ConfigurationDescriptor                           Descriptors.o
DeviceDescriptor                                  Descriptors.o
EVENT_CDC_Device_BreakSent                        ../../../Public/LUFA100807/LUFA/Drivers/USB/Class/Device/CDC.o
EVENT_CDC_Device_ControLineStateChanged           ../../../Public/LUFA100807/LUFA/Drivers/USB/Class/Device/CDC.o
EVENT_CDC_Device_LineEncodingChanged              ../../../Public/LUFA100807/LUFA/Drivers/USB/Class/Device/CDC.o
EVENT_USB_Device_ConfigurationChanged             Arduino-joystick.o
                                                  ../../../Public/LUFA100807/LUFA/Drivers/USB/HighLevel/DeviceStandardReq.o
EVENT_USB_Device_Connect                          Arduino-joystick.o
                                                  ../../../Public/LUFA100807/LUFA/Drivers/USB/LowLevel/USBInterrupt.o
EVENT_USB_Device_Disconnect                       Arduino-joystick.o
                                                  ../../../Public/LUFA100807/LUFA/Drivers/USB/LowLevel/USBInterrupt.o
EVENT_USB_Device_Reset                            ../../../Public/LUFA100807/LUFA/Drivers/USB/HighLevel/Events.o
                                                  ../../../Public/LUFA100807/LUFA/Drivers/USB/LowLevel/USBInterrupt.o
EVENT_USB_Device_StartOfFrame                     Arduino-joystick.o
                                                  ../../../Public/LUFA100807/LUFA/Drivers/USB/LowLevel/USBInterrupt.o
EVENT_USB_Device_Suspend                          ../../../Public/LUFA100807/LUFA/Drivers/USB/HighLevel/Events.o
EVENT_USB_Device_UnhandledControlRequest          Arduino-joystick.o
                                                  ../../../Public/LUFA100807/LUFA/Drivers/USB/HighLevel/DeviceStandardReq.o
EVENT_USB_Device_WakeUp                           ../../../Public/LUFA100807/LUFA/Drivers/USB/HighLevel/Events.o
Endpoint_BytesToEPSizeMaskDynamic                 ../../../Public/LUFA100807/LUFA/Drivers/USB/LowLevel/Endpoint.o
                                                  ../../../Public/LUFA100807/LUFA/Drivers/USB/Class/Device/RNDIS.o
                                                  ../../../Public/LUFA100807/LUFA/Drivers/USB/Class/Device/MIDI.o
                                                  ../../../Public/LUFA100807/LUFA/Drivers/USB/Class/Device/MassStorage.o
                                                  ../../../Public/LUFA100807/LUFA/Drivers/USB/Class/Device/HID.o
                                                  ../../../Public/LUFA100807/LUFA/Drivers/USB/Class/Device/CDC.o
                                                  ../../../Public/LUFA100807/LUFA/Drivers/USB/Class/Device/Audio.o
Endpoint_ClearEndpoints                           ../../../Public/LUFA100807/LUFA/Drivers/USB/LowLevel/Endpoint.o
                                                  ../../../Public/LUFA100807/LUFA/Drivers/USB/LowLevel/USBInterrupt.o
Endpoint_ClearStatusStage                         ../../../Public/LUFA100807/LUFA/Drivers/USB/LowLevel/Endpoint.o
                                                  ../../../Public/LUFA100807/LUFA/Drivers/USB/Class/Device/MassStorage.o
                                                  ../../../Public/LUFA100807/LUFA/Drivers/USB/Class/Device/HID.o
                                                  ../../../Public/LUFA100807/LUFA/Drivers/USB/Class/Device/CDC.o
                                                  ../../../Public/LUFA100807/LUFA/Drivers/USB/Class/Device/Audio.o
                                                  ../../../Public/LUFA100807/LUFA/Drivers/USB/HighLevel/DeviceStandardReq.o
Endpoint_ConfigureEndpoint_Prv                    ../../../Public/LUFA100807/LUFA/Drivers/USB/LowLevel/Endpoint.o
                                                  ../../../Public/LUFA100807/LUFA/Drivers/USB/Class/Device/RNDIS.o
                                                  ../../../Public/LUFA100807/LUFA/Drivers/USB/Class/Device/MIDI.o
                                                  ../../../Public/LUFA100807/LUFA/Drivers/USB/Class/Device/MassStorage.o
                                                  ../../../Public/LUFA100807/LUFA/Drivers/USB/Class/Device/HID.o
                                                  ../../../Public/LUFA100807/LUFA/Drivers/USB/Class/Device/CDC.o
                                                  ../../../Public/LUFA100807/LUFA/Drivers/USB/Class/Device/Audio.o
                                                  ../../../Public/LUFA100807/LUFA/Drivers/USB/LowLevel/USBInterrupt.o
Endpoint_Discard_Stream                           ../../../Public/LUFA100807/LUFA/Drivers/USB/LowLevel/Endpoint.o
Endpoint_Read_Control_EStream_BE                  ../../../Public/LUFA100807/LUFA/Drivers/USB/LowLevel/Endpoint.o
Endpoint_Read_Control_EStream_LE                  ../../../Public/LUFA100807/LUFA/Drivers/USB/LowLevel/Endpoint.o
Endpoint_Read_Control_Stream_BE                   ../../../Public/LUFA100807/LUFA/Drivers/USB/LowLevel/Endpoint.o
Endpoint_Read_Control_Stream_LE                   ../../../Public/LUFA100807/LUFA/Drivers/USB/LowLevel/Endpoint.o
                                                  ../../../Public/LUFA100807/LUFA/Drivers/USB/Class/Device/RNDIS.o
                                                  ../../../Public/LUFA100807/LUFA/Drivers/USB/Class/Device/HID.o
                                                  ../../../Public/LUFA100807/LUFA/Drivers/USB/Class/Device/CDC.o
Endpoint_Read_EStream_BE                          ../../../Public/LUFA100807/LUFA/Drivers/USB/LowLevel/Endpoint.o
Endpoint_Read_EStream_LE                          ../../../Public/LUFA100807/LUFA/Drivers/USB/LowLevel/Endpoint.o
Endpoint_Read_Stream_BE                           ../../../Public/LUFA100807/LUFA/Drivers/USB/LowLevel/Endpoint.o
Endpoint_Read_Stream_LE                           ../../../Public/LUFA100807/LUFA/Drivers/USB/LowLevel/Endpoint.o
                                                  ../../../Public/LUFA100807/LUFA/Drivers/USB/Class/Device/RNDIS.o
                                                  ../../../Public/LUFA100807/LUFA/Drivers/USB/Class/Device/MIDI.o
                                                  ../../../Public/LUFA100807/LUFA/Drivers/USB/Class/Device/MassStorage.o
Endpoint_WaitUntilReady                           ../../../Public/LUFA100807/LUFA/Drivers/USB/LowLevel/Endpoint.o
                                                  ../../../Public/LUFA100807/LUFA/Drivers/USB/Class/Device/MIDI.o
                                                  ../../../Public/LUFA100807/LUFA/Drivers/USB/Class/Device/CDC.o
Endpoint_Write_Control_EStream_BE                 ../../../Public/LUFA100807/LUFA/Drivers/USB/LowLevel/Endpoint.o
Endpoint_Write_Control_EStream_LE                 ../../../Public/LUFA100807/LUFA/Drivers/USB/LowLevel/Endpoint.o
Endpoint_Write_Control_PStream_BE                 ../../../Public/LUFA100807/LUFA/Drivers/USB/LowLevel/Endpoint.o
Endpoint_Write_Control_PStream_LE                 ../../../Public/LUFA100807/LUFA/Drivers/USB/LowLevel/Endpoint.o
                                                  ../../../Public/LUFA100807/LUFA/Drivers/USB/HighLevel/DeviceStandardReq.o
Endpoint_Write_Control_Stream_BE                  ../../../Public/LUFA100807/LUFA/Drivers/USB/LowLevel/Endpoint.o
Endpoint_Write_Control_Stream_LE                  ../../../Public/LUFA100807/LUFA/Drivers/USB/LowLevel/Endpoint.o
                                                  ../../../Public/LUFA100807/LUFA/Drivers/USB/Class/Device/RNDIS.o
                                                  ../../../Public/LUFA100807/LUFA/Drivers/USB/Class/Device/HID.o
                                                  ../../../Public/LUFA100807/LUFA/Drivers/USB/Class/Device/CDC.o
Endpoint_Write_EStream_BE                         ../../../Public/LUFA100807/LUFA/Drivers/USB/LowLevel/Endpoint.o
Endpoint_Write_EStream_LE                         ../../../Public/LUFA100807/LUFA/Drivers/USB/LowLevel/Endpoint.o
Endpoint_Write_PStream_BE                         ../../../Public/LUFA100807/LUFA/Drivers/USB/LowLevel/Endpoint.o
Endpoint_Write_PStream_LE                         ../../../Public/LUFA100807/LUFA/Drivers/USB/LowLevel/Endpoint.o
Endpoint_Write_Stream_BE                          ../../../Public/LUFA100807/LUFA/Drivers/USB/LowLevel/Endpoint.o
Endpoint_Write_Stream_LE                          ../../../Public/LUFA100807/LUFA/Drivers/USB/LowLevel/Endpoint.o
                                                  ../../../Public/LUFA100807/LUFA/Drivers/USB/Class/Device/RNDIS.o
                                                  ../../../Public/LUFA100807/LUFA/Drivers/USB/Class/Device/MIDI.o
                                                  ../../../Public/LUFA100807/LUFA/Drivers/USB/Class/Device/MassStorage.o
                                                  ../../../Public/LUFA100807/LUFA/Drivers/USB/Class/Device/HID.o
                                                  ../../../Public/LUFA100807/LUFA/Drivers/USB/Class/Device/CDC.o
HID_Device_ConfigureEndpoints                     ../../../Public/LUFA100807/LUFA/Drivers/USB/Class/Device/HID.o
                                                  Arduino-joystick.o
HID_Device_ProcessControlRequest                  ../../../Public/LUFA100807/LUFA/Drivers/USB/Class/Device/HID.o
                                                  Arduino-joystick.o
HID_Device_USBTask                                ../../../Public/LUFA100807/LUFA/Drivers/USB/Class/Device/HID.o
                                                  Arduino-joystick.o
JoystickReport                                    Descriptors.o
Joystick_HID_Interface                            Arduino-joystick.o
LanguageString                                    Descriptors.o
MIDI_Device_ConfigureEndpoints                    ../../../Public/LUFA100807/LUFA/Drivers/USB/Class/Device/MIDI.o
MIDI_Device_Flush                                 ../../../Public/LUFA100807/LUFA/Drivers/USB/Class/Device/MIDI.o
MIDI_Device_ReceiveEventPacket                    ../../../Public/LUFA100807/LUFA/Drivers/USB/Class/Device/MIDI.o
MIDI_Device_SendEventPacket                       ../../../Public/LUFA100807/LUFA/Drivers/USB/Class/Device/MIDI.o
MS_Device_ConfigureEndpoints                      ../../../Public/LUFA100807/LUFA/Drivers/USB/Class/Device/MassStorage.o
MS_Device_ProcessControlRequest                   ../../../Public/LUFA100807/LUFA/Drivers/USB/Class/Device/MassStorage.o
MS_Device_USBTask                                 ../../../Public/LUFA100807/LUFA/Drivers/USB/Class/Device/MassStorage.o
ManufacturerString                                Descriptors.o
PrevJoystickHIDReportBuffer                       Arduino-joystick.o
ProductString                                     Descriptors.o
RNDIS_Device_ConfigureEndpoints                   ../../../Public/LUFA100807/LUFA/Drivers/USB/Class/Device/RNDIS.o
RNDIS_Device_ProcessControlRequest                ../../../Public/LUFA100807/LUFA/Drivers/USB/Class/Device/RNDIS.o
RNDIS_Device_USBTask                              ../../../Public/LUFA100807/LUFA/Drivers/USB/Class/Device/RNDIS.o
SetupHardware                                     Arduino-joystick.o
USARTtoUSB_Buffer                                 Arduino-joystick.o
USB_ConfigurationNumber                           ../../../Public/LUFA100807/LUFA/Drivers/USB/HighLevel/DeviceStandardReq.o
                                                  ../../../Public/LUFA100807/LUFA/Drivers/USB/LowLevel/USBInterrupt.o
                                                  ../../../Public/LUFA100807/LUFA/Drivers/USB/LowLevel/USBController.o
USB_ControlRequest                                ../../../Public/LUFA100807/LUFA/Drivers/USB/Class/Device/RNDIS.o
                                                  ../../../Public/LUFA100807/LUFA/Drivers/USB/Class/Device/MassStorage.o
                                                  ../../../Public/LUFA100807/LUFA/Drivers/USB/Class/Device/HID.o
                                                  ../../../Public/LUFA100807/LUFA/Drivers/USB/Class/Device/CDC.o
                                                  ../../../Public/LUFA100807/LUFA/Drivers/USB/Class/Device/Audio.o
                                                  ../../../Public/LUFA100807/LUFA/Drivers/USB/HighLevel/USBTask.o
                                                  ../../../Public/LUFA100807/LUFA/Drivers/USB/HighLevel/DeviceStandardReq.o
                                                  ../../../Public/LUFA100807/LUFA/Drivers/USB/LowLevel/Endpoint.o
USB_CurrentlySelfPowered                          ../../../Public/LUFA100807/LUFA/Drivers/USB/HighLevel/DeviceStandardReq.o
                                                  ../../../Public/LUFA100807/LUFA/Drivers/USB/LowLevel/USBController.o
USB_Device_ProcessControlRequest                  ../../../Public/LUFA100807/LUFA/Drivers/USB/HighLevel/DeviceStandardReq.o
                                                  ../../../Public/LUFA100807/LUFA/Drivers/USB/HighLevel/USBTask.o
USB_Device_SendRemoteWakeup                       ../../../Public/LUFA100807/LUFA/Drivers/USB/LowLevel/Device.o
USB_Event_Stub                                    ../../../Public/LUFA100807/LUFA/Drivers/USB/HighLevel/Events.o
USB_GetNextDescriptorComp                         ../../../Public/LUFA100807/LUFA/Drivers/USB/HighLevel/ConfigDescriptor.o
USB_GetNextDescriptorOfType                       ../../../Public/LUFA100807/LUFA/Drivers/USB/HighLevel/ConfigDescriptor.o
USB_GetNextDescriptorOfTypeAfter                  ../../../Public/LUFA100807/LUFA/Drivers/USB/HighLevel/ConfigDescriptor.o
USB_GetNextDescriptorOfTypeBefore                 ../../../Public/LUFA100807/LUFA/Drivers/USB/HighLevel/ConfigDescriptor.o
USB_INT_ClearAllInterrupts                        ../../../Public/LUFA100807/LUFA/Drivers/USB/LowLevel/USBInterrupt.o
                                                  ../../../Public/LUFA100807/LUFA/Drivers/USB/LowLevel/USBController.o
USB_INT_DisableAllInterrupts                      ../../../Public/LUFA100807/LUFA/Drivers/USB/LowLevel/USBInterrupt.o
                                                  ../../../Public/LUFA100807/LUFA/Drivers/USB/LowLevel/USBController.o
USB_Init                                          ../../../Public/LUFA100807/LUFA/Drivers/USB/LowLevel/USBController.o
                                                  Arduino-joystick.o
USB_IsInitialized                                 ../../../Public/LUFA100807/LUFA/Drivers/USB/HighLevel/USBTask.o
                                                  ../../../Public/LUFA100807/LUFA/Drivers/USB/LowLevel/USBController.o
USB_ResetInterface                                ../../../Public/LUFA100807/LUFA/Drivers/USB/LowLevel/USBController.o
USB_ShutDown                                      ../../../Public/LUFA100807/LUFA/Drivers/USB/LowLevel/USBController.o
USB_USBTask                                       ../../../Public/LUFA100807/LUFA/Drivers/USB/HighLevel/USBTask.o
                                                  ../../../Public/LUFA100807/LUFA/Drivers/USB/Class/Device/MassStorage.o
                                                  ../../../Public/LUFA100807/LUFA/Drivers/USB/Class/Device/CDC.o
                                                  Arduino-joystick.o
__bad_interrupt                                   /usr/local/lib/gcc/avr/4.5.3/../../../../avr/lib/avr35/crtm8u2.o
__bss_end                                         /usr/local/lib/gcc/avr/4.5.3/avr35/libgcc.a(_clear_bss.o)
__bss_start                                       /usr/local/lib/gcc/avr/4.5.3/avr35/libgcc.a(_clear_bss.o)
__data_end                                        /usr/local/lib/gcc/avr/4.5.3/avr35/libgcc.a(_copy_data.o)
__data_load_start                                 /usr/local/lib/gcc/avr/4.5.3/avr35/libgcc.a(_copy_data.o)
__data_start                                      /usr/local/lib/gcc/avr/4.5.3/avr35/libgcc.a(_copy_data.o)
__do_clear_bss                                    /usr/local/lib/gcc/avr/4.5.3/avr35/libgcc.a(_clear_bss.o)
                                                  ../../../Public/LUFA100807/LUFA/Drivers/USB/Class/Host/StillImage.o
                                                  ../../../Public/LUFA100807/LUFA/Drivers/USB/Class/Host/RNDIS.o
                                                  ../../../Public/LUFA100807/LUFA/Drivers/USB/Class/Host/Printer.o
                                                  ../../../Public/LUFA100807/LUFA/Drivers/USB/Class/Host/MIDI.o
                                                  ../../../Public/LUFA100807/LUFA/Drivers/USB/Class/Host/MassStorage.o
                                                  ../../../Public/LUFA100807/LUFA/Drivers/USB/Class/Host/HID.o
                                                  ../../../Public/LUFA100807/LUFA/Drivers/USB/Class/Host/CDC.o
                                                  ../../../Public/LUFA100807/LUFA/Drivers/USB/Class/Device/RNDIS.o
                                                  ../../../Public/LUFA100807/LUFA/Drivers/USB/Class/Device/MIDI.o
                                                  ../../../Public/LUFA100807/LUFA/Drivers/USB/Class/Device/MassStorage.o
                                                  ../../../Public/LUFA100807/LUFA/Drivers/USB/Class/Device/HID.o
                                                  ../../../Public/LUFA100807/LUFA/Drivers/USB/Class/Device/CDC.o
                                                  ../../../Public/LUFA100807/LUFA/Drivers/USB/Class/Device/Audio.o
                                                  ../../../Public/LUFA100807/LUFA/Drivers/USB/Class/Host/HIDParser.o
                                                  ../../../Public/LUFA100807/LUFA/Drivers/USB/HighLevel/USBTask.o
                                                  ../../../Public/LUFA100807/LUFA/Drivers/USB/HighLevel/HostStandardReq.o
                                                  ../../../Public/LUFA100807/LUFA/Drivers/USB/HighLevel/Events.o
                                                  ../../../Public/LUFA100807/LUFA/Drivers/USB/HighLevel/DeviceStandardReq.o
                                                  ../../../Public/LUFA100807/LUFA/Drivers/USB/HighLevel/ConfigDescriptor.o
                                                  ../../../Public/LUFA100807/LUFA/Drivers/USB/LowLevel/USBInterrupt.o
                                                  ../../../Public/LUFA100807/LUFA/Drivers/USB/LowLevel/USBController.o
                                                  ../../../Public/LUFA100807/LUFA/Drivers/USB/LowLevel/Pipe.o
                                                  ../../../Public/LUFA100807/LUFA/Drivers/USB/LowLevel/Host.o
                                                  ../../../Public/LUFA100807/LUFA/Drivers/USB/LowLevel/Endpoint.o
                                                  ../../../Public/LUFA100807/LUFA/Drivers/USB/LowLevel/Device.o
                                                  Descriptors.o
                                                  Arduino-joystick.o
__do_copy_data                                    /usr/local/lib/gcc/avr/4.5.3/avr35/libgcc.a(_copy_data.o)
                                                  ../../../Public/LUFA100807/LUFA/Drivers/USB/Class/Host/StillImage.o
                                                  ../../../Public/LUFA100807/LUFA/Drivers/USB/Class/Host/RNDIS.o
                                                  ../../../Public/LUFA100807/LUFA/Drivers/USB/Class/Host/Printer.o
                                                  ../../../Public/LUFA100807/LUFA/Drivers/USB/Class/Host/MIDI.o
                                                  ../../../Public/LUFA100807/LUFA/Drivers/USB/Class/Host/MassStorage.o
                                                  ../../../Public/LUFA100807/LUFA/Drivers/USB/Class/Host/HID.o
                                                  ../../../Public/LUFA100807/LUFA/Drivers/USB/Class/Host/CDC.o
                                                  ../../../Public/LUFA100807/LUFA/Drivers/USB/Class/Device/RNDIS.o
                                                  ../../../Public/LUFA100807/LUFA/Drivers/USB/Class/Device/MIDI.o
                                                  ../../../Public/LUFA100807/LUFA/Drivers/USB/Class/Device/MassStorage.o
                                                  ../../../Public/LUFA100807/LUFA/Drivers/USB/Class/Device/HID.o
                                                  ../../../Public/LUFA100807/LUFA/Drivers/USB/Class/Device/CDC.o
                                                  ../../../Public/LUFA100807/LUFA/Drivers/USB/Class/Device/Audio.o
                                                  ../../../Public/LUFA100807/LUFA/Drivers/USB/Class/Host/HIDParser.o
                                                  ../../../Public/LUFA100807/LUFA/Drivers/USB/HighLevel/USBTask.o
                                                  ../../../Public/LUFA100807/LUFA/Drivers/USB/HighLevel/HostStandardReq.o
                                                  ../../../Public/LUFA100807/LUFA/Drivers/USB/HighLevel/Events.o
                                                  ../../../Public/LUFA100807/LUFA/Drivers/USB/HighLevel/DeviceStandardReq.o
                                                  ../../../Public/LUFA100807/LUFA/Drivers/USB/HighLevel/ConfigDescriptor.o
                                                  ../../../Public/LUFA100807/LUFA/Drivers/USB/LowLevel/USBInterrupt.o
                                                  ../../../Public/LUFA100807/LUFA/Drivers/USB/LowLevel/USBController.o
                                                  ../../../Public/LUFA100807/LUFA/Drivers/USB/LowLevel/Pipe.o
                                                  ../../../Public/LUFA100807/LUFA/Drivers/USB/LowLevel/Host.o
                                                  ../../../Public/LUFA100807/LUFA/Drivers/USB/LowLevel/Endpoint.o
                                                  ../../../Public/LUFA100807/LUFA/Drivers/USB/LowLevel/Device.o
                                                  Descriptors.o
                                                  Arduino-joystick.o
__eerd_byte_m8u2                                  /usr/local/lib/gcc/avr/4.5.3/../../../../avr/lib/avr35/libc.a(eerd_byte_atmega8u2.o)
                                                  ../../../Public/LUFA100807/LUFA/Drivers/USB/LowLevel/Endpoint.o
__eeupd_byte_m8u2                                 /usr/local/lib/gcc/avr/4.5.3/../../../../avr/lib/avr35/libc.a(eeupd_byte_atmega8u2.o)
                                                  ../../../Public/LUFA100807/LUFA/Drivers/USB/LowLevel/Endpoint.o
__eeupd_r18_m8u2                                  /usr/local/lib/gcc/avr/4.5.3/../../../../avr/lib/avr35/libc.a(eeupd_byte_atmega8u2.o)
__heap_end                                        /usr/local/lib/gcc/avr/4.5.3/../../../../avr/lib/avr35/crtm8u2.o
__init                                            /usr/local/lib/gcc/avr/4.5.3/../../../../avr/lib/avr35/crtm8u2.o
__stack                                           /usr/local/lib/gcc/avr/4.5.3/../../../../avr/lib/avr35/crtm8u2.o
__vector_1                                        /usr/local/lib/gcc/avr/4.5.3/../../../../avr/lib/avr35/crtm8u2.o
__vector_10                                       /usr/local/lib/gcc/avr/4.5.3/../../../../avr/lib/avr35/crtm8u2.o
__vector_11                                       ../../../Public/LUFA100807/LUFA/Drivers/USB/LowLevel/USBInterrupt.o
                                                  /usr/local/lib/gcc/avr/4.5.3/../../../../avr/lib/avr35/crtm8u2.o
__vector_12                                       /usr/local/lib/gcc/avr/4.5.3/../../../../avr/lib/avr35/crtm8u2.o
__vector_13                                       /usr/local/lib/gcc/avr/4.5.3/../../../../avr/lib/avr35/crtm8u2.o
__vector_14                                       /usr/local/lib/gcc/avr/4.5.3/../../../../avr/lib/avr35/crtm8u2.o
__vector_15                                       /usr/local/lib/gcc/avr/4.5.3/../../../../avr/lib/avr35/crtm8u2.o
__vector_16                                       /usr/local/lib/gcc/avr/4.5.3/../../../../avr/lib/avr35/crtm8u2.o
__vector_17                                       /usr/local/lib/gcc/avr/4.5.3/../../../../avr/lib/avr35/crtm8u2.o
__vector_18                                       /usr/local/lib/gcc/avr/4.5.3/../../../../avr/lib/avr35/crtm8u2.o
__vector_19                                       /usr/local/lib/gcc/avr/4.5.3/../../../../avr/lib/avr35/crtm8u2.o
__vector_2                                        /usr/local/lib/gcc/avr/4.5.3/../../../../avr/lib/avr35/crtm8u2.o
__vector_20                                       /usr/local/lib/gcc/avr/4.5.3/../../../../avr/lib/avr35/crtm8u2.o
__vector_21                                       /usr/local/lib/gcc/avr/4.5.3/../../../../avr/lib/avr35/crtm8u2.o
__vector_22                                       /usr/local/lib/gcc/avr/4.5.3/../../../../avr/lib/avr35/crtm8u2.o
__vector_23                                       Arduino-joystick.o
                                                  /usr/local/lib/gcc/avr/4.5.3/../../../../avr/lib/avr35/crtm8u2.o
__vector_24                                       /usr/local/lib/gcc/avr/4.5.3/../../../../avr/lib/avr35/crtm8u2.o
__vector_25                                       /usr/local/lib/gcc/avr/4.5.3/../../../../avr/lib/avr35/crtm8u2.o
__vector_26                                       /usr/local/lib/gcc/avr/4.5.3/../../../../avr/lib/avr35/crtm8u2.o
__vector_27                                       /usr/local/lib/gcc/avr/4.5.3/../../../../avr/lib/avr35/crtm8u2.o
__vector_28                                       /usr/local/lib/gcc/avr/4.5.3/../../../../avr/lib/avr35/crtm8u2.o
__vector_29                                       /usr/local/lib/gcc/avr/4.5.3/../../../../avr/lib/avr35/crtm8u2.o
__vector_3                                        /usr/local/lib/gcc/avr/4.5.3/../../../../avr/lib/avr35/crtm8u2.o
__vector_30                                       /usr/local/lib/gcc/avr/4.5.3/../../../../avr/lib/avr35/crtm8u2.o
__vector_31                                       /usr/local/lib/gcc/avr/4.5.3/../../../../avr/lib/avr35/crtm8u2.o
__vector_32                                       /usr/local/lib/gcc/avr/4.5.3/../../../../avr/lib/avr35/crtm8u2.o
__vector_33                                       /usr/local/lib/gcc/avr/4.5.3/../../../../avr/lib/avr35/crtm8u2.o
__vector_34                                       /usr/local/lib/gcc/avr/4.5.3/../../../../avr/lib/avr35/crtm8u2.o
__vector_35                                       /usr/local/lib/gcc/avr/4.5.3/../../../../avr/lib/avr35/crtm8u2.o
__vector_36                                       /usr/local/lib/gcc/avr/4.5.3/../../../../avr/lib/avr35/crtm8u2.o
__vector_37                                       /usr/local/lib/gcc/avr/4.5.3/../../../../avr/lib/avr35/crtm8u2.o
__vector_4                                        /usr/local/lib/gcc/avr/4.5.3/../../../../avr/lib/avr35/crtm8u2.o
__vector_5                                        /usr/local/lib/gcc/avr/4.5.3/../../../../avr/lib/avr35/crtm8u2.o
__vector_6                                        /usr/local/lib/gcc/avr/4.5.3/../../../../avr/lib/avr35/crtm8u2.o
__vector_7                                        /usr/local/lib/gcc/avr/4.5.3/../../../../avr/lib/avr35/crtm8u2.o
__vector_8                                        /usr/local/lib/gcc/avr/4.5.3/../../../../avr/lib/avr35/crtm8u2.o
__vector_9                                        /usr/local/lib/gcc/avr/4.5.3/../../../../avr/lib/avr35/crtm8u2.o
__vector_default                                  /usr/local/lib/gcc/avr/4.5.3/../../../../avr/lib/avr35/crtm8u2.o
__vectors                                         /usr/local/lib/gcc/avr/4.5.3/../../../../avr/lib/avr35/crtm8u2.o
_exit                                             /usr/local/lib/gcc/avr/4.5.3/avr35/libgcc.a(_exit.o)
exit                                              /usr/local/lib/gcc/avr/4.5.3/avr35/libgcc.a(_exit.o)
                                                  /usr/local/lib/gcc/avr/4.5.3/../../../../avr/lib/avr35/crtm8u2.o
joyReport                                         Arduino-joystick.o
main                                              Arduino-joystick.o
                                                  /usr/local/lib/gcc/avr/4.5.3/../../../../avr/lib/avr35/crtm8u2.o
memcmp                                            /usr/local/lib/gcc/avr/4.5.3/../../../../avr/lib/avr35/libc.a(memcmp.o)
                                                  ../../../Public/LUFA100807/LUFA/Drivers/USB/Class/Device/HID.o
memcpy                                            /usr/local/lib/gcc/avr/4.5.3/../../../../avr/lib/avr35/libc.a(memcpy.o)
                                                  ../../../Public/LUFA100807/LUFA/Drivers/USB/Class/Device/RNDIS.o
                                                  ../../../Public/LUFA100807/LUFA/Drivers/USB/Class/Device/HID.o
memcpy_P                                          /usr/local/lib/gcc/avr/4.5.3/../../../../avr/lib/avr35/libc.a(memcpy_P.o)
                                                  ../../../Public/LUFA100807/LUFA/Drivers/USB/Class/Device/RNDIS.o
memset                                            /usr/local/lib/gcc/avr/4.5.3/../../../../avr/lib/avr35/libc.a(memset.o)
                                                  ../../../Public/LUFA100807/LUFA/Drivers/USB/Class/Device/HID.o
